Archive member included to satisfy reference by file (symbol)

c:/program files (x86)/gnu tools arm embedded/6 2017-q2-update/bin/../lib/gcc/arm-none-eabi/6.3.1/../../../../arm-none-eabi/lib/thumb/v7e-m/fpv4-sp/hard\libc_nano.a(lib_a-exit.o)
                              c:/program files (x86)/gnu tools arm embedded/6 2017-q2-update/bin/../lib/gcc/arm-none-eabi/6.3.1/../../../../arm-none-eabi/lib/thumb/v7e-m/fpv4-sp/hard/crt0.o (exit)
c:/program files (x86)/gnu tools arm embedded/6 2017-q2-update/bin/../lib/gcc/arm-none-eabi/6.3.1/../../../../arm-none-eabi/lib/thumb/v7e-m/fpv4-sp/hard\libc_nano.a(lib_a-impure.o)
                              c:/program files (x86)/gnu tools arm embedded/6 2017-q2-update/bin/../lib/gcc/arm-none-eabi/6.3.1/../../../../arm-none-eabi/lib/thumb/v7e-m/fpv4-sp/hard\libc_nano.a(lib_a-exit.o) (_global_impure_ptr)
c:/program files (x86)/gnu tools arm embedded/6 2017-q2-update/bin/../lib/gcc/arm-none-eabi/6.3.1/../../../../arm-none-eabi/lib/thumb/v7e-m/fpv4-sp/hard\libc_nano.a(lib_a-init.o)
                              c:/program files (x86)/gnu tools arm embedded/6 2017-q2-update/bin/../lib/gcc/arm-none-eabi/6.3.1/../../../../arm-none-eabi/lib/thumb/v7e-m/fpv4-sp/hard/crt0.o (__libc_init_array)
c:/program files (x86)/gnu tools arm embedded/6 2017-q2-update/bin/../lib/gcc/arm-none-eabi/6.3.1/../../../../arm-none-eabi/lib/thumb/v7e-m/fpv4-sp/hard\libc_nano.a(lib_a-memcpy-stub.o)
                              _build/nrf52832_xxaa/nrf_memobj.c.o (memcpy)
c:/program files (x86)/gnu tools arm embedded/6 2017-q2-update/bin/../lib/gcc/arm-none-eabi/6.3.1/../../../../arm-none-eabi/lib/thumb/v7e-m/fpv4-sp/hard\libc_nano.a(lib_a-memset.o)
                              c:/program files (x86)/gnu tools arm embedded/6 2017-q2-update/bin/../lib/gcc/arm-none-eabi/6.3.1/../../../../arm-none-eabi/lib/thumb/v7e-m/fpv4-sp/hard/crt0.o (memset)
c:/program files (x86)/gnu tools arm embedded/6 2017-q2-update/bin/../lib/gcc/arm-none-eabi/6.3.1/../../../../arm-none-eabi/lib/thumb/v7e-m/fpv4-sp/hard\libc_nano.a(lib_a-strlen.o)
                              _build/nrf52832_xxaa/nrf_fprintf_format.c.o (strlen)
c:/program files (x86)/gnu tools arm embedded/6 2017-q2-update/bin/../lib/gcc/arm-none-eabi/6.3.1/../../../../arm-none-eabi/lib/thumb/v7e-m/fpv4-sp/hard\libnosys.a(_exit.o)
                              c:/program files (x86)/gnu tools arm embedded/6 2017-q2-update/bin/../lib/gcc/arm-none-eabi/6.3.1/../../../../arm-none-eabi/lib/thumb/v7e-m/fpv4-sp/hard\libc_nano.a(lib_a-exit.o) (_exit)

Discarded input sections

 .text          0x00000000        0x0 c:/program files (x86)/gnu tools arm embedded/6 2017-q2-update/bin/../lib/gcc/arm-none-eabi/6.3.1/thumb/v7e-m/fpv4-sp/hard/crti.o
 .data          0x00000000        0x0 c:/program files (x86)/gnu tools arm embedded/6 2017-q2-update/bin/../lib/gcc/arm-none-eabi/6.3.1/thumb/v7e-m/fpv4-sp/hard/crti.o
 .bss           0x00000000        0x0 c:/program files (x86)/gnu tools arm embedded/6 2017-q2-update/bin/../lib/gcc/arm-none-eabi/6.3.1/thumb/v7e-m/fpv4-sp/hard/crti.o
 .data          0x00000000        0x4 c:/program files (x86)/gnu tools arm embedded/6 2017-q2-update/bin/../lib/gcc/arm-none-eabi/6.3.1/thumb/v7e-m/fpv4-sp/hard/crtbegin.o
 .data          0x00000000        0x0 c:/program files (x86)/gnu tools arm embedded/6 2017-q2-update/bin/../lib/gcc/arm-none-eabi/6.3.1/../../../../arm-none-eabi/lib/thumb/v7e-m/fpv4-sp/hard/crt0.o
 .bss           0x00000000        0x0 c:/program files (x86)/gnu tools arm embedded/6 2017-q2-update/bin/../lib/gcc/arm-none-eabi/6.3.1/../../../../arm-none-eabi/lib/thumb/v7e-m/fpv4-sp/hard/crt0.o
 .ARM.extab     0x00000000        0x0 c:/program files (x86)/gnu tools arm embedded/6 2017-q2-update/bin/../lib/gcc/arm-none-eabi/6.3.1/../../../../arm-none-eabi/lib/thumb/v7e-m/fpv4-sp/hard/crt0.o
 .data          0x00000000        0x0 _build/nrf52832_xxaa/gcc_startup_nrf52.S.o
 .bss           0x00000000        0x0 _build/nrf52832_xxaa/gcc_startup_nrf52.S.o
 .group         0x00000000        0x8 _build/nrf52832_xxaa/main.c.o
 .group         0x00000000        0x8 _build/nrf52832_xxaa/main.c.o
 .group         0x00000000        0x8 _build/nrf52832_xxaa/main.c.o
 .group         0x00000000        0x8 _build/nrf52832_xxaa/main.c.o
 .group         0x00000000        0x8 _build/nrf52832_xxaa/main.c.o
 .group         0x00000000        0x8 _build/nrf52832_xxaa/main.c.o
 .group         0x00000000        0x8 _build/nrf52832_xxaa/main.c.o
 .group         0x00000000        0x8 _build/nrf52832_xxaa/main.c.o
 .group         0x00000000        0x8 _build/nrf52832_xxaa/main.c.o
 .group         0x00000000        0x8 _build/nrf52832_xxaa/main.c.o
 .group         0x00000000        0x8 _build/nrf52832_xxaa/main.c.o
 .group         0x00000000        0x8 _build/nrf52832_xxaa/main.c.o
 .group         0x00000000        0x8 _build/nrf52832_xxaa/main.c.o
 .group         0x00000000        0x8 _build/nrf52832_xxaa/main.c.o
[...]
Memory Configuration

Name             Origin             Length             Attributes
FLASH            0x00000000         0x00080000         xr
RAM              0x20000000         0x00010000         xrw
*default*        0x00000000         0xffffffff

Linker script and memory map


.text           0x00000000      0x7e0
 *(.isr_vector)
 .isr_vector    0x00000000      0x200 _build/nrf52832_xxaa/gcc_startup_nrf52.S.o
                0x00000000                __isr_vector
 *(.text*)
 .text          0x00000200       0x6c c:/program files (x86)/gnu tools arm embedded/6 2017-q2-update/bin/../lib/gcc/arm-none-eabi/6.3.1/thumb/v7e-m/fpv4-sp/hard/crtbegin.o
 .text          0x0000026c       0x74 c:/program files (x86)/gnu tools arm embedded/6 2017-q2-update/bin/../lib/gcc/arm-none-eabi/6.3.1/../../../../arm-none-eabi/lib/thumb/v7e-m/fpv4-sp/hard/crt0.o
                0x0000026c                _start
                0x0000026c                _mainCRTStartup
 .text          0x000002e0       0x3c _build/nrf52832_xxaa/gcc_startup_nrf52.S.o
                0x000002e0                Reset_Handler
                0x00000308                NMI_Handler
                0x0000030a                HardFault_Handler
                0x0000030c                MemoryManagement_Handler
                0x0000030e                BusFault_Handler
                0x00000310                UsageFault_Handler
                0x00000312                SVC_Handler
                0x00000314                DebugMon_Handler
                0x00000316                PendSV_Handler
                0x00000318                SysTick_Handler
                0x0000031a                SWI0_EGU0_IRQHandler
                0x0000031a                POWER_CLOCK_IRQHandler
                0x0000031a                RADIO_IRQHandler
                0x0000031a                PDM_IRQHandler
                0x0000031a                TEMP_IRQHandler
                0x0000031a                QDEC_IRQHandler
                0x0000031a                TIMER3_IRQHandler
                0x0000031a                FPU_IRQHandler
                0x0000031a                SPIM0_SPIS0_TWIM0_TWIS0_SPI0_TWI0_IRQHandler
                0x0000031a                GPIOTE_IRQHandler
                0x0000031a                PWM1_IRQHandler
                0x0000031a                TIMER4_IRQHandler
                0x0000031a                RTC0_IRQHandler
                0x0000031a                SWI4_EGU4_IRQHandler
                0x0000031a                TIMER0_IRQHandler
                0x0000031a                SWI2_EGU2_IRQHandler
                0x0000031a                TIMER1_IRQHandler
                0x0000031a                PWM2_IRQHandler
                0x0000031a                ECB_IRQHandler
                0x0000031a                SPIM1_SPIS1_TWIM1_TWIS1_SPI1_TWI1_IRQHandler
                0x0000031a                Default_Handler
                0x0000031a                SAADC_IRQHandler
                0x0000031a                CCM_AAR_IRQHandler
                0x0000031a                WDT_IRQHandler
                0x0000031a                UARTE0_UART0_IRQHandler
                0x0000031a                SWI5_EGU5_IRQHandler
                0x0000031a                RNG_IRQHandler
                0x0000031a                RTC2_IRQHandler
                0x0000031a                PWM0_IRQHandler
                0x0000031a                SWI3_EGU3_IRQHandler
                0x0000031a                RTC1_IRQHandler
                0x0000031a                SWI1_EGU1_IRQHandler
                0x0000031a                SPIM2_SPIS2_SPI2_IRQHandler
                0x0000031a                NFCT_IRQHandler
                0x0000031a                I2S_IRQHandler
                0x0000031a                MWU_IRQHandler
                0x0000031a                TIMER2_IRQHandler
                0x0000031a                COMP_LPCOMP_IRQHandler
 .text.startup.main
                0x0000031c       0x44 _build/nrf52832_xxaa/main.c.o
                0x0000031c                main
 .text.SystemInit
                0x00000360      0x3cc _build/nrf52832_xxaa/system_nrf52.c.o
                0x00000360                SystemInit
 .text.exit     0x0000072c       0x28 c:/program files (x86)/gnu tools arm embedded/6 2017-q2-update/bin/../lib/gcc/arm-none-eabi/6.3.1/../../../../arm-none-eabi/lib/thumb/v7e-m/fpv4-sp/hard\libc_nano.a(lib_a-exit.o)
                0x0000072c                exit
 .text.__libc_init_array
                0x00000754       0x48 c:/program files (x86)/gnu tools arm embedded/6 2017-q2-update/bin/../lib/gcc/arm-none-eabi/6.3.1/../../../../arm-none-eabi/lib/thumb/v7e-m/fpv4-sp/hard\libc_nano.a(lib_a-init.o)
                0x00000754                __libc_init_array
 .text.memset   0x0000079c       0x10 c:/program files (x86)/gnu tools arm embedded/6 2017-q2-update/bin/../lib/gcc/arm-none-eabi/6.3.1/../../../../arm-none-eabi/lib/thumb/v7e-m/fpv4-sp/hard\libc_nano.a(lib_a-memset.o)
                0x0000079c                memset
 .text._exit    0x000007ac        0x4 c:/program files (x86)/gnu tools arm embedded/6 2017-q2-update/bin/../lib/gcc/arm-none-eabi/6.3.1/../../../../arm-none-eabi/lib/thumb/v7e-m/fpv4-sp/hard\libnosys.a(_exit.o)
                0x000007ac                _exit
 *(.init)
 .init          0x000007b0        0x4 c:/program files (x86)/gnu tools arm embedded/6 2017-q2-update/bin/../lib/gcc/arm-none-eabi/6.3.1/thumb/v7e-m/fpv4-sp/hard/crti.o
                0x000007b0                _init
 .init          0x000007b4        0x8 c:/program files (x86)/gnu tools arm embedded/6 2017-q2-update/bin/../lib/gcc/arm-none-eabi/6.3.1/thumb/v7e-m/fpv4-sp/hard/crtn.o
 *(.fini)
 .fini          0x000007bc        0x4 c:/program files (x86)/gnu tools arm embedded/6 2017-q2-update/bin/../lib/gcc/arm-none-eabi/6.3.1/thumb/v7e-m/fpv4-sp/hard/crti.o
                0x000007bc                _fini
 .fini          0x000007c0        0x8 c:/program files (x86)/gnu tools arm embedded/6 2017-q2-update/bin/../lib/gcc/arm-none-eabi/6.3.1/thumb/v7e-m/fpv4-sp/hard/crtn.o
 *crtbegin.o(.ctors)
 *crtbegin?.o(.ctors)
 *(EXCLUDE_FILE(*crtend.o *crtend?.o) .ctors)
 *(SORT(.ctors.*))
 *(.ctors)
 *crtbegin.o(.dtors)
 *crtbegin?.o(.dtors)
 *(EXCLUDE_FILE(*crtend.o *crtend?.o) .dtors)
 *(SORT(.dtors.*))
 *(.dtors)
 *(.rodata*)
 *fill*         0x000007c8        0x8 
 .rodata.delay_bytecode.7761
                0x000007d0        0x6 _build/nrf52832_xxaa/main.c.o
 *fill*         0x000007d6        0x2 
 .rodata._global_impure_ptr
                0x000007d8        0x4 c:/program files (x86)/gnu tools arm embedded/6 2017-q2-update/bin/../lib/gcc/arm-none-eabi/6.3.1/../../../../arm-none-eabi/lib/thumb/v7e-m/fpv4-sp/hard\libc_nano.a(lib_a-impure.o)
                0x000007d8                _global_impure_ptr
 *(.eh_frame*)
 .eh_frame      0x000007dc        0x0 c:/program files (x86)/gnu tools arm embedded/6 2017-q2-update/bin/../lib/gcc/arm-none-eabi/6.3.1/thumb/v7e-m/fpv4-sp/hard/crtbegin.o
 .eh_frame      0x000007dc        0x4 c:/program files (x86)/gnu tools arm embedded/6 2017-q2-update/bin/../lib/gcc/arm-none-eabi/6.3.1/thumb/v7e-m/fpv4-sp/hard/crtend.o

.glue_7         0x000007e0        0x0
 .glue_7        0x000007e0        0x0 linker stubs

.glue_7t        0x000007e0        0x0
 .glue_7t       0x000007e0        0x0 linker stubs

.vfp11_veneer   0x000007e0        0x0
 .vfp11_veneer  0x000007e0        0x0 linker stubs

.v4_bx          0x000007e0        0x0
 .v4_bx         0x000007e0        0x0 linker stubs

.iplt           0x000007e0        0x0
 .iplt          0x000007e0        0x0 c:/program files (x86)/gnu tools arm embedded/6 2017-q2-update/bin/../lib/gcc/arm-none-eabi/6.3.1/thumb/v7e-m/fpv4-sp/hard/crtbegin.o

.mem_section_dummy_rom

.log_const_data
                0x000007e0        0x0
                [!provide]                PROVIDE (__start_log_const_data, .)
 *(SORT(.log_const_data*))
                [!provide]                PROVIDE (__stop_log_const_data, .)

.log_backends   0x000007e0        0x0
                [!provide]                PROVIDE (__start_log_backends, .)
 *(SORT(.log_backends*))
                [!provide]                PROVIDE (__stop_log_backends, .)

.nrf_balloc     0x000007e0        0x0
                [!provide]                PROVIDE (__start_nrf_balloc, .)
 *(.nrf_balloc)
                [!provide]                PROVIDE (__stop_nrf_balloc, .)

.ARM.extab
 *(.ARM.extab* .gnu.linkonce.armextab.*)
                0x000007e0                __exidx_start = .

.ARM.exidx      0x000007e0        0x8
 *(.ARM.exidx* .gnu.linkonce.armexidx.*)
 .ARM.exidx     0x000007e0        0x8 c:/program files (x86)/gnu tools arm embedded/6 2017-q2-update/bin/../lib/gcc/arm-none-eabi/6.3.1/../../../../arm-none-eabi/lib/thumb/v7e-m/fpv4-sp/hard/crt0.o
                0x000007e8                __exidx_end = .
                0x000007e8                __etext = .

.rel.dyn        0x000007e8        0x0
 .rel.iplt      0x000007e8        0x0 c:/program files (x86)/gnu tools arm embedded/6 2017-q2-update/bin/../lib/gcc/arm-none-eabi/6.3.1/thumb/v7e-m/fpv4-sp/hard/crtbegin.o

.data           0x20000000       0x70 load address 0x000007e8
                0x20000000                __data_start__ = .
 *(vtable)
 *(.data*)
 .data.SystemCoreClock
                0x20000000        0x4 _build/nrf52832_xxaa/system_nrf52.c.o
                0x20000000                SystemCoreClock
 .data.impure_data
                0x20000004       0x60 c:/program files (x86)/gnu tools arm embedded/6 2017-q2-update/bin/../lib/gcc/arm-none-eabi/6.3.1/../../../../arm-none-eabi/lib/thumb/v7e-m/fpv4-sp/hard\libc_nano.a(lib_a-impure.o)
                0x20000064                . = ALIGN (0x4)
                0x20000064                PROVIDE (__preinit_array_start, .)
 *(.preinit_array)
                0x20000064                PROVIDE (__preinit_array_end, .)
                0x20000064                . = ALIGN (0x4)
                0x20000064                PROVIDE (__init_array_start, .)
 *(SORT(.init_array.*))
 *(.init_array)
 .init_array    0x20000064        0x4 c:/program files (x86)/gnu tools arm embedded/6 2017-q2-update/bin/../lib/gcc/arm-none-eabi/6.3.1/thumb/v7e-m/fpv4-sp/hard/crtbegin.o
                0x20000068                PROVIDE (__init_array_end, .)
                0x20000068                . = ALIGN (0x4)
                [!provide]                PROVIDE (__fini_array_start, .)
 *(SORT(.fini_array.*))
 *(.fini_array)
 .fini_array    0x20000068        0x4 c:/program files (x86)/gnu tools arm embedded/6 2017-q2-update/bin/../lib/gcc/arm-none-eabi/6.3.1/thumb/v7e-m/fpv4-sp/hard/crtbegin.o
                [!provide]                PROVIDE (__fini_array_end, .)
 *(.jcr*)
 .jcr           0x2000006c        0x0 c:/program files (x86)/gnu tools arm embedded/6 2017-q2-update/bin/../lib/gcc/arm-none-eabi/6.3.1/thumb/v7e-m/fpv4-sp/hard/crtbegin.o
 .jcr           0x2000006c        0x4 c:/program files (x86)/gnu tools arm embedded/6 2017-q2-update/bin/../lib/gcc/arm-none-eabi/6.3.1/thumb/v7e-m/fpv4-sp/hard/crtend.o
                0x20000070                . = ALIGN (0x4)
                0x20000070                __data_end__ = .
LOAD c:/program files (x86)/gnu tools arm embedded/6 2017-q2-update/bin/../lib/gcc/arm-none-eabi/6.3.1/thumb/v7e-m/fpv4-sp/hard/crti.o
LOAD c:/program files (x86)/gnu tools arm embedded/6 2017-q2-update/bin/../lib/gcc/arm-none-eabi/6.3.1/thumb/v7e-m/fpv4-sp/hard/crtbegin.o
LOAD c:/program files (x86)/gnu tools arm embedded/6 2017-q2-update/bin/../lib/gcc/arm-none-eabi/6.3.1/../../../../arm-none-eabi/lib/thumb/v7e-m/fpv4-sp/hard/crt0.o
LOAD _build/nrf52832_xxaa/gcc_startup_nrf52.S.o
LOAD _build/nrf52832_xxaa/main.c.o
LOAD _build/nrf52832_xxaa/nrf_log_frontend.c.o
LOAD _build/nrf52832_xxaa/nrf_log_str_formatter.c.o
LOAD _build/nrf52832_xxaa/boards.c.o
LOAD _build/nrf52832_xxaa/app_error.c.o
LOAD _build/nrf52832_xxaa/app_error_handler_gcc.c.o
LOAD _build/nrf52832_xxaa/app_error_weak.c.o
LOAD _build/nrf52832_xxaa/app_util_platform.c.o
LOAD _build/nrf52832_xxaa/nrf_assert.c.o
LOAD _build/nrf52832_xxaa/nrf_atomic.c.o
LOAD _build/nrf52832_xxaa/nrf_balloc.c.o
LOAD _build/nrf52832_xxaa/nrf_fprintf.c.o
LOAD _build/nrf52832_xxaa/nrf_fprintf_format.c.o
LOAD _build/nrf52832_xxaa/nrf_memobj.c.o
LOAD _build/nrf52832_xxaa/nrf_ringbuf.c.o
LOAD _build/nrf52832_xxaa/nrf_strerror.c.o
LOAD _build/nrf52832_xxaa/system_nrf52.c.o
LOAD c:/program files (x86)/gnu tools arm embedded/6 2017-q2-update/bin/../lib/gcc/arm-none-eabi/6.3.1/../../../../arm-none-eabi/lib/thumb/v7e-m/fpv4-sp/hard\libc_nano.a
LOAD c:/program files (x86)/gnu tools arm embedded/6 2017-q2-update/bin/../lib/gcc/arm-none-eabi/6.3.1/../../../../arm-none-eabi/lib/thumb/v7e-m/fpv4-sp/hard\libnosys.a
LOAD c:/program files (x86)/gnu tools arm embedded/6 2017-q2-update/bin/../lib/gcc/arm-none-eabi/6.3.1/../../../../arm-none-eabi/lib/thumb/v7e-m/fpv4-sp/hard\libm.a
START GROUP
LOAD c:/program files (x86)/gnu tools arm embedded/6 2017-q2-update/bin/../lib/gcc/arm-none-eabi/6.3.1/thumb/v7e-m/fpv4-sp/hard\libgcc.a
LOAD c:/program files (x86)/gnu tools arm embedded/6 2017-q2-update/bin/../lib/gcc/arm-none-eabi/6.3.1/../../../../arm-none-eabi/lib/thumb/v7e-m/fpv4-sp/hard\libg_nano.a
LOAD c:/program files (x86)/gnu tools arm embedded/6 2017-q2-update/bin/../lib/gcc/arm-none-eabi/6.3.1/../../../../arm-none-eabi/lib/thumb/v7e-m/fpv4-sp/hard\libc_nano.a
END GROUP
START GROUP
LOAD c:/program files (x86)/gnu tools arm embedded/6 2017-q2-update/bin/../lib/gcc/arm-none-eabi/6.3.1/thumb/v7e-m/fpv4-sp/hard\libgcc.a
LOAD c:/program files (x86)/gnu tools arm embedded/6 2017-q2-update/bin/../lib/gcc/arm-none-eabi/6.3.1/../../../../arm-none-eabi/lib/thumb/v7e-m/fpv4-sp/hard\libc_nano.a
END GROUP
LOAD c:/program files (x86)/gnu tools arm embedded/6 2017-q2-update/bin/../lib/gcc/arm-none-eabi/6.3.1/thumb/v7e-m/fpv4-sp/hard/crtend.o
LOAD c:/program files (x86)/gnu tools arm embedded/6 2017-q2-update/bin/../lib/gcc/arm-none-eabi/6.3.1/thumb/v7e-m/fpv4-sp/hard/crtn.o
START GROUP
LOAD c:/program files (x86)/gnu tools arm embedded/6 2017-q2-update/bin/../lib/gcc/arm-none-eabi/6.3.1/thumb/v7e-m/fpv4-sp/hard\libgcc.a
LOAD c:/program files (x86)/gnu tools arm embedded/6 2017-q2-update/bin/../lib/gcc/arm-none-eabi/6.3.1/../../../../arm-none-eabi/lib/thumb/v7e-m/fpv4-sp/hard\libc.a
LOAD c:/program files (x86)/gnu tools arm embedded/6 2017-q2-update/bin/../lib/gcc/arm-none-eabi/6.3.1/../../../../arm-none-eabi/lib/thumb/v7e-m/fpv4-sp/hard\libnosys.a
END GROUP

.igot.plt       0x20000070        0x0 load address 0x00000858
 .igot.plt      0x20000070        0x0 c:/program files (x86)/gnu tools arm embedded/6 2017-q2-update/bin/../lib/gcc/arm-none-eabi/6.3.1/thumb/v7e-m/fpv4-sp/hard/crtbegin.o
                0x20000070                . = ALIGN (0x4)

.mem_section_dummy_ram

.log_dynamic_data
                0x20000070        0x0
                [!provide]                PROVIDE (__start_log_dynamic_data, .)
 *(SORT(.log_dynamic_data*))
                [!provide]                PROVIDE (__stop_log_dynamic_data, .)

.log_filter_data
                0x20000070        0x0
                [!provide]                PROVIDE (__start_log_filter_data, .)
 *(SORT(.log_filter_data*))
                [!provide]                PROVIDE (__stop_log_filter_data, .)

.bss            0x20000070       0x1c load address 0x00000858
                0x20000070                . = ALIGN (0x4)
                0x20000070                __bss_start__ = .
 *(.bss*)
 .bss           0x20000070       0x1c c:/program files (x86)/gnu tools arm embedded/6 2017-q2-update/bin/../lib/gcc/arm-none-eabi/6.3.1/thumb/v7e-m/fpv4-sp/hard/crtbegin.o
 *(COMMON)
                0x2000008c                . = ALIGN (0x4)
                0x2000008c                __bss_end__ = .

.heap           0x20000090     0x2000
                0x20000090                __HeapBase = .
                0x20000090                __end__ = .
                [!provide]                PROVIDE (end, .)
 *(.heap*)
 .heap          0x20000090     0x2000 _build/nrf52832_xxaa/gcc_startup_nrf52.S.o
                0x20002090                __HeapLimit = .

.stack_dummy    0x20000090     0x2000
 *(.stack*)
 .stack         0x20000090     0x2000 _build/nrf52832_xxaa/gcc_startup_nrf52.S.o
                0x20010000                __StackTop = (ORIGIN (RAM) + LENGTH (RAM))
                0x2000e000                __StackLimit = (__StackTop - SIZEOF (.stack_dummy))
                0x20010000                PROVIDE (__stack, __StackTop)
                0x00000001                ASSERT ((__StackLimit >= __HeapLimit), region RAM overflowed with stack)
                0x00000070                DataInitFlashUsed = (__bss_start__ - __data_start__)
                0x000007e8                CodeFlashUsed = (__etext - ORIGIN (FLASH))
                0x00000858                TotalFlashUsed = (CodeFlashUsed + DataInitFlashUsed)
                0x00000001                ASSERT ((TotalFlashUsed <= LENGTH (FLASH)), region FLASH overflowed with .data and user data)
OUTPUT(_build/nrf52832_xxaa.out elf32-littlearm)

.ARM.attributes
                0x00000000       0x30
 .ARM.attributes
                0x00000000       0x22 c:/program files (x86)/gnu tools arm embedded/6 2017-q2-update/bin/../lib/gcc/arm-none-eabi/6.3.1/thumb/v7e-m/fpv4-sp/hard/crti.o
 .ARM.attributes
                0x00000022       0x34 c:/program files (x86)/gnu tools arm embedded/6 2017-q2-update/bin/../lib/gcc/arm-none-eabi/6.3.1/thumb/v7e-m/fpv4-sp/hard/crtbegin.o
 .ARM.attributes
                0x00000056       0x20 c:/program files (x86)/gnu tools arm embedded/6 2017-q2-update/bin/../lib/gcc/arm-none-eabi/6.3.1/../../../../arm-none-eabi/lib/thumb/v7e-m/fpv4-sp/hard/crt0.o
 .ARM.attributes
                0x00000076       0x20 _build/nrf52832_xxaa/gcc_startup_nrf52.S.o
 .ARM.attributes
                0x00000096       0x39 _build/nrf52832_xxaa/main.c.o
 .ARM.attributes
                0x000000cf       0x39 _build/nrf52832_xxaa/system_nrf52.c.o
 .ARM.attributes
                0x00000108       0x34 c:/program files (x86)/gnu tools arm embedded/6 2017-q2-update/bin/../lib/gcc/arm-none-eabi/6.3.1/../../../../arm-none-eabi/lib/thumb/v7e-m/fpv4-sp/hard\libc_nano.a(lib_a-exit.o)
 .ARM.attributes
                0x0000013c       0x34 c:/program files (x86)/gnu tools arm embedded/6 2017-q2-update/bin/../lib/gcc/arm-none-eabi/6.3.1/../../../../arm-none-eabi/lib/thumb/v7e-m/fpv4-sp/hard\libc_nano.a(lib_a-impure.o)
 .ARM.attributes
                0x00000170       0x34 c:/program files (x86)/gnu tools arm embedded/6 2017-q2-update/bin/../lib/gcc/arm-none-eabi/6.3.1/../../../../arm-none-eabi/lib/thumb/v7e-m/fpv4-sp/hard\libc_nano.a(lib_a-init.o)
 .ARM.attributes
                0x000001a4       0x34 c:/program files (x86)/gnu tools arm embedded/6 2017-q2-update/bin/../lib/gcc/arm-none-eabi/6.3.1/../../../../arm-none-eabi/lib/thumb/v7e-m/fpv4-sp/hard\libc_nano.a(lib_a-memset.o)
 .ARM.attributes
                0x000001d8       0x34 c:/program files (x86)/gnu tools arm embedded/6 2017-q2-update/bin/../lib/gcc/arm-none-eabi/6.3.1/../../../../arm-none-eabi/lib/thumb/v7e-m/fpv4-sp/hard\libnosys.a(_exit.o)
 .ARM.attributes
                0x0000020c       0x34 c:/program files (x86)/gnu tools arm embedded/6 2017-q2-update/bin/../lib/gcc/arm-none-eabi/6.3.1/thumb/v7e-m/fpv4-sp/hard/crtend.o
 .ARM.attributes
                0x00000240       0x22 c:/program files (x86)/gnu tools arm embedded/6 2017-q2-update/bin/../lib/gcc/arm-none-eabi/6.3.1/thumb/v7e-m/fpv4-sp/hard/crtn.o

.comment        0x00000000       0x7f
 .comment       0x00000000       0x7f _build/nrf52832_xxaa/main.c.o
                                 0x80 (size before relaxing)
 .comment       0x0000007f       0x80 _build/nrf52832_xxaa/system_nrf52.c.o

.debug_line     0x00000000      0xc72
 .debug_line    0x00000000       0x86 _build/nrf52832_xxaa/gcc_startup_nrf52.S.o
 .debug_line    0x00000086      0x757 _build/nrf52832_xxaa/main.c.o
 .debug_line    0x000007dd      0x495 _build/nrf52832_xxaa/system_nrf52.c.o

.debug_info     0x00000000     0x20fa
 .debug_info    0x00000000       0xbf _build/nrf52832_xxaa/gcc_startup_nrf52.S.o
 .debug_info    0x000000bf      0xefb _build/nrf52832_xxaa/main.c.o
 .debug_info    0x00000fba     0x1140 _build/nrf52832_xxaa/system_nrf52.c.o

.debug_abbrev   0x00000000      0x51a
 .debug_abbrev  0x00000000       0x14 _build/nrf52832_xxaa/gcc_startup_nrf52.S.o
 .debug_abbrev  0x00000014      0x324 _build/nrf52832_xxaa/main.c.o
 .debug_abbrev  0x00000338      0x1e2 _build/nrf52832_xxaa/system_nrf52.c.o

.debug_aranges  0x00000000       0x68
 .debug_aranges
                0x00000000       0x20 _build/nrf52832_xxaa/gcc_startup_nrf52.S.o
 .debug_aranges
                0x00000020       0x20 _build/nrf52832_xxaa/main.c.o
 .debug_aranges
                0x00000040       0x28 _build/nrf52832_xxaa/system_nrf52.c.o

.debug_loc      0x00000000      0x15e
 .debug_loc     0x00000000      0x15e _build/nrf52832_xxaa/main.c.o

.debug_ranges   0x00000000      0x1a8
 .debug_ranges  0x00000000       0x48 _build/nrf52832_xxaa/main.c.o
 .debug_ranges  0x00000048      0x160 _build/nrf52832_xxaa/system_nrf52.c.o

.debug_macro    0x00000000    0x1274c
 .debug_macro   0x00000000      0x31f _build/nrf52832_xxaa/main.c.o
 .debug_macro   0x0000031f      0x8d4 _build/nrf52832_xxaa/main.c.o
 .debug_macro   0x00000bf3       0x22 _build/nrf52832_xxaa/main.c.o
 .debug_macro   0x00000c15       0x22 _build/nrf52832_xxaa/main.c.o
 .debug_macro   0x00000c37       0x4f _build/nrf52832_xxaa/main.c.o
 .debug_macro   0x00000c86       0x51 _build/nrf52832_xxaa/main.c.o
 .debug_macro   0x00000cd7       0xef _build/nrf52832_xxaa/main.c.o
 .debug_macro   0x00000dc6       0x6a _build/nrf52832_xxaa/main.c.o
 .debug_macro   0x00000e30      0x1df _build/nrf52832_xxaa/main.c.o
 .debug_macro   0x0000100f      0x657 _build/nrf52832_xxaa/main.c.o
 .debug_macro   0x00001666      0x16d _build/nrf52832_xxaa/main.c.o
 .debug_macro   0x000017d3       0x22 _build/nrf52832_xxaa/main.c.o
 .debug_macro   0x000017f5       0x2d _build/nrf52832_xxaa/main.c.o
 .debug_macro   0x00001822       0x3b _build/nrf52832_xxaa/main.c.o
 .debug_macro   0x0000185d       0x50 _build/nrf52832_xxaa/main.c.o
 .debug_macro   0x000018ad      0xe66 _build/nrf52832_xxaa/main.c.o
 .debug_macro   0x00002713      0x392 _build/nrf52832_xxaa/main.c.o
 .debug_macro   0x00002aa5     0xccbe _build/nrf52832_xxaa/main.c.o
 .debug_macro   0x0000f763     0x1313 _build/nrf52832_xxaa/main.c.o
 .debug_macro   0x00010a76       0x82 _build/nrf52832_xxaa/main.c.o
 .debug_macro   0x00010af8       0x22 _build/nrf52832_xxaa/main.c.o
 .debug_macro   0x00010b1a      0x3a3 _build/nrf52832_xxaa/main.c.o
 .debug_macro   0x00010ebd       0x3d _build/nrf52832_xxaa/main.c.o
 .debug_macro   0x00010efa       0x1f _build/nrf52832_xxaa/main.c.o
 .debug_macro   0x00010f19      0x125 _build/nrf52832_xxaa/main.c.o
 .debug_macro   0x0001103e       0x16 _build/nrf52832_xxaa/main.c.o
 .debug_macro   0x00011054      0x16d _build/nrf52832_xxaa/main.c.o
 .debug_macro   0x000111c1      0x7ae _build/nrf52832_xxaa/main.c.o
 .debug_macro   0x0001196f       0x3f _build/nrf52832_xxaa/main.c.o
 .debug_macro   0x000119ae       0x58 _build/nrf52832_xxaa/main.c.o
 .debug_macro   0x00011a06       0x35 _build/nrf52832_xxaa/main.c.o
 .debug_macro   0x00011a3b       0x9c _build/nrf52832_xxaa/main.c.o
 .debug_macro   0x00011ad7       0x16 _build/nrf52832_xxaa/main.c.o
 .debug_macro   0x00011aed       0x35 _build/nrf52832_xxaa/main.c.o
 .debug_macro   0x00011b22      0x353 _build/nrf52832_xxaa/main.c.o
 .debug_macro   0x00011e75       0x10 _build/nrf52832_xxaa/main.c.o
 .debug_macro   0x00011e85       0x58 _build/nrf52832_xxaa/main.c.o
 .debug_macro   0x00011edd       0x1f _build/nrf52832_xxaa/main.c.o
 .debug_macro   0x00011efc       0x43 _build/nrf52832_xxaa/main.c.o
 .debug_macro   0x00011f3f       0x20 _build/nrf52832_xxaa/main.c.o
 .debug_macro   0x00011f5f      0x187 _build/nrf52832_xxaa/main.c.o
 .debug_macro   0x000120e6       0x10 _build/nrf52832_xxaa/main.c.o
 .debug_macro   0x000120f6       0xb6 _build/nrf52832_xxaa/main.c.o
 .debug_macro   0x000121ac       0x16 _build/nrf52832_xxaa/main.c.o
 .debug_macro   0x000121c2      0x145 _build/nrf52832_xxaa/main.c.o
 .debug_macro   0x00012307       0x8e _build/nrf52832_xxaa/main.c.o
 .debug_macro   0x00012395       0xa7 _build/nrf52832_xxaa/main.c.o
 .debug_macro   0x0001243c       0x49 _build/nrf52832_xxaa/main.c.o
 .debug_macro   0x00012485       0x8c _build/nrf52832_xxaa/main.c.o
 .debug_macro   0x00012511       0x19 _build/nrf52832_xxaa/main.c.o
 .debug_macro   0x0001252a       0x16 _build/nrf52832_xxaa/main.c.o
 .debug_macro   0x00012540       0x7b _build/nrf52832_xxaa/main.c.o
 .debug_macro   0x000125bb       0x64 _build/nrf52832_xxaa/main.c.o
 .debug_macro   0x0001261f       0x20 _build/nrf52832_xxaa/main.c.o
 .debug_macro   0x0001263f       0x1c _build/nrf52832_xxaa/main.c.o
 .debug_macro   0x0001265b       0xf1 _build/nrf52832_xxaa/system_nrf52.c.o

.debug_str      0x00000000    0x6b536
 .debug_str     0x00000000    0x6afc2 _build/nrf52832_xxaa/main.c.o
                              0x6bd35 (size before relaxing)
 .debug_str     0x0006afc2      0x574 _build/nrf52832_xxaa/system_nrf52.c.o
                              0x5bd26 (size before relaxing)

.debug_frame    0x00000000      0x104
 .debug_frame   0x00000000       0x28 _build/nrf52832_xxaa/main.c.o
 .debug_frame   0x00000028       0x48 _build/nrf52832_xxaa/system_nrf52.c.o
 .debug_frame   0x00000070       0x28 c:/program files (x86)/gnu tools arm embedded/6 2017-q2-update/bin/../lib/gcc/arm-none-eabi/6.3.1/../../../../arm-none-eabi/lib/thumb/v7e-m/fpv4-sp/hard\libc_nano.a(lib_a-exit.o)
 .debug_frame   0x00000098       0x2c c:/program files (x86)/gnu tools arm embedded/6 2017-q2-update/bin/../lib/gcc/arm-none-eabi/6.3.1/../../../../arm-none-eabi/lib/thumb/v7e-m/fpv4-sp/hard\libc_nano.a(lib_a-init.o)
 .debug_frame   0x000000c4       0x20 c:/program files (x86)/gnu tools arm embedded/6 2017-q2-update/bin/../lib/gcc/arm-none-eabi/6.3.1/../../../../arm-none-eabi/lib/thumb/v7e-m/fpv4-sp/hard\libc_nano.a(lib_a-memset.o)
 .debug_frame   0x000000e4       0x20 c:/program files (x86)/gnu tools arm embedded/6 2017-q2-update/bin/../lib/gcc/arm-none-eabi/6.3.1/../../../../arm-none-eabi/lib/thumb/v7e-m/fpv4-sp/hard\libnosys.a(_exit.o)
