Archive member included to satisfy reference by file (symbol)

c:/program files (x86)/gnu tools arm embedded/6 2017-q2-update/bin/../lib/gcc/arm-none-eabi/6.3.1/../../../../arm-none-eabi/lib/thumb/v7e-m/fpv4-sp/hard\libc_nano.a(lib_a-exit.o)
                              c:/program files (x86)/gnu tools arm embedded/6 2017-q2-update/bin/../lib/gcc/arm-none-eabi/6.3.1/../../../../arm-none-eabi/lib/thumb/v7e-m/fpv4-sp/hard/crt0.o (exit)
c:/program files (x86)/gnu tools arm embedded/6 2017-q2-update/bin/../lib/gcc/arm-none-eabi/6.3.1/../../../../arm-none-eabi/lib/thumb/v7e-m/fpv4-sp/hard\libc_nano.a(lib_a-impure.o)
                              c:/program files (x86)/gnu tools arm embedded/6 2017-q2-update/bin/../lib/gcc/arm-none-eabi/6.3.1/../../../../arm-none-eabi/lib/thumb/v7e-m/fpv4-sp/hard\libc_nano.a(lib_a-exit.o) (_global_impure_ptr)
c:/program files (x86)/gnu tools arm embedded/6 2017-q2-update/bin/../lib/gcc/arm-none-eabi/6.3.1/../../../../arm-none-eabi/lib/thumb/v7e-m/fpv4-sp/hard\libc_nano.a(lib_a-init.o)
                              c:/program files (x86)/gnu tools arm embedded/6 2017-q2-update/bin/../lib/gcc/arm-none-eabi/6.3.1/../../../../arm-none-eabi/lib/thumb/v7e-m/fpv4-sp/hard/crt0.o (__libc_init_array)
c:/program files (x86)/gnu tools arm embedded/6 2017-q2-update/bin/../lib/gcc/arm-none-eabi/6.3.1/../../../../arm-none-eabi/lib/thumb/v7e-m/fpv4-sp/hard\libc_nano.a(lib_a-locale.o)
                              _build/nrf52832_xxaa/nrf_log_str_formatter.c.o (__locale_ctype_ptr)
c:/program files (x86)/gnu tools arm embedded/6 2017-q2-update/bin/../lib/gcc/arm-none-eabi/6.3.1/../../../../arm-none-eabi/lib/thumb/v7e-m/fpv4-sp/hard\libc_nano.a(lib_a-mbtowc_r.o)
                              c:/program files (x86)/gnu tools arm embedded/6 2017-q2-update/bin/../lib/gcc/arm-none-eabi/6.3.1/../../../../arm-none-eabi/lib/thumb/v7e-m/fpv4-sp/hard\libc_nano.a(lib_a-locale.o) (__ascii_mbtowc)
c:/program files (x86)/gnu tools arm embedded/6 2017-q2-update/bin/../lib/gcc/arm-none-eabi/6.3.1/../../../../arm-none-eabi/lib/thumb/v7e-m/fpv4-sp/hard\libc_nano.a(lib_a-memcmp.o)
                              _build/nrf52832_xxaa/ble_advdata.c.o (memcmp)
c:/program files (x86)/gnu tools arm embedded/6 2017-q2-update/bin/../lib/gcc/arm-none-eabi/6.3.1/../../../../arm-none-eabi/lib/thumb/v7e-m/fpv4-sp/hard\libc_nano.a(lib_a-memcpy-stub.o)
                              _build/nrf52832_xxaa/nrf_log_frontend.c.o (memcpy)
c:/program files (x86)/gnu tools arm embedded/6 2017-q2-update/bin/../lib/gcc/arm-none-eabi/6.3.1/../../../../arm-none-eabi/lib/thumb/v7e-m/fpv4-sp/hard\libc_nano.a(lib_a-memset.o)
                              c:/program files (x86)/gnu tools arm embedded/6 2017-q2-update/bin/../lib/gcc/arm-none-eabi/6.3.1/../../../../arm-none-eabi/lib/thumb/v7e-m/fpv4-sp/hard/crt0.o (memset)
c:/program files (x86)/gnu tools arm embedded/6 2017-q2-update/bin/../lib/gcc/arm-none-eabi/6.3.1/../../../../arm-none-eabi/lib/thumb/v7e-m/fpv4-sp/hard\libc_nano.a(lib_a-strcmp.o)
                              _build/nrf52832_xxaa/nrf_ble_scan.c.o (strcmp)
c:/program files (x86)/gnu tools arm embedded/6 2017-q2-update/bin/../lib/gcc/arm-none-eabi/6.3.1/../../../../arm-none-eabi/lib/thumb/v7e-m/fpv4-sp/hard\libc_nano.a(lib_a-strcpy.o)
                              _build/nrf52832_xxaa/SEGGER_RTT.c.o (strcpy)
c:/program files (x86)/gnu tools arm embedded/6 2017-q2-update/bin/../lib/gcc/arm-none-eabi/6.3.1/../../../../arm-none-eabi/lib/thumb/v7e-m/fpv4-sp/hard\libc_nano.a(lib_a-strlen.o)
                              _build/nrf52832_xxaa/nrf_log_frontend.c.o (strlen)
c:/program files (x86)/gnu tools arm embedded/6 2017-q2-update/bin/../lib/gcc/arm-none-eabi/6.3.1/../../../../arm-none-eabi/lib/thumb/v7e-m/fpv4-sp/hard\libc_nano.a(lib_a-wctomb_r.o)
                              c:/program files (x86)/gnu tools arm embedded/6 2017-q2-update/bin/../lib/gcc/arm-none-eabi/6.3.1/../../../../arm-none-eabi/lib/thumb/v7e-m/fpv4-sp/hard\libc_nano.a(lib_a-locale.o) (__ascii_wctomb)
c:/program files (x86)/gnu tools arm embedded/6 2017-q2-update/bin/../lib/gcc/arm-none-eabi/6.3.1/../../../../arm-none-eabi/lib/thumb/v7e-m/fpv4-sp/hard\libc_nano.a(lib_a-ctype_.o)
                              c:/program files (x86)/gnu tools arm embedded/6 2017-q2-update/bin/../lib/gcc/arm-none-eabi/6.3.1/../../../../arm-none-eabi/lib/thumb/v7e-m/fpv4-sp/hard\libc_nano.a(lib_a-locale.o) (_ctype_)
c:/program files (x86)/gnu tools arm embedded/6 2017-q2-update/bin/../lib/gcc/arm-none-eabi/6.3.1/../../../../arm-none-eabi/lib/thumb/v7e-m/fpv4-sp/hard\libnosys.a(_exit.o)
                              c:/program files (x86)/gnu tools arm embedded/6 2017-q2-update/bin/../lib/gcc/arm-none-eabi/6.3.1/../../../../arm-none-eabi/lib/thumb/v7e-m/fpv4-sp/hard\libc_nano.a(lib_a-exit.o) (_exit)
c:/program files (x86)/gnu tools arm embedded/6 2017-q2-update/bin/../lib/gcc/arm-none-eabi/6.3.1/thumb/v7e-m/fpv4-sp/hard\libgcc.a(_aeabi_uldivmod.o)
[...]
Memory Configuration

Name             Origin             Length             Attributes
FLASH            0x00026000         0x0005a000         xr
RAM              0x20001d70         0x0000e290         xrw
*default*        0x00000000         0xffffffff

Linker script and memory map


.text           0x00026000     0x7178
 *(.isr_vector)
 .isr_vector    0x00026000      0x200 _build/nrf52832_xxaa/gcc_startup_nrf52.S.o
                0x00026000                __isr_vector
 *(.text*)
 .text          0x00026200       0x6c c:/program files (x86)/gnu tools arm embedded/6 2017-q2-update/bin/../lib/gcc/arm-none-eabi/6.3.1/thumb/v7e-m/fpv4-sp/hard/crtbegin.o
 .text          0x0002626c       0x74 c:/program files (x86)/gnu tools arm embedded/6 2017-q2-update/bin/../lib/gcc/arm-none-eabi/6.3.1/../../../../arm-none-eabi/lib/thumb/v7e-m/fpv4-sp/hard/crt0.o
                0x0002626c                _start
                0x0002626c                _mainCRTStartup
 .text          0x000262e0       0x3c _build/nrf52832_xxaa/gcc_startup_nrf52.S.o
                0x000262e0                Reset_Handler
                0x00026308                NMI_Handler
                0x0002630a                HardFault_Handler
                0x0002630c                MemoryManagement_Handler
                0x0002630e                BusFault_Handler
                0x00026310                UsageFault_Handler
                0x00026312                SVC_Handler
                0x00026314                DebugMon_Handler
                0x00026316                PendSV_Handler
                0x00026318                SysTick_Handler
                0x0002631a                TEMP_IRQHandler
                0x0002631a                QDEC_IRQHandler
                0x0002631a                TIMER3_IRQHandler
                0x0002631a                FPU_IRQHandler
                0x0002631a                SPIM0_SPIS0_TWIM0_TWIS0_SPI0_TWI0_IRQHandler
                0x0002631a                PDM_IRQHandler
                0x0002631a                TIMER4_IRQHandler
                0x0002631a                I2S_IRQHandler
                0x0002631a                SWI4_EGU4_IRQHandler
                0x0002631a                TIMER0_IRQHandler
                0x0002631a                RADIO_IRQHandler
                0x0002631a                RTC0_IRQHandler
                0x0002631a                PWM2_IRQHandler
                0x0002631a                ECB_IRQHandler
                0x0002631a                SPIM1_SPIS1_TWIM1_TWIS1_SPI1_TWI1_IRQHandler
                0x0002631a                Default_Handler
                0x0002631a                SAADC_IRQHandler
                0x0002631a                CCM_AAR_IRQHandler
                0x0002631a                WDT_IRQHandler
                0x0002631a                PWM1_IRQHandler
                0x0002631a                SWI5_EGU5_IRQHandler
                0x0002631a                RNG_IRQHandler
                0x0002631a                RTC2_IRQHandler
                0x0002631a                PWM0_IRQHandler
                0x0002631a                SWI3_EGU3_IRQHandler
                0x0002631a                SWI1_EGU1_IRQHandler
                0x0002631a                SPIM2_SPIS2_SPI2_IRQHandler
                0x0002631a                NFCT_IRQHandler
                0x0002631a                TIMER1_IRQHandler
                0x0002631a                MWU_IRQHandler
                0x0002631a                TIMER2_IRQHandler
                0x0002631a                COMP_LPCOMP_IRQHandler
 .text.nrf_log_backend_serial_put
                0x0002631c       0xcc _build/nrf52832_xxaa/nrf_log_backend_serial.c.o
                0x0002631c                nrf_log_backend_serial_put
 .text.uart_evt_handler
                0x000263e8        0xc _build/nrf52832_xxaa/nrf_log_backend_uart.c.o
 .text.nrf_log_backend_uart_flush
                0x000263f4        0x4 _build/nrf52832_xxaa/nrf_log_backend_uart.c.o
 .text.nrf_log_backend_uart_put
                0x000263f8       0x20 _build/nrf52832_xxaa/nrf_log_backend_uart.c.o
 .text.serial_tx
                0x00026418       0x4c _build/nrf52832_xxaa/nrf_log_backend_uart.c.o
 .text.nrf_log_backend_uart_panic_set
                0x00026464       0x60 _build/nrf52832_xxaa/nrf_log_backend_uart.c.o
 .text.nrf_log_backend_uart_init
                0x000264c4       0x48 _build/nrf52832_xxaa/nrf_log_backend_uart.c.o
                0x000264c4                nrf_log_backend_uart_init
 .text.nrf_log_default_backends_init
                0x0002650c       0x20 _build/nrf52832_xxaa/nrf_log_default_backends.c.o
                0x0002650c                nrf_log_default_backends_init
 .text.log_skip
                0x0002652c       0xd8 _build/nrf52832_xxaa/nrf_log_frontend.c.o
 .text.nrf_log_init
                0x00026604       0x3c _build/nrf52832_xxaa/nrf_log_frontend.c.o
                0x00026604                nrf_log_init
 .text.nrf_log_module_name_get
                0x00026640       0x54 _build/nrf52832_xxaa/nrf_log_frontend.c.o
                0x00026640                nrf_log_module_name_get
 .text.nrf_log_color_id_get
                0x00026694       0x2c _build/nrf52832_xxaa/nrf_log_frontend.c.o
                0x00026694                nrf_log_color_id_get
 .text.nrf_log_frontend_dequeue
                0x000266c0      0x270 _build/nrf52832_xxaa/nrf_log_frontend.c.o
                0x000266c0                nrf_log_frontend_dequeue
 .text.nrf_log_frontend_std_0
                0x00026930       0xf4 _build/nrf52832_xxaa/nrf_log_frontend.c.o
                0x00026930                nrf_log_frontend_std_0
 .text.nrf_log_frontend_std_1
                0x00026a24       0xf4 _build/nrf52832_xxaa/nrf_log_frontend.c.o
                0x00026a24                nrf_log_frontend_std_1
 .text.nrf_log_frontend_std_2
                0x00026b18      0x108 _build/nrf52832_xxaa/nrf_log_frontend.c.o
                0x00026b18                nrf_log_frontend_std_2
 .text.nrf_log_backend_add
                0x00026c20       0x64 _build/nrf52832_xxaa/nrf_log_frontend.c.o
                0x00026c20                nrf_log_backend_add
 .text.nrf_log_panic
                0x00026c84       0x2c _build/nrf52832_xxaa/nrf_log_frontend.c.o
                0x00026c84                nrf_log_panic
 .text.nrf_log_std_entry_process
                0x00026cb0      0x14c _build/nrf52832_xxaa/nrf_log_str_formatter.c.o
                0x00026cb0                nrf_log_std_entry_process
 .text.nrf_log_hexdump_entry_process
                0x00026dfc      0x15c _build/nrf52832_xxaa/nrf_log_str_formatter.c.o
                0x00026dfc                nrf_log_hexdump_entry_process
 .text.detection_delay_timeout_handler
                0x00026f58      0x120 _build/nrf52832_xxaa/app_button.c.o
 .text.gpiote_event_handler
                0x00027078       0x98 _build/nrf52832_xxaa/app_button.c.o
 .text.app_button_init
                0x00027110       0xb0 _build/nrf52832_xxaa/app_button.c.o
                0x00027110                app_button_init
 .text.app_button_enable
                0x000271c0       0x2c _build/nrf52832_xxaa/app_button.c.o
                0x000271c0                app_button_enable
 .text.app_error_handler_bare
                0x000271ec       0x20 _build/nrf52832_xxaa/app_error.c.o
                0x000271ec                app_error_handler_bare
 .text.app_error_fault_handler
                0x0002720c       0x70 _build/nrf52832_xxaa/app_error_weak.c.o
                0x0002720c                app_error_fault_handler
 .text.RTC1_IRQHandler
                0x0002727c       0xa0 _build/nrf52832_xxaa/app_timer.c.o
                0x0002727c                RTC1_IRQHandler
 .text.SWI0_EGU0_IRQHandler
                0x0002731c      0x3e0 _build/nrf52832_xxaa/app_timer.c.o
                0x0002731c                SWI0_EGU0_IRQHandler
 .text.app_timer_init
                0x000276fc       0xa8 _build/nrf52832_xxaa/app_timer.c.o
                0x000276fc                app_timer_init
 .text.app_timer_create
                0x000277a4       0x24 _build/nrf52832_xxaa/app_timer.c.o
                0x000277a4                app_timer_create
 .text.app_timer_start
                0x000277c8       0xac _build/nrf52832_xxaa/app_timer.c.o
                0x000277c8                app_timer_start
 .text.app_timer_stop
                0x00027874       0x78 _build/nrf52832_xxaa/app_timer.c.o
                0x00027874                app_timer_stop
 .text.app_util_critical_region_enter
                0x000278ec       0x4c _build/nrf52832_xxaa/app_util_platform.c.o
                0x000278ec                app_util_critical_region_enter
 .text.app_util_critical_region_exit
                0x00027938       0x30 _build/nrf52832_xxaa/app_util_platform.c.o
                0x00027938                app_util_critical_region_exit
 .text.nrf_atflags_set
                0x00027968       0x14 _build/nrf52832_xxaa/nrf_atflags.c.o
                0x00027968                nrf_atflags_set
 .text.nrf_atflags_clear
                0x0002797c       0x14 _build/nrf52832_xxaa/nrf_atflags.c.o
                0x0002797c                nrf_atflags_clear
 .text.nrf_atflags_get
                0x00027990       0x14 _build/nrf52832_xxaa/nrf_atflags.c.o
                0x00027990                nrf_atflags_get
 .text.nrf_atomic_u32_fetch_store
                0x000279a4       0x18 _build/nrf52832_xxaa/nrf_atomic.c.o
                0x000279a4                nrf_atomic_u32_fetch_store
 .text.nrf_atomic_u32_or
                0x000279bc       0x1c _build/nrf52832_xxaa/nrf_atomic.c.o
                0x000279bc                nrf_atomic_u32_or
 .text.nrf_atomic_u32_and
                0x000279d8       0x1c _build/nrf52832_xxaa/nrf_atomic.c.o
                0x000279d8                nrf_atomic_u32_and
 .text.nrf_atomic_u32_add
                0x000279f4       0x1c _build/nrf52832_xxaa/nrf_atomic.c.o
                0x000279f4                nrf_atomic_u32_add
 .text.nrf_atomic_u32_sub
                0x00027a10       0x1c _build/nrf52832_xxaa/nrf_atomic.c.o
                0x00027a10                nrf_atomic_u32_sub
 .text.nrf_atomic_flag_set
                0x00027a2c       0x1c _build/nrf52832_xxaa/nrf_atomic.c.o
                0x00027a2c                nrf_atomic_flag_set
 .text.nrf_atomic_flag_clear_fetch
                0x00027a48       0x1c _build/nrf52832_xxaa/nrf_atomic.c.o
                0x00027a48                nrf_atomic_flag_clear_fetch
 .text.nrf_balloc_init
                0x00027a64       0x38 _build/nrf52832_xxaa/nrf_balloc.c.o
                0x00027a64                nrf_balloc_init
 .text.nrf_balloc_alloc
                0x00027a9c       0x50 _build/nrf52832_xxaa/nrf_balloc.c.o
                0x00027a9c                nrf_balloc_alloc
 .text.nrf_balloc_free
                0x00027aec       0x38 _build/nrf52832_xxaa/nrf_balloc.c.o
                0x00027aec                nrf_balloc_free
 .text.nrf_fprintf_buffer_flush
                0x00027b24       0x18 _build/nrf52832_xxaa/nrf_fprintf.c.o
                0x00027b24                nrf_fprintf_buffer_flush
 .text.nrf_fprintf
                0x00027b3c       0x20 _build/nrf52832_xxaa/nrf_fprintf.c.o
                0x00027b3c                nrf_fprintf
 .text.unsigned_print
                0x00027b5c      0x120 _build/nrf52832_xxaa/nrf_fprintf_format.c.o
 .text.nrf_fprintf_fmt
                0x00027c7c      0x504 _build/nrf52832_xxaa/nrf_fprintf_format.c.o
                0x00027c7c                nrf_fprintf_fmt
 .text.nrf_memobj_pool_init
                0x00028180        0x4 _build/nrf52832_xxaa/nrf_memobj.c.o
                0x00028180                nrf_memobj_pool_init
 .text.nrf_memobj_alloc
                0x00028184       0x90 _build/nrf52832_xxaa/nrf_memobj.c.o
                0x00028184                nrf_memobj_alloc
 .text.nrf_memobj_get
                0x00028214        0x8 _build/nrf52832_xxaa/nrf_memobj.c.o
                0x00028214                nrf_memobj_get
 .text.nrf_memobj_put
                0x0002821c       0x44 _build/nrf52832_xxaa/nrf_memobj.c.o
                0x0002821c                nrf_memobj_put
 .text.nrf_memobj_write
                0x00028260       0x6c _build/nrf52832_xxaa/nrf_memobj.c.o
                0x00028260                nrf_memobj_write
 .text.nrf_memobj_read
                0x000282cc       0x6c _build/nrf52832_xxaa/nrf_memobj.c.o
                0x000282cc                nrf_memobj_read
 .text.sd_app_evt_wait
                0x00028338        0x4 _build/nrf52832_xxaa/nrf_pwr_mgmt.c.o
 .text.nrf_pwr_mgmt_init
                0x0002833c       0x2c _build/nrf52832_xxaa/nrf_pwr_mgmt.c.o
                0x0002833c                nrf_pwr_mgmt_init
 .text.nrf_pwr_mgmt_run
                0x00028368       0x50 _build/nrf52832_xxaa/nrf_pwr_mgmt.c.o
                0x00028368                nrf_pwr_mgmt_run
 .text.nrf_ringbuf_init
                0x000283b8       0x1c _build/nrf52832_xxaa/nrf_ringbuf.c.o
                0x000283b8                nrf_ringbuf_init
 .text.nrf_section_iter_init
                0x000283d4       0x14 _build/nrf52832_xxaa/nrf_section_iter.c.o
                0x000283d4                nrf_section_iter_init
 .text.nrf_section_iter_next
                0x000283e8       0x18 _build/nrf52832_xxaa/nrf_section_iter.c.o
                0x000283e8                nrf_section_iter_next
 .text.nrf_strerror_get
                0x00028400       0x6c _build/nrf52832_xxaa/nrf_strerror.c.o
                0x00028400                nrf_strerror_get
 .text.SystemInit
                0x0002846c      0x3cc _build/nrf52832_xxaa/system_nrf52.c.o
                0x0002846c                SystemInit
 .text.bsp_board_led_on
                0x00028838       0x18 _build/nrf52832_xxaa/boards.c.o
                0x00028838                bsp_board_led_on
 .text.bsp_board_led_off
                0x00028850       0x18 _build/nrf52832_xxaa/boards.c.o
                0x00028850                bsp_board_led_off
 .text.bsp_board_init
                0x00028868       0x5c _build/nrf52832_xxaa/boards.c.o
                0x00028868                bsp_board_init
 .text.clock_irq_handler
                0x000288c4       0x40 _build/nrf52832_xxaa/nrf_drv_clock.c.o
 .text.soc_evt_handler
                0x00028904       0x24 _build/nrf52832_xxaa/nrf_drv_clock.c.o
 .text.sd_state_evt_handler
                0x00028928       0xa0 _build/nrf52832_xxaa/nrf_drv_clock.c.o
 .text.uarte_evt_handler
                0x000289c8       0x34 _build/nrf52832_xxaa/nrf_drv_uart.c.o
 .text.uart_evt_handler
                0x000289fc       0x34 _build/nrf52832_xxaa/nrf_drv_uart.c.o
 .text.nrf_drv_uart_init
                0x00028a30       0x80 _build/nrf52832_xxaa/nrf_drv_uart.c.o
                0x00028a30                nrf_drv_uart_init
 .text.nrfx_clock_init
                0x00028ab0       0x1c _build/nrf52832_xxaa/nrfx_clock.c.o
                0x00028ab0                nrfx_clock_init
 .text.nrfx_clock_enable
                0x00028acc       0x28 _build/nrf52832_xxaa/nrfx_clock.c.o
                0x00028acc                nrfx_clock_enable
 .text.nrfx_clock_lfclk_stop
                0x00028af4       0x18 _build/nrf52832_xxaa/nrfx_clock.c.o
                0x00028af4                nrfx_clock_lfclk_stop
 .text.POWER_CLOCK_IRQHandler
                0x00028b0c       0x60 _build/nrf52832_xxaa/nrfx_clock.c.o
                0x00028b0c                POWER_CLOCK_IRQHandler
 .text.nrfx_gpiote_init
                0x00028b6c       0x9c _build/nrf52832_xxaa/nrfx_gpiote.c.o
                0x00028b6c                nrfx_gpiote_init
 .text.nrfx_gpiote_is_init
                0x00028c08       0x14 _build/nrf52832_xxaa/nrfx_gpiote.c.o
                0x00028c08                nrfx_gpiote_is_init
 .text.nrfx_gpiote_in_init
                0x00028c1c      0x1a4 _build/nrf52832_xxaa/nrfx_gpiote.c.o
                0x00028c1c                nrfx_gpiote_in_init
 .text.nrfx_gpiote_in_event_enable
                0x00028dc0       0xc4 _build/nrf52832_xxaa/nrfx_gpiote.c.o
                0x00028dc0                nrfx_gpiote_in_event_enable
 .text.nrfx_gpiote_in_is_set
                0x00028e84       0x14 _build/nrf52832_xxaa/nrfx_gpiote.c.o
                0x00028e84                nrfx_gpiote_in_is_set
 .text.GPIOTE_IRQHandler
                0x00028e98      0x528 _build/nrf52832_xxaa/nrfx_gpiote.c.o
                0x00028e98                GPIOTE_IRQHandler
 .text.UARTE0_UART0_IRQHandler
                0x000293c0        0xc _build/nrf52832_xxaa/nrfx_prs.c.o
                0x000293c0                UARTE0_UART0_IRQHandler
 .text.nrfx_prs_acquire
                0x000293cc       0x4c _build/nrf52832_xxaa/nrfx_prs.c.o
                0x000293cc                nrfx_prs_acquire
 .text.nrfx_prs_release
                0x00029418       0x18 _build/nrf52832_xxaa/nrfx_prs.c.o
                0x00029418                nrfx_prs_release
 .text.nrfx_uart_0_irq_handler
                0x00029430      0x1c4 _build/nrf52832_xxaa/nrfx_uart.c.o
                0x00029430                nrfx_uart_0_irq_handler
 .text.nrfx_uart_init
                0x000295f4      0x198 _build/nrf52832_xxaa/nrfx_uart.c.o
                0x000295f4                nrfx_uart_init
 .text.nrfx_uart_uninit
                0x0002978c       0xcc _build/nrf52832_xxaa/nrfx_uart.c.o
                0x0002978c                nrfx_uart_uninit
 .text.nrfx_uart_tx
                0x00029858       0xc8 _build/nrf52832_xxaa/nrfx_uart.c.o
                0x00029858                nrfx_uart_tx
 .text.nrfx_uarte_0_irq_handler
                0x00029920      0x134 _build/nrf52832_xxaa/nrfx_uarte.c.o
                0x00029920                nrfx_uarte_0_irq_handler
 .text.nrfx_uarte_init
                0x00029a54      0x1d8 _build/nrf52832_xxaa/nrfx_uarte.c.o
                0x00029a54                nrfx_uarte_init
 .text.nrfx_uarte_uninit
                0x00029c2c       0xd0 _build/nrf52832_xxaa/nrfx_uarte.c.o
                0x00029c2c                nrfx_uarte_uninit
 .text.nrfx_uarte_tx
                0x00029cfc       0x9c _build/nrf52832_xxaa/nrfx_uarte.c.o
                0x00029cfc                nrfx_uarte_tx
 .text.bsp_event_to_button_action_assign
                0x00029d98       0x50 _build/nrf52832_xxaa/bsp.c.o
                0x00029d98                bsp_event_to_button_action_assign
 .text.ble_evt_handler
                0x00029de8       0xb0 _build/nrf52832_xxaa/bsp_btn_ble.c.o
 .text.sd_ble_gap_conn_param_update
                0x00029e98        0x4 _build/nrf52832_xxaa/main.c.o
 .text.sd_ble_gap_disconnect
                0x00029e9c        0x4 _build/nrf52832_xxaa/main.c.o
 .text.sd_ble_gap_phy_update
                0x00029ea0        0x4 _build/nrf52832_xxaa/main.c.o
 .text.db_disc_handler
                0x00029ea4        0xc _build/nrf52832_xxaa/main.c.o
 .text.scan_evt_handler
                0x00029eb0       0x10 _build/nrf52832_xxaa/main.c.o
 .text.button_event_handler
                0x00029ec0       0x54 _build/nrf52832_xxaa/main.c.o
 .text.lbs_c_evt_handler
                0x00029f14       0x90 _build/nrf52832_xxaa/main.c.o
 .text.ble_evt_handler
                0x00029fa4       0xf4 _build/nrf52832_xxaa/main.c.o
 .text.startup.main
                0x0002a098      0x14c _build/nrf52832_xxaa/main.c.o
                0x0002a098                main
 .text.ble_advdata_name_find
                0x0002a1e4       0x78 _build/nrf52832_xxaa/ble_advdata.c.o
                0x0002a1e4                ble_advdata_name_find
 .text.ble_evt_handler
                0x0002a25c      0x134 _build/nrf52832_xxaa/ble_conn_state.c.o
 .text.sd_ble_gattc_primary_services_discover
                0x0002a390        0x4 _build/nrf52832_xxaa/ble_db_discovery.c.o
 .text.sd_ble_gattc_characteristics_discover
                0x0002a394        0x4 _build/nrf52832_xxaa/ble_db_discovery.c.o
 .text.sd_ble_gattc_descriptors_discover
                0x0002a398        0x4 _build/nrf52832_xxaa/ble_db_discovery.c.o
 .text.discovery_error_evt_trigger
                0x0002a39c       0xd8 _build/nrf52832_xxaa/ble_db_discovery.c.o
 .text.descriptors_discover
                0x0002a474       0xbc _build/nrf52832_xxaa/ble_db_discovery.c.o
 .text.ble_db_discovery_init
                0x0002a530       0x34 _build/nrf52832_xxaa/ble_db_discovery.c.o
                0x0002a530                ble_db_discovery_init
 .text.ble_db_discovery_evt_register
                0x0002a564       0xc8 _build/nrf52832_xxaa/ble_db_discovery.c.o
                0x0002a564                ble_db_discovery_evt_register
 .text.ble_db_discovery_start
                0x0002a62c       0x88 _build/nrf52832_xxaa/ble_db_discovery.c.o
                0x0002a62c                ble_db_discovery_start
 .text.ble_db_discovery_on_ble_evt
                0x0002a6b4      0xdf8 _build/nrf52832_xxaa/ble_db_discovery.c.o
                0x0002a6b4                ble_db_discovery_on_ble_evt
 .text.sd_ble_gap_data_length_update
                0x0002b4ac        0x4 _build/nrf52832_xxaa/nrf_ble_gatt.c.o
 .text.sd_ble_gattc_exchange_mtu_request
                0x0002b4b0        0x4 _build/nrf52832_xxaa/nrf_ble_gatt.c.o
 .text.sd_ble_gatts_exchange_mtu_reply
                0x0002b4b4        0x4 _build/nrf52832_xxaa/nrf_ble_gatt.c.o
 .text.nrf_ble_gatt_init
                0x0002b4b8       0x2c _build/nrf52832_xxaa/nrf_ble_gatt.c.o
                0x0002b4b8                nrf_ble_gatt_init
 .text.nrf_ble_gatt_on_ble_evt
                0x0002b4e4      0x268 _build/nrf52832_xxaa/nrf_ble_gatt.c.o
                0x0002b4e4                nrf_ble_gatt_on_ble_evt
 .text.sd_ble_gap_scan_start
                0x0002b74c        0x4 _build/nrf52832_xxaa/nrf_ble_scan.c.o
 .text.sd_ble_gap_scan_stop
                0x0002b750        0x4 _build/nrf52832_xxaa/nrf_ble_scan.c.o
 .text.sd_ble_gap_connect
                0x0002b754        0x4 _build/nrf52832_xxaa/nrf_ble_scan.c.o
 .text.nrf_ble_scan_filter_set
                0x0002b758       0x60 _build/nrf52832_xxaa/nrf_ble_scan.c.o
                0x0002b758                nrf_ble_scan_filter_set
 .text.nrf_ble_scan_filters_enable
                0x0002b7b8       0x28 _build/nrf52832_xxaa/nrf_ble_scan.c.o
                0x0002b7b8                nrf_ble_scan_filters_enable
 .text.nrf_ble_scan_init
                0x0002b7e0       0xcc _build/nrf52832_xxaa/nrf_ble_scan.c.o
                0x0002b7e0                nrf_ble_scan_init
 .text.nrf_ble_scan_start
                0x0002b8ac       0x74 _build/nrf52832_xxaa/nrf_ble_scan.c.o
                0x0002b8ac                nrf_ble_scan_start
 .text.nrf_ble_scan_on_ble_evt
                0x0002b920      0x20c _build/nrf52832_xxaa/nrf_ble_scan.c.o
                0x0002b920                nrf_ble_scan_on_ble_evt
 .text.sd_ble_gattc_read
                0x0002bb2c        0x4 _build/nrf52832_xxaa/ble_lbs_c.c.o
 .text.sd_ble_gattc_write
                0x0002bb30        0x4 _build/nrf52832_xxaa/ble_lbs_c.c.o
 .text.sd_ble_uuid_vs_add
                0x0002bb34        0x4 _build/nrf52832_xxaa/ble_lbs_c.c.o
 .text.ble_lbs_on_db_disc_evt
                0x0002bb38       0xc4 _build/nrf52832_xxaa/ble_lbs_c.c.o
                0x0002bb38                ble_lbs_on_db_disc_evt
 .text.ble_lbs_c_init
                0x0002bbfc       0x58 _build/nrf52832_xxaa/ble_lbs_c.c.o
                0x0002bbfc                ble_lbs_c_init
 .text.ble_lbs_c_on_ble_evt
                0x0002bc54       0xb8 _build/nrf52832_xxaa/ble_lbs_c.c.o
                0x0002bc54                ble_lbs_c_on_ble_evt
 .text.ble_lbs_c_button_notif_enable
                0x0002bd0c       0x94 _build/nrf52832_xxaa/ble_lbs_c.c.o
                0x0002bd0c                ble_lbs_c_button_notif_enable
 .text.ble_lbs_led_status_send
                0x0002bda0       0xa0 _build/nrf52832_xxaa/ble_lbs_c.c.o
                0x0002bda0                ble_lbs_led_status_send
 .text.ble_lbs_c_handles_assign
                0x0002be40       0x18 _build/nrf52832_xxaa/ble_lbs_c.c.o
                0x0002be40                ble_lbs_c_handles_assign
 .text.sd_softdevice_enable
                0x0002be58        0x4 _build/nrf52832_xxaa/nrf_sdh.c.o
 .text.nrf_sdh_enable_request
                0x0002be5c      0x118 _build/nrf52832_xxaa/nrf_sdh.c.o
                0x0002be5c                nrf_sdh_enable_request
 .text.nrf_sdh_is_enabled
                0x0002bf74        0xc _build/nrf52832_xxaa/nrf_sdh.c.o
                0x0002bf74                nrf_sdh_is_enabled
 .text.SWI2_EGU2_IRQHandler
                0x0002bf80       0x2c _build/nrf52832_xxaa/nrf_sdh.c.o
                0x0002bf80                SWI2_EGU2_IRQHandler
 .text.sd_ble_enable
                0x0002bfac        0x4 _build/nrf52832_xxaa/nrf_sdh_ble.c.o
 .text.sd_ble_cfg_set
                0x0002bfb0        0x4 _build/nrf52832_xxaa/nrf_sdh_ble.c.o
 .text.sd_ble_evt_get
                0x0002bfb4        0x4 _build/nrf52832_xxaa/nrf_sdh_ble.c.o
 .text.nrf_sdh_ble_evts_poll
                0x0002bfb8       0x58 _build/nrf52832_xxaa/nrf_sdh_ble.c.o
 .text.nrf_sdh_ble_default_cfg_set
                0x0002c010      0x174 _build/nrf52832_xxaa/nrf_sdh_ble.c.o
                0x0002c010                nrf_sdh_ble_default_cfg_set
 .text.nrf_sdh_ble_enable
                0x0002c184       0x9c _build/nrf52832_xxaa/nrf_sdh_ble.c.o
                0x0002c184                nrf_sdh_ble_enable
 .text.sd_evt_get
                0x0002c220        0x4 _build/nrf52832_xxaa/nrf_sdh_soc.c.o
 .text.nrf_sdh_soc_evts_poll
                0x0002c224       0x4c _build/nrf52832_xxaa/nrf_sdh_soc.c.o
 .text.exit     0x0002c270       0x28 c:/program files (x86)/gnu tools arm embedded/6 2017-q2-update/bin/../lib/gcc/arm-none-eabi/6.3.1/../../../../arm-none-eabi/lib/thumb/v7e-m/fpv4-sp/hard\libc_nano.a(lib_a-exit.o)
                0x0002c270                exit
 .text.__libc_init_array
                0x0002c298       0x48 c:/program files (x86)/gnu tools arm embedded/6 2017-q2-update/bin/../lib/gcc/arm-none-eabi/6.3.1/../../../../arm-none-eabi/lib/thumb/v7e-m/fpv4-sp/hard\libc_nano.a(lib_a-init.o)
                0x0002c298                __libc_init_array
 .text.__locale_ctype_ptr
                0x0002c2e0       0x1c c:/program files (x86)/gnu tools arm embedded/6 2017-q2-update/bin/../lib/gcc/arm-none-eabi/6.3.1/../../../../arm-none-eabi/lib/thumb/v7e-m/fpv4-sp/hard\libc_nano.a(lib_a-locale.o)
                0x0002c2e0                __locale_ctype_ptr
 .text.__ascii_mbtowc
                0x0002c2fc       0x24 c:/program files (x86)/gnu tools arm embedded/6 2017-q2-update/bin/../lib/gcc/arm-none-eabi/6.3.1/../../../../arm-none-eabi/lib/thumb/v7e-m/fpv4-sp/hard\libc_nano.a(lib_a-mbtowc_r.o)
                0x0002c2fc                __ascii_mbtowc
 .text.memcmp   0x0002c320       0x1e c:/program files (x86)/gnu tools arm embedded/6 2017-q2-update/bin/../lib/gcc/arm-none-eabi/6.3.1/../../../../arm-none-eabi/lib/thumb/v7e-m/fpv4-sp/hard\libc_nano.a(lib_a-memcmp.o)
                0x0002c320                memcmp
 .text.memcpy   0x0002c33e       0x16 c:/program files (x86)/gnu tools arm embedded/6 2017-q2-update/bin/../lib/gcc/arm-none-eabi/6.3.1/../../../../arm-none-eabi/lib/thumb/v7e-m/fpv4-sp/hard\libc_nano.a(lib_a-memcpy-stub.o)
                0x0002c33e                memcpy
 .text.memset   0x0002c354       0x10 c:/program files (x86)/gnu tools arm embedded/6 2017-q2-update/bin/../lib/gcc/arm-none-eabi/6.3.1/../../../../arm-none-eabi/lib/thumb/v7e-m/fpv4-sp/hard\libc_nano.a(lib_a-memset.o)
                0x0002c354                memset
 .text          0x0002c364       0x14 c:/program files (x86)/gnu tools arm embedded/6 2017-q2-update/bin/../lib/gcc/arm-none-eabi/6.3.1/../../../../arm-none-eabi/lib/thumb/v7e-m/fpv4-sp/hard\libc_nano.a(lib_a-strcmp.o)
                0x0002c364                strcmp
 .text          0x0002c378       0x10 c:/program files (x86)/gnu tools arm embedded/6 2017-q2-update/bin/../lib/gcc/arm-none-eabi/6.3.1/../../../../arm-none-eabi/lib/thumb/v7e-m/fpv4-sp/hard\libc_nano.a(lib_a-strlen.o)
                0x0002c378                strlen
 .text.__ascii_wctomb
                0x0002c388       0x1a c:/program files (x86)/gnu tools arm embedded/6 2017-q2-update/bin/../lib/gcc/arm-none-eabi/6.3.1/../../../../arm-none-eabi/lib/thumb/v7e-m/fpv4-sp/hard\libc_nano.a(lib_a-wctomb_r.o)
                0x0002c388                __ascii_wctomb
 *fill*         0x0002c3a2        0x2 
 .text._exit    0x0002c3a4        0x4 c:/program files (x86)/gnu tools arm embedded/6 2017-q2-update/bin/../lib/gcc/arm-none-eabi/6.3.1/../../../../arm-none-eabi/lib/thumb/v7e-m/fpv4-sp/hard\libnosys.a(_exit.o)
                0x0002c3a4                _exit
 *(.init)
 .init          0x0002c3a8        0x4 c:/program files (x86)/gnu tools arm embedded/6 2017-q2-update/bin/../lib/gcc/arm-none-eabi/6.3.1/thumb/v7e-m/fpv4-sp/hard/crti.o
                0x0002c3a8                _init
 .init          0x0002c3ac        0x8 c:/program files (x86)/gnu tools arm embedded/6 2017-q2-update/bin/../lib/gcc/arm-none-eabi/6.3.1/thumb/v7e-m/fpv4-sp/hard/crtn.o
 *(.fini)
 .fini          0x0002c3b4        0x4 c:/program files (x86)/gnu tools arm embedded/6 2017-q2-update/bin/../lib/gcc/arm-none-eabi/6.3.1/thumb/v7e-m/fpv4-sp/hard/crti.o
                0x0002c3b4                _fini
 .fini          0x0002c3b8        0x8 c:/program files (x86)/gnu tools arm embedded/6 2017-q2-update/bin/../lib/gcc/arm-none-eabi/6.3.1/thumb/v7e-m/fpv4-sp/hard/crtn.o
 *crtbegin.o(.ctors)
 *crtbegin?.o(.ctors)
 *(EXCLUDE_FILE(*crtend.o *crtend?.o) .ctors)
 *(SORT(.ctors.*))
 *(.ctors)
 *crtbegin.o(.dtors)
 *crtbegin?.o(.dtors)
 *(EXCLUDE_FILE(*crtend.o *crtend?.o) .dtors)
 *(SORT(.dtors.*))
 *(.dtors)
 *(.rodata*)
 .rodata        0x0002c3c0       0x20 _build/nrf52832_xxaa/nrf_log_backend_uart.c.o
 .rodata.nrf_log_backend_uart_api
                0x0002c3e0        0xc _build/nrf52832_xxaa/nrf_log_backend_uart.c.o
                0x0002c3e0                nrf_log_backend_uart_api
 .rodata.str1.4
                0x0002c3ec       0x11 _build/nrf52832_xxaa/nrf_log_default_backends.c.o
 *fill*         0x0002c3fd        0x3 
 .rodata.m_log_push_ringbuf
                0x0002c400        0xc _build/nrf52832_xxaa/nrf_log_frontend.c.o
 .rodata.nrf_log_frontend_dequeue.str1.4
                0x0002c40c       0x11 _build/nrf52832_xxaa/nrf_log_frontend.c.o
 *fill*         0x0002c41d        0x3 
 .rodata.str1.4
                0x0002c420        0x4 _build/nrf52832_xxaa/nrf_log_frontend.c.o
 .rodata.m_colors
                0x0002c424       0x24 _build/nrf52832_xxaa/nrf_log_str_formatter.c.o
 .rodata.nrf_log_hexdump_entry_process.str1.4
                0x0002c448       0x13 _build/nrf52832_xxaa/nrf_log_str_formatter.c.o
                                 0x16 (size before relaxing)
 *fill*         0x0002c45b        0x1 
 .rodata.nrf_log_std_entry_process.str1.4
                0x0002c45c       0x3b _build/nrf52832_xxaa/nrf_log_str_formatter.c.o
 *fill*         0x0002c497        0x1 
 .rodata.severity_names
                0x0002c498       0x14 _build/nrf52832_xxaa/nrf_log_str_formatter.c.o
 .rodata.str1.4
                0x0002c4ac       0x56 _build/nrf52832_xxaa/nrf_log_str_formatter.c.o
 *fill*         0x0002c502        0x2 
 .rodata.m_detection_delay_timer_id
                0x0002c504        0x4 _build/nrf52832_xxaa/app_button.c.o
 .rodata.app_error_fault_handler.str1.4
                0x0002c508       0x19 _build/nrf52832_xxaa/app_error_weak.c.o
 *fill*         0x0002c521        0xf 
 .rodata.delay_bytecode.8550
                0x0002c530        0x6 _build/nrf52832_xxaa/app_timer.c.o
 *fill*         0x0002c536        0x2 
 .rodata._aV2C.7261
                0x0002c538       0x10 _build/nrf52832_xxaa/nrf_fprintf_format.c.o
 .rodata.pwr_mgmt_data
                0x0002c548        0xc _build/nrf52832_xxaa/nrf_pwr_mgmt.c.o
 .rodata.str1.4
                0x0002c554        0x9 _build/nrf52832_xxaa/nrf_pwr_mgmt.c.o
 *fill*         0x0002c55d        0x3 
 .rodata.m_unknown_str
                0x0002c560       0x13 _build/nrf52832_xxaa/nrf_strerror.c.o
 *fill*         0x0002c573        0x1 
 .rodata.nrf_strerror_array
                0x0002c574      0x128 _build/nrf52832_xxaa/nrf_strerror.c.o
 .rodata.str1.4
                0x0002c69c      0x3e9 _build/nrf52832_xxaa/nrf_strerror.c.o
 *fill*         0x0002ca85        0x3 
 .rodata.m_board_led_list
                0x0002ca88        0x4 _build/nrf52832_xxaa/boards.c.o
 .rodata.str1.4
                0x0002ca8c        0x6 _build/nrf52832_xxaa/nrf_drv_clock.c.o
 *fill*         0x0002ca92        0x2 
 .rodata.str1.4
                0x0002ca94        0x6 _build/nrf52832_xxaa/nrfx_clock.c.o
 *fill*         0x0002ca9a        0x2 
 .rodata.str1.4
                0x0002ca9c        0x7 _build/nrf52832_xxaa/nrfx_gpiote.c.o
 *fill*         0x0002caa3        0x1 
 .rodata.str1.4
                0x0002caa4        0x4 _build/nrf52832_xxaa/nrfx_prs.c.o
 .rodata.str1.4
                0x0002caa8        0x5 _build/nrf52832_xxaa/nrfx_uart.c.o
 *fill*         0x0002caad        0x3 
 .rodata.str1.4
                0x0002cab0        0x6 _build/nrf52832_xxaa/nrfx_uarte.c.o
 *fill*         0x0002cab6        0x2 
 .rodata.ble_evt_handler.str1.4
                0x0002cab8       0x1a _build/nrf52832_xxaa/main.c.o
 *fill*         0x0002cad2        0x2 
 .rodata.button_event_handler.str1.4
                0x0002cad4       0x17 _build/nrf52832_xxaa/main.c.o
 *fill*         0x0002caeb        0x1 
 .rodata.lbs_c_evt_handler.str1.4
                0x0002caec       0x5a _build/nrf52832_xxaa/main.c.o
 *fill*         0x0002cb46        0x2 
 .rodata.m_target_periph_name
                0x0002cb48        0xe _build/nrf52832_xxaa/main.c.o
 *fill*         0x0002cb56        0x2 
 .rodata.main.str1.4
                0x0002cb58       0x20 _build/nrf52832_xxaa/main.c.o
 .rodata.ble_db_discovery_on_ble_evt.str1.4
                0x0002cb78       0xa2 _build/nrf52832_xxaa/ble_db_discovery.c.o
 *fill*         0x0002cc1a        0x2 
 .rodata.str1.4
                0x0002cc1c        0xc _build/nrf52832_xxaa/ble_db_discovery.c.o
 .rodata.nrf_ble_gatt_data_length_set.str1.4
                0x0002cc28       0xe2 _build/nrf52832_xxaa/nrf_ble_gatt.c.o
 *fill*         0x0002cd0a        0x2 
 .rodata.nrf_ble_gatt_on_ble_evt.str1.4
                0x0002cd0c       0x63 _build/nrf52832_xxaa/nrf_ble_gatt.c.o
 *fill*         0x0002cd6f        0x1 
 .rodata.str1.4
                0x0002cd70        0xd _build/nrf52832_xxaa/nrf_ble_gatt.c.o
 *fill*         0x0002cd7d        0x3 
 .rodata.nrf_ble_scan_start.str1.4
                0x0002cd80       0x24 _build/nrf52832_xxaa/nrf_ble_scan.c.o
 .rodata.str1.4
                0x0002cda4        0x9 _build/nrf52832_xxaa/nrf_ble_scan.c.o
 *fill*         0x0002cdad        0x3 
 .rodata        0x0002cdb0       0x10 _build/nrf52832_xxaa/ble_lbs_c.c.o
 .rodata.str1.4
                0x0002cdc0        0xa _build/nrf52832_xxaa/ble_lbs_c.c.o
 *fill*         0x0002cdca        0x2 
 .rodata        0x0002cdcc        0x4 _build/nrf52832_xxaa/nrf_sdh.c.o
 .rodata.sdh_req_observers
                0x0002cdd0        0xc _build/nrf52832_xxaa/nrf_sdh.c.o
 .rodata.sdh_stack_observers
                0x0002cddc        0xc _build/nrf52832_xxaa/nrf_sdh.c.o
 .rodata.sdh_state_observers
                0x0002cde8        0xc _build/nrf52832_xxaa/nrf_sdh.c.o
 .rodata.str1.4
                0x0002cdf4        0x8 _build/nrf52832_xxaa/nrf_sdh.c.o
 .rodata.nrf_sdh_ble_default_cfg_set.str1.4
                0x0002cdfc      0x187 _build/nrf52832_xxaa/nrf_sdh_ble.c.o
 *fill*         0x0002cf83        0x1 
 .rodata.nrf_sdh_ble_enable.str1.4
                0x0002cf84       0xad _build/nrf52832_xxaa/nrf_sdh_ble.c.o
 *fill*         0x0002d031        0x3 
 .rodata.sdh_ble_observers
                0x0002d034        0xc _build/nrf52832_xxaa/nrf_sdh_ble.c.o
 .rodata.str1.4
                0x0002d040        0xc _build/nrf52832_xxaa/nrf_sdh_ble.c.o
 .rodata.sdh_soc_observers
                0x0002d04c        0xc _build/nrf52832_xxaa/nrf_sdh_soc.c.o
 .rodata.str1.4
                0x0002d058        0xc _build/nrf52832_xxaa/nrf_sdh_soc.c.o
 .rodata._global_impure_ptr
                0x0002d064        0x4 c:/program files (x86)/gnu tools arm embedded/6 2017-q2-update/bin/../lib/gcc/arm-none-eabi/6.3.1/../../../../arm-none-eabi/lib/thumb/v7e-m/fpv4-sp/hard\libc_nano.a(lib_a-impure.o)
                0x0002d064                _global_impure_ptr
 .rodata._setlocale_r.str1.1
                0x0002d068        0x8 c:/program files (x86)/gnu tools arm embedded/6 2017-q2-update/bin/../lib/gcc/arm-none-eabi/6.3.1/../../../../arm-none-eabi/lib/thumb/v7e-m/fpv4-sp/hard\libc_nano.a(lib_a-locale.o)
                                  0x9 (size before relaxing)
 .rodata.str1.1
                0x0002d070        0x2 c:/program files (x86)/gnu tools arm embedded/6 2017-q2-update/bin/../lib/gcc/arm-none-eabi/6.3.1/../../../../arm-none-eabi/lib/thumb/v7e-m/fpv4-sp/hard\libc_nano.a(lib_a-locale.o)
 .rodata._ctype_
                0x0002d072      0x101 c:/program files (x86)/gnu tools arm embedded/6 2017-q2-update/bin/../lib/gcc/arm-none-eabi/6.3.1/../../../../arm-none-eabi/lib/thumb/v7e-m/fpv4-sp/hard\libc_nano.a(lib_a-ctype_.o)
                0x0002d072                _ctype_
 *(.eh_frame*)
 *fill*         0x0002d173        0x1 
 .eh_frame      0x0002d174        0x0 c:/program files (x86)/gnu tools arm embedded/6 2017-q2-update/bin/../lib/gcc/arm-none-eabi/6.3.1/thumb/v7e-m/fpv4-sp/hard/crtbegin.o
 .eh_frame      0x0002d174        0x4 c:/program files (x86)/gnu tools arm embedded/6 2017-q2-update/bin/../lib/gcc/arm-none-eabi/6.3.1/thumb/v7e-m/fpv4-sp/hard/crtend.o

.glue_7         0x0002d178        0x0
 .glue_7        0x0002d178        0x0 linker stubs

.glue_7t        0x0002d178        0x0
 .glue_7t       0x0002d178        0x0 linker stubs

.vfp11_veneer   0x0002d178        0x0
 .vfp11_veneer  0x0002d178        0x0 linker stubs

.v4_bx          0x0002d178        0x0
 .v4_bx         0x0002d178        0x0 linker stubs

.iplt           0x0002d178        0x0
 .iplt          0x0002d178        0x0 c:/program files (x86)/gnu tools arm embedded/6 2017-q2-update/bin/../lib/gcc/arm-none-eabi/6.3.1/thumb/v7e-m/fpv4-sp/hard/crtbegin.o

.mem_section_dummy_rom

.sdh_soc_observers
                0x0002d178        0x8
                0x0002d178                PROVIDE (__start_sdh_soc_observers, .)
 *(SORT(.sdh_soc_observers*))
 .sdh_soc_observers0
                0x0002d178        0x8 _build/nrf52832_xxaa/nrf_drv_clock.c.o
                0x0002d180                PROVIDE (__stop_sdh_soc_observers, .)

.sdh_ble_observers
                0x0002d180       0x38
                0x0002d180                PROVIDE (__start_sdh_ble_observers, .)
 *(SORT(.sdh_ble_observers*))
 .sdh_ble_observers0
                0x0002d180        0x8 _build/nrf52832_xxaa/ble_conn_state.c.o
 .sdh_ble_observers1
                0x0002d188        0x8 _build/nrf52832_xxaa/bsp_btn_ble.c.o
 .sdh_ble_observers1
                0x0002d190       0x18 _build/nrf52832_xxaa/main.c.o
 .sdh_ble_observers2
                0x0002d1a8        0x8 _build/nrf52832_xxaa/main.c.o
 .sdh_ble_observers3
                0x0002d1b0        0x8 _build/nrf52832_xxaa/main.c.o
                0x0002d1b8                PROVIDE (__stop_sdh_ble_observers, .)

.pwr_mgmt_data  0x0002d1b8        0x0
                0x0002d1b8                PROVIDE (__start_pwr_mgmt_data, .)
 *(SORT(.pwr_mgmt_data*))
                0x0002d1b8                PROVIDE (__stop_pwr_mgmt_data, .)

.log_const_data
                0x0002d1b8       0x78
                0x0002d1b8                PROVIDE (__start_log_const_data, .)
 *(SORT(.log_const_data*))
 .log_const_data_CLOCK
                0x0002d1b8        0x8 _build/nrf52832_xxaa/nrfx_clock.c.o
                0x0002d1b8                m_nrf_log_CLOCK_logs_data_const
 .log_const_data_GPIOTE
                0x0002d1c0        0x8 _build/nrf52832_xxaa/nrfx_gpiote.c.o
                0x0002d1c0                m_nrf_log_GPIOTE_logs_data_const
 .log_const_data_PRS
                0x0002d1c8        0x8 _build/nrf52832_xxaa/nrfx_prs.c.o
                0x0002d1c8                m_nrf_log_PRS_logs_data_const
 .log_const_data_UART
                0x0002d1d0        0x8 _build/nrf52832_xxaa/nrfx_uart.c.o
                0x0002d1d0                m_nrf_log_UART_logs_data_const
 .log_const_data_UARTE
                0x0002d1d8        0x8 _build/nrf52832_xxaa/nrfx_uarte.c.o
                0x0002d1d8                m_nrf_log_UARTE_logs_data_const
 .log_const_data_app
                0x0002d1e0        0x8 _build/nrf52832_xxaa/nrf_log_frontend.c.o
                0x0002d1e0                m_nrf_log_app_logs_data_const
 .log_const_data_ble_db_disc
                0x0002d1e8        0x8 _build/nrf52832_xxaa/ble_db_discovery.c.o
                0x0002d1e8                m_nrf_log_ble_db_disc_logs_data_const
 .log_const_data_ble_lbs_c
                0x0002d1f0        0x8 _build/nrf52832_xxaa/ble_lbs_c.c.o
                0x0002d1f0                m_nrf_log_ble_lbs_c_logs_data_const
 .log_const_data_ble_scan
                0x0002d1f8        0x8 _build/nrf52832_xxaa/nrf_ble_scan.c.o
                0x0002d1f8                m_nrf_log_ble_scan_logs_data_const
 .log_const_data_clock
                0x0002d200        0x8 _build/nrf52832_xxaa/nrf_drv_clock.c.o
                0x0002d200                m_nrf_log_clock_logs_data_const
 .log_const_data_nrf_ble_gatt
                0x0002d208        0x8 _build/nrf52832_xxaa/nrf_ble_gatt.c.o
                0x0002d208                m_nrf_log_nrf_ble_gatt_logs_data_const
 .log_const_data_nrf_sdh
                0x0002d210        0x8 _build/nrf52832_xxaa/nrf_sdh.c.o
                0x0002d210                m_nrf_log_nrf_sdh_logs_data_const
 .log_const_data_nrf_sdh_ble
                0x0002d218        0x8 _build/nrf52832_xxaa/nrf_sdh_ble.c.o
                0x0002d218                m_nrf_log_nrf_sdh_ble_logs_data_const
 .log_const_data_nrf_sdh_soc
                0x0002d220        0x8 _build/nrf52832_xxaa/nrf_sdh_soc.c.o
                0x0002d220                m_nrf_log_nrf_sdh_soc_logs_data_const
 .log_const_data_pwr_mgmt
                0x0002d228        0x8 _build/nrf52832_xxaa/nrf_pwr_mgmt.c.o
                0x0002d228                m_nrf_log_pwr_mgmt_logs_data_const
                0x0002d230                PROVIDE (__stop_log_const_data, .)

.nrf_balloc     0x0002d230       0x14
                [!provide]                PROVIDE (__start_nrf_balloc, .)
 *(.nrf_balloc)
 .nrf_balloc    0x0002d230       0x14 _build/nrf52832_xxaa/nrf_log_frontend.c.o
                0x0002d230                log_mempool
                [!provide]                PROVIDE (__stop_nrf_balloc, .)

.sdh_state_observers
                0x0002d244        0x8
                0x0002d244                PROVIDE (__start_sdh_state_observers, .)
 *(SORT(.sdh_state_observers*))
 .sdh_state_observers0
                0x0002d244        0x8 _build/nrf52832_xxaa/nrf_drv_clock.c.o
                0x0002d24c                PROVIDE (__stop_sdh_state_observers, .)

.sdh_stack_observers
                0x0002d24c       0x10
                0x0002d24c                PROVIDE (__start_sdh_stack_observers, .)
 *(SORT(.sdh_stack_observers*))
 .sdh_stack_observers0
                0x0002d24c        0x8 _build/nrf52832_xxaa/nrf_sdh_ble.c.o
 .sdh_stack_observers0
                0x0002d254        0x8 _build/nrf52832_xxaa/nrf_sdh_soc.c.o
                0x0002d25c                PROVIDE (__stop_sdh_stack_observers, .)

.sdh_req_observers
                0x0002d25c        0x0
                0x0002d25c                PROVIDE (__start_sdh_req_observers, .)
 *(SORT(.sdh_req_observers*))
                0x0002d25c                PROVIDE (__stop_sdh_req_observers, .)

.nrf_queue      0x0002d25c        0x0
                [!provide]                PROVIDE (__start_nrf_queue, .)
 *(.nrf_queue)
                [!provide]                PROVIDE (__stop_nrf_queue, .)

.cli_command    0x0002d25c        0x0
                [!provide]                PROVIDE (__start_cli_command, .)
 *(.cli_command)
                [!provide]                PROVIDE (__stop_cli_command, .)

.crypto_data    0x0002d25c        0x0
                [!provide]                PROVIDE (__start_crypto_data, .)
 *(SORT(.crypto_data*))
                [!provide]                PROVIDE (__stop_crypto_data, .)

.log_backends   0x0002d25c       0x10
                [!provide]                PROVIDE (__start_log_backends, .)
 *(SORT(.log_backends*))
 .log_backends  0x0002d25c       0x10 _build/nrf52832_xxaa/nrf_log_default_backends.c.o
                [!provide]                PROVIDE (__stop_log_backends, .)

.ARM.extab
 *(.ARM.extab* .gnu.linkonce.armextab.*)
                0x0002d26c                __exidx_start = .

.ARM.exidx      0x0002d26c        0x8
 *(.ARM.exidx* .gnu.linkonce.armexidx.*)
 .ARM.exidx     0x0002d26c        0x8 c:/program files (x86)/gnu tools arm embedded/6 2017-q2-update/bin/../lib/gcc/arm-none-eabi/6.3.1/../../../../arm-none-eabi/lib/thumb/v7e-m/fpv4-sp/hard/crt0.o
                0x0002d274                __exidx_end = .
                0x0002d274                __etext = .

.rel.dyn        0x0002d274        0x0
 .rel.iplt      0x0002d274        0x0 c:/program files (x86)/gnu tools arm embedded/6 2017-q2-update/bin/../lib/gcc/arm-none-eabi/6.3.1/thumb/v7e-m/fpv4-sp/hard/crtbegin.o

.data           0x20001d70      0x4d0 load address 0x0002d274
                0x20001d70                __data_start__ = .
 *(vtable)
 *(.data*)
 .data.m_uart   0x20001d70       0x14 _build/nrf52832_xxaa/nrf_log_backend_uart.c.o
                0x20001d70                m_uart
 .data.log_backend_cb_uart_log_backend
                0x20001d84        0x8 _build/nrf52832_xxaa/nrf_log_default_backends.c.o
 .data.SystemCoreClock
                0x20001d8c        0x4 _build/nrf52832_xxaa/system_nrf52.c.o
                0x20001d8c                SystemCoreClock
 .data.buttons.11338
                0x20001d90        0x8 _build/nrf52832_xxaa/main.c.o
 .data.m_db_disc
                0x20001d98      0x2cc _build/nrf52832_xxaa/main.c.o
 .data._impure_ptr
                0x20002064        0x4 c:/program files (x86)/gnu tools arm embedded/6 2017-q2-update/bin/../lib/gcc/arm-none-eabi/6.3.1/../../../../arm-none-eabi/lib/thumb/v7e-m/fpv4-sp/hard\libc_nano.a(lib_a-impure.o)
                0x20002064                _impure_ptr
 .data.impure_data
                0x20002068       0x60 c:/program files (x86)/gnu tools arm embedded/6 2017-q2-update/bin/../lib/gcc/arm-none-eabi/6.3.1/../../../../arm-none-eabi/lib/thumb/v7e-m/fpv4-sp/hard\libc_nano.a(lib_a-impure.o)
 .data.__global_locale
                0x200020c8      0x16c c:/program files (x86)/gnu tools arm embedded/6 2017-q2-update/bin/../lib/gcc/arm-none-eabi/6.3.1/../../../../arm-none-eabi/lib/thumb/v7e-m/fpv4-sp/hard\libc_nano.a(lib_a-locale.o)
                0x200020c8                __global_locale
                0x20002234                . = ALIGN (0x4)
                0x20002234                PROVIDE (__preinit_array_start, .)
 *(.preinit_array)
                0x20002234                PROVIDE (__preinit_array_end, .)
                0x20002234                . = ALIGN (0x4)
                0x20002234                PROVIDE (__init_array_start, .)
 *(SORT(.init_array.*))
 *(.init_array)
 .init_array    0x20002234        0x4 c:/program files (x86)/gnu tools arm embedded/6 2017-q2-update/bin/../lib/gcc/arm-none-eabi/6.3.1/thumb/v7e-m/fpv4-sp/hard/crtbegin.o
                0x20002238                PROVIDE (__init_array_end, .)
                0x20002238                . = ALIGN (0x4)
                [!provide]                PROVIDE (__fini_array_start, .)
 *(SORT(.fini_array.*))
 *(.fini_array)
 .fini_array    0x20002238        0x4 c:/program files (x86)/gnu tools arm embedded/6 2017-q2-update/bin/../lib/gcc/arm-none-eabi/6.3.1/thumb/v7e-m/fpv4-sp/hard/crtbegin.o
                [!provide]                PROVIDE (__fini_array_end, .)
 *(.jcr*)
 .jcr           0x2000223c        0x0 c:/program files (x86)/gnu tools arm embedded/6 2017-q2-update/bin/../lib/gcc/arm-none-eabi/6.3.1/thumb/v7e-m/fpv4-sp/hard/crtbegin.o
 .jcr           0x2000223c        0x4 c:/program files (x86)/gnu tools arm embedded/6 2017-q2-update/bin/../lib/gcc/arm-none-eabi/6.3.1/thumb/v7e-m/fpv4-sp/hard/crtend.o
                0x20002240                . = ALIGN (0x4)
                0x20002240                __data_end__ = .
LOAD c:/program files (x86)/gnu tools arm embedded/6 2017-q2-update/bin/../lib/gcc/arm-none-eabi/6.3.1/thumb/v7e-m/fpv4-sp/hard/crti.o
LOAD c:/program files (x86)/gnu tools arm embedded/6 2017-q2-update/bin/../lib/gcc/arm-none-eabi/6.3.1/thumb/v7e-m/fpv4-sp/hard/crtbegin.o
LOAD c:/program files (x86)/gnu tools arm embedded/6 2017-q2-update/bin/../lib/gcc/arm-none-eabi/6.3.1/../../../../arm-none-eabi/lib/thumb/v7e-m/fpv4-sp/hard/crt0.o
LOAD _build/nrf52832_xxaa/gcc_startup_nrf52.S.o
LOAD _build/nrf52832_xxaa/nrf_log_backend_rtt.c.o
LOAD _build/nrf52832_xxaa/nrf_log_backend_serial.c.o
LOAD _build/nrf52832_xxaa/nrf_log_backend_uart.c.o
LOAD _build/nrf52832_xxaa/nrf_log_default_backends.c.o
LOAD _build/nrf52832_xxaa/nrf_log_frontend.c.o
LOAD _build/nrf52832_xxaa/nrf_log_str_formatter.c.o
LOAD _build/nrf52832_xxaa/app_button.c.o
LOAD _build/nrf52832_xxaa/app_error.c.o
LOAD _build/nrf52832_xxaa/app_error_handler_gcc.c.o
LOAD _build/nrf52832_xxaa/app_error_weak.c.o
LOAD _build/nrf52832_xxaa/app_scheduler.c.o
LOAD _build/nrf52832_xxaa/app_timer.c.o
LOAD _build/nrf52832_xxaa/app_util_platform.c.o
LOAD _build/nrf52832_xxaa/hardfault_implementation.c.o
LOAD _build/nrf52832_xxaa/nrf_assert.c.o
LOAD _build/nrf52832_xxaa/nrf_atfifo.c.o
LOAD _build/nrf52832_xxaa/nrf_atflags.c.o
LOAD _build/nrf52832_xxaa/nrf_atomic.c.o
LOAD _build/nrf52832_xxaa/nrf_balloc.c.o
LOAD _build/nrf52832_xxaa/nrf_fprintf.c.o
LOAD _build/nrf52832_xxaa/nrf_fprintf_format.c.o
LOAD _build/nrf52832_xxaa/nrf_memobj.c.o
LOAD _build/nrf52832_xxaa/nrf_pwr_mgmt.c.o
LOAD _build/nrf52832_xxaa/nrf_ringbuf.c.o
LOAD _build/nrf52832_xxaa/nrf_section_iter.c.o
LOAD _build/nrf52832_xxaa/nrf_strerror.c.o
LOAD _build/nrf52832_xxaa/system_nrf52.c.o
LOAD _build/nrf52832_xxaa/boards.c.o
LOAD _build/nrf52832_xxaa/nrf_drv_clock.c.o
LOAD _build/nrf52832_xxaa/nrf_drv_uart.c.o
LOAD _build/nrf52832_xxaa/nrfx_clock.c.o
LOAD _build/nrf52832_xxaa/nrfx_gpiote.c.o
LOAD _build/nrf52832_xxaa/nrfx_power_clock.c.o
LOAD _build/nrf52832_xxaa/nrfx_prs.c.o
LOAD _build/nrf52832_xxaa/nrfx_uart.c.o
LOAD _build/nrf52832_xxaa/nrfx_uarte.c.o
LOAD _build/nrf52832_xxaa/bsp.c.o
LOAD _build/nrf52832_xxaa/bsp_btn_ble.c.o
LOAD _build/nrf52832_xxaa/main.c.o
LOAD _build/nrf52832_xxaa/SEGGER_RTT.c.o
LOAD _build/nrf52832_xxaa/SEGGER_RTT_Syscalls_GCC.c.o
LOAD _build/nrf52832_xxaa/SEGGER_RTT_printf.c.o
LOAD _build/nrf52832_xxaa/ble_advdata.c.o
LOAD _build/nrf52832_xxaa/ble_advertising.c.o
LOAD _build/nrf52832_xxaa/ble_conn_state.c.o
LOAD _build/nrf52832_xxaa/ble_db_discovery.c.o
LOAD _build/nrf52832_xxaa/ble_srv_common.c.o
LOAD _build/nrf52832_xxaa/nrf_ble_gatt.c.o
LOAD _build/nrf52832_xxaa/nrf_ble_scan.c.o
LOAD _build/nrf52832_xxaa/utf.c.o
LOAD _build/nrf52832_xxaa/ble_lbs_c.c.o
LOAD _build/nrf52832_xxaa/nrf_sdh.c.o
LOAD _build/nrf52832_xxaa/nrf_sdh_ble.c.o
LOAD _build/nrf52832_xxaa/nrf_sdh_soc.c.o
LOAD c:/program files (x86)/gnu tools arm embedded/6 2017-q2-update/bin/../lib/gcc/arm-none-eabi/6.3.1/../../../../arm-none-eabi/lib/thumb/v7e-m/fpv4-sp/hard\libc_nano.a
LOAD c:/program files (x86)/gnu tools arm embedded/6 2017-q2-update/bin/../lib/gcc/arm-none-eabi/6.3.1/../../../../arm-none-eabi/lib/thumb/v7e-m/fpv4-sp/hard\libnosys.a
LOAD c:/program files (x86)/gnu tools arm embedded/6 2017-q2-update/bin/../lib/gcc/arm-none-eabi/6.3.1/../../../../arm-none-eabi/lib/thumb/v7e-m/fpv4-sp/hard\libm.a
START GROUP
LOAD c:/program files (x86)/gnu tools arm embedded/6 2017-q2-update/bin/../lib/gcc/arm-none-eabi/6.3.1/thumb/v7e-m/fpv4-sp/hard\libgcc.a
LOAD c:/program files (x86)/gnu tools arm embedded/6 2017-q2-update/bin/../lib/gcc/arm-none-eabi/6.3.1/../../../../arm-none-eabi/lib/thumb/v7e-m/fpv4-sp/hard\libg_nano.a
LOAD c:/program files (x86)/gnu tools arm embedded/6 2017-q2-update/bin/../lib/gcc/arm-none-eabi/6.3.1/../../../../arm-none-eabi/lib/thumb/v7e-m/fpv4-sp/hard\libc_nano.a
END GROUP
START GROUP
LOAD c:/program files (x86)/gnu tools arm embedded/6 2017-q2-update/bin/../lib/gcc/arm-none-eabi/6.3.1/thumb/v7e-m/fpv4-sp/hard\libgcc.a
LOAD c:/program files (x86)/gnu tools arm embedded/6 2017-q2-update/bin/../lib/gcc/arm-none-eabi/6.3.1/../../../../arm-none-eabi/lib/thumb/v7e-m/fpv4-sp/hard\libc_nano.a
END GROUP
LOAD c:/program files (x86)/gnu tools arm embedded/6 2017-q2-update/bin/../lib/gcc/arm-none-eabi/6.3.1/thumb/v7e-m/fpv4-sp/hard/crtend.o
LOAD c:/program files (x86)/gnu tools arm embedded/6 2017-q2-update/bin/../lib/gcc/arm-none-eabi/6.3.1/thumb/v7e-m/fpv4-sp/hard/crtn.o
START GROUP
LOAD c:/program files (x86)/gnu tools arm embedded/6 2017-q2-update/bin/../lib/gcc/arm-none-eabi/6.3.1/thumb/v7e-m/fpv4-sp/hard\libgcc.a
LOAD c:/program files (x86)/gnu tools arm embedded/6 2017-q2-update/bin/../lib/gcc/arm-none-eabi/6.3.1/../../../../arm-none-eabi/lib/thumb/v7e-m/fpv4-sp/hard\libc.a
LOAD c:/program files (x86)/gnu tools arm embedded/6 2017-q2-update/bin/../lib/gcc/arm-none-eabi/6.3.1/../../../../arm-none-eabi/lib/thumb/v7e-m/fpv4-sp/hard\libnosys.a
END GROUP

.igot.plt       0x20002240        0x0 load address 0x0002d744
 .igot.plt      0x20002240        0x0 c:/program files (x86)/gnu tools arm embedded/6 2017-q2-update/bin/../lib/gcc/arm-none-eabi/6.3.1/thumb/v7e-m/fpv4-sp/hard/crtbegin.o
                0x20002240                . = ALIGN (0x4)

.mem_section_dummy_ram

.log_dynamic_data
                0x20002240        0x0
                0x20002240                PROVIDE (__start_log_dynamic_data, .)
 *(SORT(.log_dynamic_data*))
                [!provide]                PROVIDE (__stop_log_dynamic_data, .)

.log_filter_data
                0x20002240        0x0
                [!provide]                PROVIDE (__start_log_filter_data, .)
 *(SORT(.log_filter_data*))
                [!provide]                PROVIDE (__stop_log_filter_data, .)

.cli_sorted_cmd_ptrs
                0x20002240        0x0
                [!provide]                PROVIDE (__start_cli_sorted_cmd_ptrs, .)
 *(.cli_sorted_cmd_ptrs)
                [!provide]                PROVIDE (__stop_cli_sorted_cmd_ptrs, .)

.fs_data        0x20002240        0x0
                [!provide]                PROVIDE (__start_fs_data, .)
 *(.fs_data)
                [!provide]                PROVIDE (__stop_fs_data, .)

.bss            0x20002240      0xd34 load address 0x0002d748
                0x20002240                . = ALIGN (0x4)
                0x20002240                __bss_start__ = .
 *(.bss*)
 .bss           0x20002240       0x1c c:/program files (x86)/gnu tools arm embedded/6 2017-q2-update/bin/../lib/gcc/arm-none-eabi/6.3.1/thumb/v7e-m/fpv4-sp/hard/crtbegin.o
 .bss.m_async_mode
                0x2000225c        0x1 _build/nrf52832_xxaa/nrf_log_backend_uart.c.o
 *fill*         0x2000225d        0x3 
 .bss.m_string_buff
                0x20002260       0x40 _build/nrf52832_xxaa/nrf_log_backend_uart.c.o
 .bss.m_xfer_done
                0x200022a0        0x1 _build/nrf52832_xxaa/nrf_log_backend_uart.c.o
 *fill*         0x200022a1        0x3 
 .bss.log_mempool_nrf_balloc_cb
                0x200022a4        0x8 _build/nrf52832_xxaa/nrf_log_frontend.c.o
 .bss.log_mempool_nrf_balloc_pool_mem
                0x200022ac       0xc0 _build/nrf52832_xxaa/nrf_log_frontend.c.o
 .bss.log_mempool_nrf_balloc_pool_stack
                0x2000236c        0x8 _build/nrf52832_xxaa/nrf_log_frontend.c.o
 .bss.m_log_data
                0x20002374      0x424 _build/nrf52832_xxaa/nrf_log_frontend.c.o
 .bss.m_log_push_ringbuf_buf
                0x20002798       0x80 _build/nrf52832_xxaa/nrf_log_frontend.c.o
 .bss.m_log_push_ringbuf_cb
                0x20002818       0x18 _build/nrf52832_xxaa/nrf_log_frontend.c.o
 .bss.m_button_count
                0x20002830        0x1 _build/nrf52832_xxaa/app_button.c.o
 *fill*         0x20002831        0x3 
 .bss.m_detection_delay
                0x20002834        0x4 _build/nrf52832_xxaa/app_button.c.o
 .bss.m_detection_delay_timer_id_data
                0x20002838       0x20 _build/nrf52832_xxaa/app_button.c.o
 .bss.m_pin_state
                0x20002858        0x8 _build/nrf52832_xxaa/app_button.c.o
 .bss.m_pin_transition
                0x20002860        0x8 _build/nrf52832_xxaa/app_button.c.o
 .bss.mp_buttons
                0x20002868        0x4 _build/nrf52832_xxaa/app_button.c.o
 .bss.m_op_queue
                0x2000286c      0x10c _build/nrf52832_xxaa/app_timer.c.o
 .bss.m_rtc1_reset
                0x20002978        0x1 _build/nrf52832_xxaa/app_timer.c.o
 .bss.m_rtc1_running
                0x20002979        0x1 _build/nrf52832_xxaa/app_timer.c.o
 *fill*         0x2000297a        0x2 
 .bss.m_ticks_elapsed
                0x2000297c        0x8 _build/nrf52832_xxaa/app_timer.c.o
 .bss.m_ticks_elapsed_q_read_ind
                0x20002984        0x1 _build/nrf52832_xxaa/app_timer.c.o
 .bss.m_ticks_elapsed_q_write_ind
                0x20002985        0x1 _build/nrf52832_xxaa/app_timer.c.o
 *fill*         0x20002986        0x2 
 .bss.m_ticks_latest
                0x20002988        0x4 _build/nrf52832_xxaa/app_timer.c.o
 .bss.mp_timer_id_head
                0x2000298c        0x4 _build/nrf52832_xxaa/app_timer.c.o
 .bss.m_handlers_iter
                0x20002990        0x8 _build/nrf52832_xxaa/nrf_pwr_mgmt.c.o
 .bss.m_shutdown_started
                0x20002998        0x1 _build/nrf52832_xxaa/nrf_pwr_mgmt.c.o
 *fill*         0x20002999        0x3 
 .bss.m_sysoff_mtx
                0x2000299c        0x4 _build/nrf52832_xxaa/nrf_pwr_mgmt.c.o
 .bss.m_clock_cb
                0x200029a0       0x14 _build/nrf52832_xxaa/nrf_drv_clock.c.o
 .bss.m_contexts
                0x200029b4        0x4 _build/nrf52832_xxaa/nrf_drv_uart.c.o
 .bss.m_handlers
                0x200029b8        0x4 _build/nrf52832_xxaa/nrf_drv_uart.c.o
 .bss.m_clock_cb
                0x200029bc        0x8 _build/nrf52832_xxaa/nrfx_clock.c.o
 .bss.m_cb      0x200029c4       0x5c _build/nrf52832_xxaa/nrfx_gpiote.c.o
 .bss.m_prs_box_4
                0x20002a20        0x8 _build/nrf52832_xxaa/nrfx_prs.c.o
 .bss.m_cb      0x20002a28       0x2c _build/nrf52832_xxaa/nrfx_uart.c.o
 .bss.m_cb      0x20002a54       0x24 _build/nrf52832_xxaa/nrfx_uarte.c.o
 .bss.m_events_list
                0x20002a78        0xc _build/nrf52832_xxaa/bsp.c.o
 .bss.m_error_handler
                0x20002a84        0x4 _build/nrf52832_xxaa/bsp_btn_ble.c.o
 .bss.m_num_connections
                0x20002a88        0x4 _build/nrf52832_xxaa/bsp_btn_ble.c.o
 .bss.m_ble_lbs_c
                0x20002a8c       0x10 _build/nrf52832_xxaa/main.c.o
 .bss.m_gatt    0x20002a9c       0x14 _build/nrf52832_xxaa/main.c.o
 .bss.m_scan    0x20002ab0       0x68 _build/nrf52832_xxaa/main.c.o
 .bss.m_bcs     0x20002b18       0x78 _build/nrf52832_xxaa/ble_conn_state.c.o
 .bss.m_evt_handler
                0x20002b90        0x4 _build/nrf52832_xxaa/ble_db_discovery.c.o
 .bss.m_initialized
                0x20002b94        0x1 _build/nrf52832_xxaa/ble_db_discovery.c.o
 *fill*         0x20002b95        0x3 
 .bss.m_num_of_handlers_reg
                0x20002b98        0x4 _build/nrf52832_xxaa/ble_db_discovery.c.o
 .bss.m_pending_user_evts
                0x20002b9c      0x300 _build/nrf52832_xxaa/ble_db_discovery.c.o
 .bss.m_pending_usr_evt_index
                0x20002e9c        0x4 _build/nrf52832_xxaa/ble_db_discovery.c.o
 .bss.m_registered_handlers
                0x20002ea0       0x18 _build/nrf52832_xxaa/ble_db_discovery.c.o
 .bss.m_tx_buffer
                0x20002eb8       0xa0 _build/nrf52832_xxaa/ble_lbs_c.c.o
 .bss.m_tx_index
                0x20002f58        0x4 _build/nrf52832_xxaa/ble_lbs_c.c.o
 .bss.m_tx_insert_index
                0x20002f5c        0x4 _build/nrf52832_xxaa/ble_lbs_c.c.o
 .bss.m_nrf_sdh_continue
                0x20002f60        0x1 _build/nrf52832_xxaa/nrf_sdh.c.o
 .bss.m_nrf_sdh_enabled
                0x20002f61        0x1 _build/nrf52832_xxaa/nrf_sdh.c.o
 .bss.m_nrf_sdh_suspended
                0x20002f62        0x1 _build/nrf52832_xxaa/nrf_sdh.c.o
 .bss.m_stack_is_enabled
                0x20002f63        0x1 _build/nrf52832_xxaa/nrf_sdh_ble.c.o
 *(COMMON)
 COMMON         0x20002f64        0xc _build/nrf52832_xxaa/app_util_platform.c.o
                0x20002f64                nrf_nvic_state
 COMMON         0x20002f70        0x1 _build/nrf52832_xxaa/nrf_drv_uart.c.o
                0x20002f70                nrf_drv_uart_use_easy_dma
                0x20002f74                . = ALIGN (0x4)
 *fill*         0x20002f71        0x3 
                0x20002f74                __bss_end__ = .

.heap           0x20002f78        0x0
                0x20002f78                __HeapBase = .
                0x20002f78                __end__ = .
                [!provide]                PROVIDE (end, .)
 *(.heap*)
 .heap          0x20002f78        0x0 _build/nrf52832_xxaa/gcc_startup_nrf52.S.o
                0x20002f78                __HeapLimit = .

.stack_dummy    0x20002f78     0x2000
 *(.stack*)
 .stack         0x20002f78     0x2000 _build/nrf52832_xxaa/gcc_startup_nrf52.S.o
                0x20010000                __StackTop = (ORIGIN (RAM) + LENGTH (RAM))
                0x2000e000                __StackLimit = (__StackTop - SIZEOF (.stack_dummy))
                0x20010000                PROVIDE (__stack, __StackTop)
                0x00000001                ASSERT ((__StackLimit >= __HeapLimit), region RAM overflowed with stack)
                0x000004d0                DataInitFlashUsed = (__bss_start__ - __data_start__)
                0x00007274                CodeFlashUsed = (__etext - ORIGIN (FLASH))
                0x00007744                TotalFlashUsed = (CodeFlashUsed + DataInitFlashUsed)
                0x00000001                ASSERT ((TotalFlashUsed <= LENGTH (FLASH)), region FLASH overflowed with .data and user data)
OUTPUT(_build/nrf52832_xxaa.out elf32-littlearm)

.ARM.attributes
                0x00000000       0x30
 .ARM.attributes
                0x00000000       0x22 c:/program files (x86)/gnu tools arm embedded/6 2017-q2-update/bin/../lib/gcc/arm-none-eabi/6.3.1/thumb/v7e-m/fpv4-sp/hard/crti.o
 .ARM.attributes
                0x00000022       0x34 c:/program files (x86)/gnu tools arm embedded/6 2017-q2-update/bin/../lib/gcc/arm-none-eabi/6.3.1/thumb/v7e-m/fpv4-sp/hard/crtbegin.o
 .ARM.attributes
                0x00000056       0x20 c:/program files (x86)/gnu tools arm embedded/6 2017-q2-update/bin/../lib/gcc/arm-none-eabi/6.3.1/../../../../arm-none-eabi/lib/thumb/v7e-m/fpv4-sp/hard/crt0.o
 .ARM.attributes
                0x00000076       0x20 _build/nrf52832_xxaa/gcc_startup_nrf52.S.o
 .ARM.attributes
                0x00000096       0x39 _build/nrf52832_xxaa/nrf_log_backend_serial.c.o
 .ARM.attributes
                0x000000cf       0x39 _build/nrf52832_xxaa/nrf_log_backend_uart.c.o
 .ARM.attributes
                0x00000108       0x39 _build/nrf52832_xxaa/nrf_log_default_backends.c.o
 .ARM.attributes
                0x00000141       0x39 _build/nrf52832_xxaa/nrf_log_frontend.c.o
 .ARM.attributes
                0x0000017a       0x39 _build/nrf52832_xxaa/nrf_log_str_formatter.c.o
 .ARM.attributes
                0x000001b3       0x39 _build/nrf52832_xxaa/app_button.c.o
 .ARM.attributes
                0x000001ec       0x39 _build/nrf52832_xxaa/app_error.c.o
 .ARM.attributes
                0x00000225       0x39 _build/nrf52832_xxaa/app_error_weak.c.o
 .ARM.attributes
                0x0000025e       0x39 _build/nrf52832_xxaa/app_timer.c.o
 .ARM.attributes
                0x00000297       0x39 _build/nrf52832_xxaa/app_util_platform.c.o
 .ARM.attributes
                0x000002d0       0x39 _build/nrf52832_xxaa/nrf_atflags.c.o
 .ARM.attributes
                0x00000309       0x39 _build/nrf52832_xxaa/nrf_atomic.c.o
 .ARM.attributes
                0x00000342       0x39 _build/nrf52832_xxaa/nrf_balloc.c.o
 .ARM.attributes
                0x0000037b       0x39 _build/nrf52832_xxaa/nrf_fprintf.c.o
 .ARM.attributes
                0x000003b4       0x39 _build/nrf52832_xxaa/nrf_fprintf_format.c.o
 .ARM.attributes
                0x000003ed       0x39 _build/nrf52832_xxaa/nrf_memobj.c.o
 .ARM.attributes
                0x00000426       0x39 _build/nrf52832_xxaa/nrf_pwr_mgmt.c.o
 .ARM.attributes
                0x0000045f       0x39 _build/nrf52832_xxaa/nrf_ringbuf.c.o
 .ARM.attributes
                0x00000498       0x39 _build/nrf52832_xxaa/nrf_section_iter.c.o
 .ARM.attributes
                0x000004d1       0x39 _build/nrf52832_xxaa/nrf_strerror.c.o
 .ARM.attributes
                0x0000050a       0x39 _build/nrf52832_xxaa/system_nrf52.c.o
 .ARM.attributes
                0x00000543       0x39 _build/nrf52832_xxaa/boards.c.o
 .ARM.attributes
                0x0000057c       0x39 _build/nrf52832_xxaa/nrf_drv_clock.c.o
 .ARM.attributes
                0x000005b5       0x39 _build/nrf52832_xxaa/nrf_drv_uart.c.o
 .ARM.attributes
                0x000005ee       0x39 _build/nrf52832_xxaa/nrfx_clock.c.o
 .ARM.attributes
                0x00000627       0x39 _build/nrf52832_xxaa/nrfx_gpiote.c.o
 .ARM.attributes
                0x00000660       0x39 _build/nrf52832_xxaa/nrfx_prs.c.o
 .ARM.attributes
                0x00000699       0x39 _build/nrf52832_xxaa/nrfx_uart.c.o
 .ARM.attributes
                0x000006d2       0x39 _build/nrf52832_xxaa/nrfx_uarte.c.o
 .ARM.attributes
                0x0000070b       0x39 _build/nrf52832_xxaa/bsp.c.o
 .ARM.attributes
                0x00000744       0x39 _build/nrf52832_xxaa/bsp_btn_ble.c.o
 .ARM.attributes
                0x0000077d       0x39 _build/nrf52832_xxaa/main.c.o
 .ARM.attributes
                0x000007b6       0x39 _build/nrf52832_xxaa/ble_advdata.c.o
 .ARM.attributes
                0x000007ef       0x39 _build/nrf52832_xxaa/ble_conn_state.c.o
 .ARM.attributes
                0x00000828       0x39 _build/nrf52832_xxaa/ble_db_discovery.c.o
 .ARM.attributes
                0x00000861       0x39 _build/nrf52832_xxaa/nrf_ble_gatt.c.o
 .ARM.attributes
                0x0000089a       0x39 _build/nrf52832_xxaa/nrf_ble_scan.c.o
 .ARM.attributes
                0x000008d3       0x39 _build/nrf52832_xxaa/ble_lbs_c.c.o
 .ARM.attributes
                0x0000090c       0x39 _build/nrf52832_xxaa/nrf_sdh.c.o
 .ARM.attributes
                0x00000945       0x39 _build/nrf52832_xxaa/nrf_sdh_ble.c.o
 .ARM.attributes
                0x0000097e       0x39 _build/nrf52832_xxaa/nrf_sdh_soc.c.o
 .ARM.attributes
                0x000009b7       0x34 c:/program files (x86)/gnu tools arm embedded/6 2017-q2-update/bin/../lib/gcc/arm-none-eabi/6.3.1/../../../../arm-none-eabi/lib/thumb/v7e-m/fpv4-sp/hard\libc_nano.a(lib_a-exit.o)
 .ARM.attributes
                0x000009eb       0x34 c:/program files (x86)/gnu tools arm embedded/6 2017-q2-update/bin/../lib/gcc/arm-none-eabi/6.3.1/../../../../arm-none-eabi/lib/thumb/v7e-m/fpv4-sp/hard\libc_nano.a(lib_a-impure.o)
 .ARM.attributes
                0x00000a1f       0x34 c:/program files (x86)/gnu tools arm embedded/6 2017-q2-update/bin/../lib/gcc/arm-none-eabi/6.3.1/../../../../arm-none-eabi/lib/thumb/v7e-m/fpv4-sp/hard\libc_nano.a(lib_a-init.o)
 .ARM.attributes
                0x00000a53       0x34 c:/program files (x86)/gnu tools arm embedded/6 2017-q2-update/bin/../lib/gcc/arm-none-eabi/6.3.1/../../../../arm-none-eabi/lib/thumb/v7e-m/fpv4-sp/hard\libc_nano.a(lib_a-locale.o)
 .ARM.attributes
                0x00000a87       0x34 c:/program files (x86)/gnu tools arm embedded/6 2017-q2-update/bin/../lib/gcc/arm-none-eabi/6.3.1/../../../../arm-none-eabi/lib/thumb/v7e-m/fpv4-sp/hard\libc_nano.a(lib_a-mbtowc_r.o)
 .ARM.attributes
                0x00000abb       0x34 c:/program files (x86)/gnu tools arm embedded/6 2017-q2-update/bin/../lib/gcc/arm-none-eabi/6.3.1/../../../../arm-none-eabi/lib/thumb/v7e-m/fpv4-sp/hard\libc_nano.a(lib_a-memcmp.o)
 .ARM.attributes
                0x00000aef       0x34 c:/program files (x86)/gnu tools arm embedded/6 2017-q2-update/bin/../lib/gcc/arm-none-eabi/6.3.1/../../../../arm-none-eabi/lib/thumb/v7e-m/fpv4-sp/hard\libc_nano.a(lib_a-memcpy-stub.o)
 .ARM.attributes
                0x00000b23       0x34 c:/program files (x86)/gnu tools arm embedded/6 2017-q2-update/bin/../lib/gcc/arm-none-eabi/6.3.1/../../../../arm-none-eabi/lib/thumb/v7e-m/fpv4-sp/hard\libc_nano.a(lib_a-memset.o)
 .ARM.attributes
                0x00000b57       0x20 c:/program files (x86)/gnu tools arm embedded/6 2017-q2-update/bin/../lib/gcc/arm-none-eabi/6.3.1/../../../../arm-none-eabi/lib/thumb/v7e-m/fpv4-sp/hard\libc_nano.a(lib_a-strcmp.o)
 .ARM.attributes
                0x00000b77       0x1b c:/program files (x86)/gnu tools arm embedded/6 2017-q2-update/bin/../lib/gcc/arm-none-eabi/6.3.1/../../../../arm-none-eabi/lib/thumb/v7e-m/fpv4-sp/hard\libc_nano.a(lib_a-strlen.o)
 .ARM.attributes
                0x00000b92       0x34 c:/program files (x86)/gnu tools arm embedded/6 2017-q2-update/bin/../lib/gcc/arm-none-eabi/6.3.1/../../../../arm-none-eabi/lib/thumb/v7e-m/fpv4-sp/hard\libc_nano.a(lib_a-wctomb_r.o)
 .ARM.attributes
                0x00000bc6       0x34 c:/program files (x86)/gnu tools arm embedded/6 2017-q2-update/bin/../lib/gcc/arm-none-eabi/6.3.1/../../../../arm-none-eabi/lib/thumb/v7e-m/fpv4-sp/hard\libc_nano.a(lib_a-ctype_.o)
 .ARM.attributes
                0x00000bfa       0x34 c:/program files (x86)/gnu tools arm embedded/6 2017-q2-update/bin/../lib/gcc/arm-none-eabi/6.3.1/../../../../arm-none-eabi/lib/thumb/v7e-m/fpv4-sp/hard\libnosys.a(_exit.o)
 .ARM.attributes
                0x00000c2e       0x34 c:/program files (x86)/gnu tools arm embedded/6 2017-q2-update/bin/../lib/gcc/arm-none-eabi/6.3.1/thumb/v7e-m/fpv4-sp/hard/crtend.o
 .ARM.attributes
                0x00000c62       0x22 c:/program files (x86)/gnu tools arm embedded/6 2017-q2-update/bin/../lib/gcc/arm-none-eabi/6.3.1/thumb/v7e-m/fpv4-sp/hard/crtn.o

.comment        0x00000000       0x7f
 .comment       0x00000000       0x7f _build/nrf52832_xxaa/nrf_log_backend_serial.c.o
                                 0x80 (size before relaxing)
 .comment       0x0000007f       0x80 _build/nrf52832_xxaa/nrf_log_backend_uart.c.o
 .comment       0x0000007f       0x80 _build/nrf52832_xxaa/nrf_log_default_backends.c.o
 .comment       0x0000007f       0x80 _build/nrf52832_xxaa/nrf_log_frontend.c.o
 .comment       0x0000007f       0x80 _build/nrf52832_xxaa/nrf_log_str_formatter.c.o
 .comment       0x0000007f       0x80 _build/nrf52832_xxaa/app_button.c.o
 .comment       0x0000007f       0x80 _build/nrf52832_xxaa/app_error.c.o
 .comment       0x0000007f       0x80 _build/nrf52832_xxaa/app_error_weak.c.o
 .comment       0x0000007f       0x80 _build/nrf52832_xxaa/app_timer.c.o
 .comment       0x0000007f       0x80 _build/nrf52832_xxaa/app_util_platform.c.o
 .comment       0x0000007f       0x80 _build/nrf52832_xxaa/nrf_atflags.c.o
 .comment       0x0000007f       0x80 _build/nrf52832_xxaa/nrf_atomic.c.o
 .comment       0x0000007f       0x80 _build/nrf52832_xxaa/nrf_balloc.c.o
 .comment       0x0000007f       0x80 _build/nrf52832_xxaa/nrf_fprintf.c.o
 .comment       0x0000007f       0x80 _build/nrf52832_xxaa/nrf_fprintf_format.c.o
 .comment       0x0000007f       0x80 _build/nrf52832_xxaa/nrf_memobj.c.o
 .comment       0x0000007f       0x80 _build/nrf52832_xxaa/nrf_pwr_mgmt.c.o
 .comment       0x0000007f       0x80 _build/nrf52832_xxaa/nrf_ringbuf.c.o
 .comment       0x0000007f       0x80 _build/nrf52832_xxaa/nrf_section_iter.c.o
 .comment       0x0000007f       0x80 _build/nrf52832_xxaa/nrf_strerror.c.o
 .comment       0x0000007f       0x80 _build/nrf52832_xxaa/system_nrf52.c.o
 .comment       0x0000007f       0x80 _build/nrf52832_xxaa/boards.c.o
 .comment       0x0000007f       0x80 _build/nrf52832_xxaa/nrf_drv_clock.c.o
 .comment       0x0000007f       0x80 _build/nrf52832_xxaa/nrf_drv_uart.c.o
 .comment       0x0000007f       0x80 _build/nrf52832_xxaa/nrfx_clock.c.o
 .comment       0x0000007f       0x80 _build/nrf52832_xxaa/nrfx_gpiote.c.o
 .comment       0x0000007f       0x80 _build/nrf52832_xxaa/nrfx_prs.c.o
 .comment       0x0000007f       0x80 _build/nrf52832_xxaa/nrfx_uart.c.o
 .comment       0x0000007f       0x80 _build/nrf52832_xxaa/nrfx_uarte.c.o
 .comment       0x0000007f       0x80 _build/nrf52832_xxaa/bsp.c.o
 .comment       0x0000007f       0x80 _build/nrf52832_xxaa/bsp_btn_ble.c.o
 .comment       0x0000007f       0x80 _build/nrf52832_xxaa/main.c.o
 .comment       0x0000007f       0x80 _build/nrf52832_xxaa/ble_advdata.c.o
 .comment       0x0000007f       0x80 _build/nrf52832_xxaa/ble_conn_state.c.o
 .comment       0x0000007f       0x80 _build/nrf52832_xxaa/ble_db_discovery.c.o
 .comment       0x0000007f       0x80 _build/nrf52832_xxaa/nrf_ble_gatt.c.o
 .comment       0x0000007f       0x80 _build/nrf52832_xxaa/nrf_ble_scan.c.o
 .comment       0x0000007f       0x80 _build/nrf52832_xxaa/ble_lbs_c.c.o
 .comment       0x0000007f       0x80 _build/nrf52832_xxaa/nrf_sdh.c.o
 .comment       0x0000007f       0x80 _build/nrf52832_xxaa/nrf_sdh_ble.c.o
 .comment       0x0000007f       0x80 _build/nrf52832_xxaa/nrf_sdh_soc.c.o

.debug_line     0x00000000    0x1b6fa
 .debug_line    0x00000000       0xa3 _build/nrf52832_xxaa/gcc_startup_nrf52.S.o
 .debug_line    0x000000a3      0x952 _build/nrf52832_xxaa/nrf_log_backend_serial.c.o
 .debug_line    0x000009f5      0xc94 _build/nrf52832_xxaa/nrf_log_backend_uart.c.o
 .debug_line    0x00001689      0x8ab _build/nrf52832_xxaa/nrf_log_default_backends.c.o
 .debug_line    0x00001f34     0x10ce _build/nrf52832_xxaa/nrf_log_frontend.c.o
 .debug_line    0x00003002      0x9a6 _build/nrf52832_xxaa/nrf_log_str_formatter.c.o
 .debug_line    0x000039a8      0xaaa _build/nrf52832_xxaa/app_button.c.o
 .debug_line    0x00004452      0x576 _build/nrf52832_xxaa/app_error.c.o
 .debug_line    0x000049c8      0x943 _build/nrf52832_xxaa/app_error_weak.c.o
 .debug_line    0x0000530b      0xdc8 _build/nrf52832_xxaa/app_timer.c.o
 .debug_line    0x000060d3      0x683 _build/nrf52832_xxaa/app_util_platform.c.o
 .debug_line    0x00006756      0x6fa _build/nrf52832_xxaa/nrf_atflags.c.o
 .debug_line    0x00006e50      0x744 _build/nrf52832_xxaa/nrf_atomic.c.o
 .debug_line    0x00007594      0x880 _build/nrf52832_xxaa/nrf_balloc.c.o
 .debug_line    0x00007e14      0x5dc _build/nrf52832_xxaa/nrf_fprintf.c.o
 .debug_line    0x000083f0      0x7f1 _build/nrf52832_xxaa/nrf_fprintf_format.c.o
 .debug_line    0x00008be1      0x961 _build/nrf52832_xxaa/nrf_memobj.c.o
 .debug_line    0x00009542      0xdf9 _build/nrf52832_xxaa/nrf_pwr_mgmt.c.o
 .debug_line    0x0000a33b      0x7ad _build/nrf52832_xxaa/nrf_ringbuf.c.o
 .debug_line    0x0000aae8      0x5e3 _build/nrf52832_xxaa/nrf_section_iter.c.o
 .debug_line    0x0000b0cb      0x5ea _build/nrf52832_xxaa/nrf_strerror.c.o
 .debug_line    0x0000b6b5      0x4cf _build/nrf52832_xxaa/system_nrf52.c.o
 .debug_line    0x0000bb84      0xa1b _build/nrf52832_xxaa/boards.c.o
 .debug_line    0x0000c59f      0xdd5 _build/nrf52832_xxaa/nrf_drv_clock.c.o
 .debug_line    0x0000d374      0x939 _build/nrf52832_xxaa/nrf_drv_uart.c.o
 .debug_line    0x0000dcad      0xd70 _build/nrf52832_xxaa/nrfx_clock.c.o
 .debug_line    0x0000ea1d     0x14a3 _build/nrf52832_xxaa/nrfx_gpiote.c.o
 .debug_line    0x0000fec0      0xa8d _build/nrf52832_xxaa/nrfx_prs.c.o
 .debug_line    0x0001094d     0x11ca _build/nrf52832_xxaa/nrfx_uart.c.o
 .debug_line    0x00011b17     0x10eb _build/nrf52832_xxaa/nrfx_uarte.c.o
 .debug_line    0x00012c02      0xd35 _build/nrf52832_xxaa/bsp.c.o
 .debug_line    0x00013937      0xb68 _build/nrf52832_xxaa/bsp_btn_ble.c.o
 .debug_line    0x0001449f     0x12dc _build/nrf52832_xxaa/main.c.o
 .debug_line    0x0001577b      0xa0a _build/nrf52832_xxaa/ble_advdata.c.o
 .debug_line    0x00016185      0xbb6 _build/nrf52832_xxaa/ble_conn_state.c.o
 .debug_line    0x00016d3b      0xd62 _build/nrf52832_xxaa/ble_db_discovery.c.o
 .debug_line    0x00017a9d      0x9ad _build/nrf52832_xxaa/nrf_ble_gatt.c.o
 .debug_line    0x0001844a      0xb75 _build/nrf52832_xxaa/nrf_ble_scan.c.o
 .debug_line    0x00018fbf      0xad9 _build/nrf52832_xxaa/ble_lbs_c.c.o
 .debug_line    0x00019a98      0xa68 _build/nrf52832_xxaa/nrf_sdh.c.o
 .debug_line    0x0001a500      0x9c0 _build/nrf52832_xxaa/nrf_sdh_ble.c.o
 .debug_line    0x0001aec0      0x83a _build/nrf52832_xxaa/nrf_sdh_soc.c.o

.debug_info     0x00000000    0x4b709
 .debug_info    0x00000000       0xe6 _build/nrf52832_xxaa/gcc_startup_nrf52.S.o
 .debug_info    0x000000e6     0x1117 _build/nrf52832_xxaa/nrf_log_backend_serial.c.o
 .debug_info    0x000011fd     0x1abe _build/nrf52832_xxaa/nrf_log_backend_uart.c.o
 .debug_info    0x00002cbb      0xcd2 _build/nrf52832_xxaa/nrf_log_default_backends.c.o
 .debug_info    0x0000398d     0x3559 _build/nrf52832_xxaa/nrf_log_frontend.c.o
 .debug_info    0x00006ee6     0x1353 _build/nrf52832_xxaa/nrf_log_str_formatter.c.o
 .debug_info    0x00008239      0xf17 _build/nrf52832_xxaa/app_button.c.o
 .debug_info    0x00009150      0xaf2 _build/nrf52832_xxaa/app_error.c.o
 .debug_info    0x00009c42      0xf1f _build/nrf52832_xxaa/app_error_weak.c.o
 .debug_info    0x0000ab61     0x24a8 _build/nrf52832_xxaa/app_timer.c.o
 .debug_info    0x0000d009     0x1199 _build/nrf52832_xxaa/app_util_platform.c.o
 .debug_info    0x0000e1a2      0xe03 _build/nrf52832_xxaa/nrf_atflags.c.o
 .debug_info    0x0000efa5     0x121d _build/nrf52832_xxaa/nrf_atomic.c.o
 .debug_info    0x000101c2      0xd93 _build/nrf52832_xxaa/nrf_balloc.c.o
 .debug_info    0x00010f55      0xaaf _build/nrf52832_xxaa/nrf_fprintf.c.o
 .debug_info    0x00011a04     0x1165 _build/nrf52832_xxaa/nrf_fprintf_format.c.o
 .debug_info    0x00012b69     0x1370 _build/nrf52832_xxaa/nrf_memobj.c.o
 .debug_info    0x00013ed9     0x1c23 _build/nrf52832_xxaa/nrf_pwr_mgmt.c.o
 .debug_info    0x00015afc      0xe35 _build/nrf52832_xxaa/nrf_ringbuf.c.o
 .debug_info    0x00016931      0xa24 _build/nrf52832_xxaa/nrf_section_iter.c.o
 .debug_info    0x00017355      0xaa1 _build/nrf52832_xxaa/nrf_strerror.c.o
 .debug_info    0x00017df6     0x113c _build/nrf52832_xxaa/system_nrf52.c.o
 .debug_info    0x00018f32     0x14d2 _build/nrf52832_xxaa/boards.c.o
 .debug_info    0x0001a404     0x1e11 _build/nrf52832_xxaa/nrf_drv_clock.c.o
 .debug_info    0x0001c215     0x1932 _build/nrf52832_xxaa/nrf_drv_uart.c.o
 .debug_info    0x0001db47     0x1cd1 _build/nrf52832_xxaa/nrfx_clock.c.o
 .debug_info    0x0001f818     0x398e _build/nrf52832_xxaa/nrfx_gpiote.c.o
 .debug_info    0x000231a6     0x10d5 _build/nrf52832_xxaa/nrfx_prs.c.o
 .debug_info    0x0002427b     0x3842 _build/nrf52832_xxaa/nrfx_uart.c.o
 .debug_info    0x00027abd     0x3561 _build/nrf52832_xxaa/nrfx_uarte.c.o
 .debug_info    0x0002b01e     0x211a _build/nrf52832_xxaa/bsp.c.o
 .debug_info    0x0002d138     0x25b4 _build/nrf52832_xxaa/bsp_btn_ble.c.o
 .debug_info    0x0002f6ec     0x3fd6 _build/nrf52832_xxaa/main.c.o
 .debug_info    0x000336c2     0x2273 _build/nrf52832_xxaa/ble_advdata.c.o
 .debug_info    0x00035935     0x328f _build/nrf52832_xxaa/ble_conn_state.c.o
 .debug_info    0x00038bc4     0x38a6 _build/nrf52832_xxaa/ble_db_discovery.c.o
 .debug_info    0x0003c46a     0x3074 _build/nrf52832_xxaa/nrf_ble_gatt.c.o
 .debug_info    0x0003f4de     0x366b _build/nrf52832_xxaa/nrf_ble_scan.c.o
 .debug_info    0x00042b49     0x2d53 _build/nrf52832_xxaa/ble_lbs_c.c.o
 .debug_info    0x0004589c     0x1ed7 _build/nrf52832_xxaa/nrf_sdh.c.o
 .debug_info    0x00047773     0x310f _build/nrf52832_xxaa/nrf_sdh_ble.c.o
 .debug_info    0x0004a882      0xe87 _build/nrf52832_xxaa/nrf_sdh_soc.c.o

.debug_abbrev   0x00000000     0x946a
 .debug_abbrev  0x00000000       0x14 _build/nrf52832_xxaa/gcc_startup_nrf52.S.o
 .debug_abbrev  0x00000014      0x27d _build/nrf52832_xxaa/nrf_log_backend_serial.c.o
 .debug_abbrev  0x00000291      0x3c6 _build/nrf52832_xxaa/nrf_log_backend_uart.c.o
 .debug_abbrev  0x00000657      0x254 _build/nrf52832_xxaa/nrf_log_default_backends.c.o
 .debug_abbrev  0x000008ab      0x535 _build/nrf52832_xxaa/nrf_log_frontend.c.o
 .debug_abbrev  0x00000de0      0x2ab _build/nrf52832_xxaa/nrf_log_str_formatter.c.o
 .debug_abbrev  0x0000108b      0x2d7 _build/nrf52832_xxaa/app_button.c.o
 .debug_abbrev  0x00001362      0x235 _build/nrf52832_xxaa/app_error.c.o
 .debug_abbrev  0x00001597      0x296 _build/nrf52832_xxaa/app_error_weak.c.o
 .debug_abbrev  0x0000182d      0x4ae _build/nrf52832_xxaa/app_timer.c.o
 .debug_abbrev  0x00001cdb      0x374 _build/nrf52832_xxaa/app_util_platform.c.o
 .debug_abbrev  0x0000204f      0x2f4 _build/nrf52832_xxaa/nrf_atflags.c.o
 .debug_abbrev  0x00002343      0x312 _build/nrf52832_xxaa/nrf_atomic.c.o
 .debug_abbrev  0x00002655      0x300 _build/nrf52832_xxaa/nrf_balloc.c.o
 .debug_abbrev  0x00002955      0x239 _build/nrf52832_xxaa/nrf_fprintf.c.o
 .debug_abbrev  0x00002b8e      0x382 _build/nrf52832_xxaa/nrf_fprintf_format.c.o
 .debug_abbrev  0x00002f10      0x35d _build/nrf52832_xxaa/nrf_memobj.c.o
 .debug_abbrev  0x0000326d      0x456 _build/nrf52832_xxaa/nrf_pwr_mgmt.c.o
 .debug_abbrev  0x000036c3      0x267 _build/nrf52832_xxaa/nrf_ringbuf.c.o
 .debug_abbrev  0x0000392a      0x1d8 _build/nrf52832_xxaa/nrf_section_iter.c.o
 .debug_abbrev  0x00003b02      0x23d _build/nrf52832_xxaa/nrf_strerror.c.o
 .debug_abbrev  0x00003d3f      0x1e0 _build/nrf52832_xxaa/system_nrf52.c.o
 .debug_abbrev  0x00003f1f      0x3b3 _build/nrf52832_xxaa/boards.c.o
 .debug_abbrev  0x000042d2      0x51e _build/nrf52832_xxaa/nrf_drv_clock.c.o
 .debug_abbrev  0x000047f0      0x296 _build/nrf52832_xxaa/nrf_drv_uart.c.o
 .debug_abbrev  0x00004a86      0x496 _build/nrf52832_xxaa/nrfx_clock.c.o
 .debug_abbrev  0x00004f1c      0x4f7 _build/nrf52832_xxaa/nrfx_gpiote.c.o
 .debug_abbrev  0x00005413      0x30a _build/nrf52832_xxaa/nrfx_prs.c.o
 .debug_abbrev  0x0000571d      0x4f5 _build/nrf52832_xxaa/nrfx_uart.c.o
 .debug_abbrev  0x00005c12      0x4da _build/nrf52832_xxaa/nrfx_uarte.c.o
 .debug_abbrev  0x000060ec      0x4a7 _build/nrf52832_xxaa/bsp.c.o
 .debug_abbrev  0x00006593      0x36e _build/nrf52832_xxaa/bsp_btn_ble.c.o
 .debug_abbrev  0x00006901      0x4a4 _build/nrf52832_xxaa/main.c.o
 .debug_abbrev  0x00006da5      0x40f _build/nrf52832_xxaa/ble_advdata.c.o
 .debug_abbrev  0x000071b4      0x4d9 _build/nrf52832_xxaa/ble_conn_state.c.o
 .debug_abbrev  0x0000768d      0x4f4 _build/nrf52832_xxaa/ble_db_discovery.c.o
 .debug_abbrev  0x00007b81      0x43e _build/nrf52832_xxaa/nrf_ble_gatt.c.o
 .debug_abbrev  0x00007fbf      0x4a9 _build/nrf52832_xxaa/nrf_ble_scan.c.o
 .debug_abbrev  0x00008468      0x441 _build/nrf52832_xxaa/ble_lbs_c.c.o
 .debug_abbrev  0x000088a9      0x4e9 _build/nrf52832_xxaa/nrf_sdh.c.o
 .debug_abbrev  0x00008d92      0x41a _build/nrf52832_xxaa/nrf_sdh_ble.c.o
 .debug_abbrev  0x000091ac      0x2be _build/nrf52832_xxaa/nrf_sdh_soc.c.o

.debug_aranges  0x00000000      0xe68
 .debug_aranges
                0x00000000       0x20 _build/nrf52832_xxaa/gcc_startup_nrf52.S.o
 .debug_aranges
                0x00000020       0x20 _build/nrf52832_xxaa/nrf_log_backend_serial.c.o
 .debug_aranges
                0x00000040       0x48 _build/nrf52832_xxaa/nrf_log_backend_uart.c.o
 .debug_aranges
                0x00000088       0x20 _build/nrf52832_xxaa/nrf_log_default_backends.c.o
 .debug_aranges
                0x000000a8       0xc0 _build/nrf52832_xxaa/nrf_log_frontend.c.o
 .debug_aranges
                0x00000168       0x30 _build/nrf52832_xxaa/nrf_log_str_formatter.c.o
 .debug_aranges
                0x00000198       0x48 _build/nrf52832_xxaa/app_button.c.o
 .debug_aranges
                0x000001e0       0x28 _build/nrf52832_xxaa/app_error.c.o
 .debug_aranges
                0x00000208       0x20 _build/nrf52832_xxaa/app_error_weak.c.o
 .debug_aranges
                0x00000228       0x70 _build/nrf52832_xxaa/app_timer.c.o
 .debug_aranges
                0x00000298       0x48 _build/nrf52832_xxaa/app_util_platform.c.o
 .debug_aranges
                0x000002e0       0x58 _build/nrf52832_xxaa/nrf_atflags.c.o
 .debug_aranges
                0x00000338       0xb0 _build/nrf52832_xxaa/nrf_atomic.c.o
 .debug_aranges
                0x000003e8       0x30 _build/nrf52832_xxaa/nrf_balloc.c.o
 .debug_aranges
                0x00000418       0x28 _build/nrf52832_xxaa/nrf_fprintf.c.o
 .debug_aranges
                0x00000440       0x28 _build/nrf52832_xxaa/nrf_fprintf_format.c.o
 .debug_aranges
                0x00000468       0x50 _build/nrf52832_xxaa/nrf_memobj.c.o
 .debug_aranges
                0x000004b8       0x48 _build/nrf52832_xxaa/nrf_pwr_mgmt.c.o
 .debug_aranges
                0x00000500       0x50 _build/nrf52832_xxaa/nrf_ringbuf.c.o
 .debug_aranges
                0x00000550       0x28 _build/nrf52832_xxaa/nrf_section_iter.c.o
 .debug_aranges
                0x00000578       0x28 _build/nrf52832_xxaa/nrf_strerror.c.o
 .debug_aranges
                0x000005a0       0x28 _build/nrf52832_xxaa/system_nrf52.c.o
 .debug_aranges
                0x000005c8       0x78 _build/nrf52832_xxaa/boards.c.o
 .debug_aranges
                0x00000640       0xa8 _build/nrf52832_xxaa/nrf_drv_clock.c.o
 .debug_aranges
                0x000006e8       0x30 _build/nrf52832_xxaa/nrf_drv_uart.c.o
 .debug_aranges
                0x00000718       0x78 _build/nrf52832_xxaa/nrfx_clock.c.o
 .debug_aranges
                0x00000790       0xd8 _build/nrf52832_xxaa/nrfx_gpiote.c.o
 .debug_aranges
                0x00000868       0x30 _build/nrf52832_xxaa/nrfx_prs.c.o
 .debug_aranges
                0x00000898       0x78 _build/nrf52832_xxaa/nrfx_uart.c.o
 .debug_aranges
                0x00000910       0x68 _build/nrf52832_xxaa/nrfx_uarte.c.o
 .debug_aranges
                0x00000978       0x78 _build/nrf52832_xxaa/bsp.c.o
 .debug_aranges
                0x000009f0       0x30 _build/nrf52832_xxaa/bsp_btn_ble.c.o
 .debug_aranges
                0x00000a20       0x68 _build/nrf52832_xxaa/main.c.o
 .debug_aranges
                0x00000a88       0x78 _build/nrf52832_xxaa/ble_advdata.c.o
 .debug_aranges
                0x00000b00       0xc0 _build/nrf52832_xxaa/ble_conn_state.c.o
 .debug_aranges
                0x00000bc0       0x68 _build/nrf52832_xxaa/ble_db_discovery.c.o
 .debug_aranges
                0x00000c28       0x68 _build/nrf52832_xxaa/nrf_ble_gatt.c.o
 .debug_aranges
                0x00000c90       0x90 _build/nrf52832_xxaa/nrf_ble_scan.c.o
 .debug_aranges
                0x00000d20       0x60 _build/nrf52832_xxaa/ble_lbs_c.c.o
 .debug_aranges
                0x00000d80       0x70 _build/nrf52832_xxaa/nrf_sdh.c.o
 .debug_aranges
                0x00000df0       0x50 _build/nrf52832_xxaa/nrf_sdh_ble.c.o
 .debug_aranges
                0x00000e40       0x28 _build/nrf52832_xxaa/nrf_sdh_soc.c.o

.debug_loc      0x00000000    0x151f0
 .debug_loc     0x00000000      0x185 _build/nrf52832_xxaa/nrf_log_backend_serial.c.o
 .debug_loc     0x00000185      0x227 _build/nrf52832_xxaa/nrf_log_backend_uart.c.o
 .debug_loc     0x000003ac       0x15 _build/nrf52832_xxaa/nrf_log_default_backends.c.o
 .debug_loc     0x000003c1     0x2831 _build/nrf52832_xxaa/nrf_log_frontend.c.o
 .debug_loc     0x00002bf2      0x41a _build/nrf52832_xxaa/nrf_log_str_formatter.c.o
 .debug_loc     0x0000300c      0x369 _build/nrf52832_xxaa/app_button.c.o
 .debug_loc     0x00003375       0xca _build/nrf52832_xxaa/app_error.c.o
 .debug_loc     0x0000343f       0x63 _build/nrf52832_xxaa/app_error_weak.c.o
 .debug_loc     0x000034a2      0xd6a _build/nrf52832_xxaa/app_timer.c.o
 .debug_loc     0x0000420c       0xf2 _build/nrf52832_xxaa/app_util_platform.c.o
 .debug_loc     0x000042fe      0x3bb _build/nrf52832_xxaa/nrf_atflags.c.o
 .debug_loc     0x000046b9      0x35c _build/nrf52832_xxaa/nrf_atomic.c.o
 .debug_loc     0x00004a15      0x169 _build/nrf52832_xxaa/nrf_balloc.c.o
 .debug_loc     0x00004b7e       0x3f _build/nrf52832_xxaa/nrf_fprintf.c.o
 .debug_loc     0x00004bbd      0xcc6 _build/nrf52832_xxaa/nrf_fprintf_format.c.o
 .debug_loc     0x00005883      0xac5 _build/nrf52832_xxaa/nrf_memobj.c.o
 .debug_loc     0x00006348       0x91 _build/nrf52832_xxaa/nrf_pwr_mgmt.c.o
 .debug_loc     0x000063d9      0x65a _build/nrf52832_xxaa/nrf_ringbuf.c.o
 .debug_loc     0x00006a33      0x2db _build/nrf52832_xxaa/nrf_strerror.c.o
 .debug_loc     0x00006d0e      0x801 _build/nrf52832_xxaa/boards.c.o
 .debug_loc     0x0000750f      0x49a _build/nrf52832_xxaa/nrf_drv_clock.c.o
 .debug_loc     0x000079a9      0x1ae _build/nrf52832_xxaa/nrf_drv_uart.c.o
 .debug_loc     0x00007b57      0x329 _build/nrf52832_xxaa/nrfx_clock.c.o
 .debug_loc     0x00007e80     0x28f8 _build/nrf52832_xxaa/nrfx_gpiote.c.o
 .debug_loc     0x0000a778       0xc6 _build/nrf52832_xxaa/nrfx_prs.c.o
 .debug_loc     0x0000a83e     0x17b7 _build/nrf52832_xxaa/nrfx_uart.c.o
 .debug_loc     0x0000bff5     0x1371 _build/nrf52832_xxaa/nrfx_uarte.c.o
 .debug_loc     0x0000d366      0xd12 _build/nrf52832_xxaa/bsp.c.o
 .debug_loc     0x0000e078      0x259 _build/nrf52832_xxaa/bsp_btn_ble.c.o
 .debug_loc     0x0000e2d1      0x7ba _build/nrf52832_xxaa/main.c.o
 .debug_loc     0x0000ea8b     0x14db _build/nrf52832_xxaa/ble_advdata.c.o
 .debug_loc     0x0000ff66      0x9dd _build/nrf52832_xxaa/ble_conn_state.c.o
 .debug_loc     0x00010943     0x21cd _build/nrf52832_xxaa/ble_db_discovery.c.o
 .debug_loc     0x00012b10      0xc40 _build/nrf52832_xxaa/nrf_ble_gatt.c.o
 .debug_loc     0x00013750      0xe21 _build/nrf52832_xxaa/nrf_ble_scan.c.o
 .debug_loc     0x00014571      0x6a3 _build/nrf52832_xxaa/ble_lbs_c.c.o
 .debug_loc     0x00014c14      0x2c9 _build/nrf52832_xxaa/nrf_sdh.c.o
 .debug_loc     0x00014edd      0x29f _build/nrf52832_xxaa/nrf_sdh_ble.c.o
 .debug_loc     0x0001517c       0x74 _build/nrf52832_xxaa/nrf_sdh_soc.c.o

.debug_ranges   0x00000000     0x47a0
 .debug_ranges  0x00000000       0x28 _build/nrf52832_xxaa/nrf_log_backend_serial.c.o
 .debug_ranges  0x00000028       0xb0 _build/nrf52832_xxaa/nrf_log_backend_uart.c.o
 .debug_ranges  0x000000d8       0x10 _build/nrf52832_xxaa/nrf_log_default_backends.c.o
 .debug_ranges  0x000000e8      0x790 _build/nrf52832_xxaa/nrf_log_frontend.c.o
 .debug_ranges  0x00000878       0xb0 _build/nrf52832_xxaa/nrf_log_str_formatter.c.o
 .debug_ranges  0x00000928       0x98 _build/nrf52832_xxaa/app_button.c.o
 .debug_ranges  0x000009c0       0x18 _build/nrf52832_xxaa/app_error.c.o
 .debug_ranges  0x000009d8       0x10 _build/nrf52832_xxaa/app_error_weak.c.o
 .debug_ranges  0x000009e8      0x538 _build/nrf52832_xxaa/app_timer.c.o
 .debug_ranges  0x00000f20       0x80 _build/nrf52832_xxaa/app_util_platform.c.o
 .debug_ranges  0x00000fa0      0x108 _build/nrf52832_xxaa/nrf_atflags.c.o
 .debug_ranges  0x000010a8       0xb8 _build/nrf52832_xxaa/nrf_atomic.c.o
 .debug_ranges  0x00001160       0x78 _build/nrf52832_xxaa/nrf_balloc.c.o
 .debug_ranges  0x000011d8       0x18 _build/nrf52832_xxaa/nrf_fprintf.c.o
 .debug_ranges  0x000011f0      0x1f0 _build/nrf52832_xxaa/nrf_fprintf_format.c.o
 .debug_ranges  0x000013e0       0x98 _build/nrf52832_xxaa/nrf_memobj.c.o
 .debug_ranges  0x00001478       0x98 _build/nrf52832_xxaa/nrf_pwr_mgmt.c.o
 .debug_ranges  0x00001510       0x40 _build/nrf52832_xxaa/nrf_ringbuf.c.o
 .debug_ranges  0x00001550       0x18 _build/nrf52832_xxaa/nrf_section_iter.c.o
 .debug_ranges  0x00001568       0x80 _build/nrf52832_xxaa/nrf_strerror.c.o
 .debug_ranges  0x000015e8      0x160 _build/nrf52832_xxaa/system_nrf52.c.o
 .debug_ranges  0x00001748      0x170 _build/nrf52832_xxaa/boards.c.o
 .debug_ranges  0x000018b8      0x288 _build/nrf52832_xxaa/nrf_drv_clock.c.o
 .debug_ranges  0x00001b40       0x20 _build/nrf52832_xxaa/nrf_drv_uart.c.o
 .debug_ranges  0x00001b60      0x2a0 _build/nrf52832_xxaa/nrfx_clock.c.o
 .debug_ranges  0x00001e00      0xae8 _build/nrf52832_xxaa/nrfx_gpiote.c.o
 .debug_ranges  0x000028e8       0x50 _build/nrf52832_xxaa/nrfx_prs.c.o
 .debug_ranges  0x00002938      0x4a0 _build/nrf52832_xxaa/nrfx_uart.c.o
 .debug_ranges  0x00002dd8      0x428 _build/nrf52832_xxaa/nrfx_uarte.c.o
 .debug_ranges  0x00003200      0x310 _build/nrf52832_xxaa/bsp.c.o
 .debug_ranges  0x00003510       0xc8 _build/nrf52832_xxaa/bsp_btn_ble.c.o
 .debug_ranges  0x000035d8      0x100 _build/nrf52832_xxaa/main.c.o
 .debug_ranges  0x000036d8      0x268 _build/nrf52832_xxaa/ble_advdata.c.o
 .debug_ranges  0x00003940      0x218 _build/nrf52832_xxaa/ble_conn_state.c.o
 .debug_ranges  0x00003b58      0x5b0 _build/nrf52832_xxaa/ble_db_discovery.c.o
 .debug_ranges  0x00004108      0x130 _build/nrf52832_xxaa/nrf_ble_gatt.c.o
 .debug_ranges  0x00004238      0x130 _build/nrf52832_xxaa/nrf_ble_scan.c.o
 .debug_ranges  0x00004368      0x148 _build/nrf52832_xxaa/ble_lbs_c.c.o
 .debug_ranges  0x000044b0      0x210 _build/nrf52832_xxaa/nrf_sdh.c.o
 .debug_ranges  0x000046c0       0xb0 _build/nrf52832_xxaa/nrf_sdh_ble.c.o
 .debug_ranges  0x00004770       0x30 _build/nrf52832_xxaa/nrf_sdh_soc.c.o

.debug_macro    0x00000000     0xda48
 .debug_macro   0x00000000      0x39c _build/nrf52832_xxaa/nrf_log_backend_serial.c.o
 .debug_macro   0x0000039c       0x16 _build/nrf52832_xxaa/nrf_log_backend_serial.c.o
 .debug_macro   0x000003b2       0x22 _build/nrf52832_xxaa/nrf_log_backend_serial.c.o
 .debug_macro   0x000003d4       0x16 _build/nrf52832_xxaa/nrf_log_backend_serial.c.o
 .debug_macro   0x000003ea       0x46 _build/nrf52832_xxaa/nrf_log_backend_serial.c.o
 .debug_macro   0x00000430       0xa3 _build/nrf52832_xxaa/nrf_log_backend_serial.c.o
 .debug_macro   0x000004d3       0x3a _build/nrf52832_xxaa/nrf_log_backend_serial.c.o
 .debug_macro   0x0000050d       0x1c _build/nrf52832_xxaa/nrf_log_backend_serial.c.o
 .debug_macro   0x00000529       0x10 _build/nrf52832_xxaa/nrf_log_backend_serial.c.o
 .debug_macro   0x00000539       0x10 _build/nrf52832_xxaa/nrf_log_backend_serial.c.o
 .debug_macro   0x00000549       0xb6 _build/nrf52832_xxaa/nrf_log_backend_serial.c.o
 .debug_macro   0x000005ff       0x16 _build/nrf52832_xxaa/nrf_log_backend_serial.c.o
 .debug_macro   0x00000615      0x145 _build/nrf52832_xxaa/nrf_log_backend_serial.c.o
 .debug_macro   0x0000075a       0x49 _build/nrf52832_xxaa/nrf_log_backend_serial.c.o
 .debug_macro   0x000007a3       0x8c _build/nrf52832_xxaa/nrf_log_backend_serial.c.o
 .debug_macro   0x0000082f       0x31 _build/nrf52832_xxaa/nrf_log_backend_serial.c.o
 .debug_macro   0x00000860       0x55 _build/nrf52832_xxaa/nrf_log_backend_serial.c.o