Archive member included to satisfy reference by file (symbol)

c:/program files (x86)/gnu tools arm embedded/6 2017-q2-update/bin/../lib/gcc/arm-none-eabi/6.3.1/../../../../arm-none-eabi/lib/thumb/v7e-m/fpv4-sp/hard\libc_nano.a(lib_a-exit.o)
                              c:/program files (x86)/gnu tools arm embedded/6 2017-q2-update/bin/../lib/gcc/arm-none-eabi/6.3.1/../../../../arm-none-eabi/lib/thumb/v7e-m/fpv4-sp/hard/crt0.o (exit)
c:/program files (x86)/gnu tools arm embedded/6 2017-q2-update/bin/../lib/gcc/arm-none-eabi/6.3.1/../../../../arm-none-eabi/lib/thumb/v7e-m/fpv4-sp/hard\libc_nano.a(lib_a-impure.o)
                              c:/program files (x86)/gnu tools arm embedded/6 2017-q2-update/bin/../lib/gcc/arm-none-eabi/6.3.1/../../../../arm-none-eabi/lib/thumb/v7e-m/fpv4-sp/hard\libc_nano.a(lib_a-exit.o) (_global_impure_ptr)
c:/program files (x86)/gnu tools arm embedded/6 2017-q2-update/bin/../lib/gcc/arm-none-eabi/6.3.1/../../../../arm-none-eabi/lib/thumb/v7e-m/fpv4-sp/hard\libc_nano.a(lib_a-init.o)
                              c:/program files (x86)/gnu tools arm embedded/6 2017-q2-update/bin/../lib/gcc/arm-none-eabi/6.3.1/../../../../arm-none-eabi/lib/thumb/v7e-m/fpv4-sp/hard/crt0.o (__libc_init_array)
c:/program files (x86)/gnu tools arm embedded/6 2017-q2-update/bin/../lib/gcc/arm-none-eabi/6.3.1/../../../../arm-none-eabi/lib/thumb/v7e-m/fpv4-sp/hard\libc_nano.a(lib_a-locale.o)
                              _build/nrf52832_xxaa/nrf_log_str_formatter.c.o (__locale_ctype_ptr)
c:/program files (x86)/gnu tools arm embedded/6 2017-q2-update/bin/../lib/gcc/arm-none-eabi/6.3.1/../../../../arm-none-eabi/lib/thumb/v7e-m/fpv4-sp/hard\libc_nano.a(lib_a-mbtowc_r.o)
                              c:/program files (x86)/gnu tools arm embedded/6 2017-q2-update/bin/../lib/gcc/arm-none-eabi/6.3.1/../../../../arm-none-eabi/lib/thumb/v7e-m/fpv4-sp/hard\libc_nano.a(lib_a-locale.o) (__ascii_mbtowc)
c:/program files (x86)/gnu tools arm embedded/6 2017-q2-update/bin/../lib/gcc/arm-none-eabi/6.3.1/../../../../arm-none-eabi/lib/thumb/v7e-m/fpv4-sp/hard\libc_nano.a(lib_a-memcmp.o)
                              _build/nrf52832_xxaa/ble_advdata.c.o (memcmp)
c:/program files (x86)/gnu tools arm embedded/6 2017-q2-update/bin/../lib/gcc/arm-none-eabi/6.3.1/../../../../arm-none-eabi/lib/thumb/v7e-m/fpv4-sp/hard\libc_nano.a(lib_a-memcpy-stub.o)
                              _build/nrf52832_xxaa/nrf_log_frontend.c.o (memcpy)
c:/program files (x86)/gnu tools arm embedded/6 2017-q2-update/bin/../lib/gcc/arm-none-eabi/6.3.1/../../../../arm-none-eabi/lib/thumb/v7e-m/fpv4-sp/hard\libc_nano.a(lib_a-memset.o)
                              c:/program files (x86)/gnu tools arm embedded/6 2017-q2-update/bin/../lib/gcc/arm-none-eabi/6.3.1/../../../../arm-none-eabi/lib/thumb/v7e-m/fpv4-sp/hard/crt0.o (memset)
c:/program files (x86)/gnu tools arm embedded/6 2017-q2-update/bin/../lib/gcc/arm-none-eabi/6.3.1/../../../../arm-none-eabi/lib/thumb/v7e-m/fpv4-sp/hard\libc_nano.a(lib_a-printf.o)
                              _build/nrf52832_xxaa/main.c.o (printf)
c:/program files (x86)/gnu tools arm embedded/6 2017-q2-update/bin/../lib/gcc/arm-none-eabi/6.3.1/../../../../arm-none-eabi/lib/thumb/v7e-m/fpv4-sp/hard\libc_nano.a(lib_a-strcmp.o)
                              c:/program files (x86)/gnu tools arm embedded/6 2017-q2-update/bin/../lib/gcc/arm-none-eabi/6.3.1/../../../../arm-none-eabi/lib/thumb/v7e-m/fpv4-sp/hard\libc_nano.a(lib_a-locale.o) (strcmp)
c:/program files (x86)/gnu tools arm embedded/6 2017-q2-update/bin/../lib/gcc/arm-none-eabi/6.3.1/../../../../arm-none-eabi/lib/thumb/v7e-m/fpv4-sp/hard\libc_nano.a(lib_a-strcpy.o)
                              _build/nrf52832_xxaa/SEGGER_RTT.c.o (strcpy)
c:/program files (x86)/gnu tools arm embedded/6 2017-q2-update/bin/../lib/gcc/arm-none-eabi/6.3.1/../../../../arm-none-eabi/lib/thumb/v7e-m/fpv4-sp/hard\libc_nano.a(lib_a-strlen.o)
                              _build/nrf52832_xxaa/nrf_log_frontend.c.o (strlen)
c:/program files (x86)/gnu tools arm embedded/6 2017-q2-update/bin/../lib/gcc/arm-none-eabi/6.3.1/../../../../arm-none-eabi/lib/thumb/v7e-m/fpv4-sp/hard\libc_nano.a(lib_a-wctomb_r.o)
                              c:/program files (x86)/gnu tools arm embedded/6 2017-q2-update/bin/../lib/gcc/arm-none-eabi/6.3.1/../../../../arm-none-eabi/lib/thumb/v7e-m/fpv4-sp/hard\libc_nano.a(lib_a-locale.o) (__ascii_wctomb)
c:/program files (x86)/gnu tools arm embedded/6 2017-q2-update/bin/../lib/gcc/arm-none-eabi/6.3.1/../../../../arm-none-eabi/lib/thumb/v7e-m/fpv4-sp/hard\libc_nano.a(lib_a-ctype_.o)
                              c:/program files (x86)/gnu tools arm embedded/6 2017-q2-update/bin/../lib/gcc/arm-none-eabi/6.3.1/../../../../arm-none-eabi/lib/thumb/v7e-m/fpv4-sp/hard\libc_nano.a(lib_a-locale.o) (_ctype_)
c:/program files (x86)/gnu tools arm embedded/6 2017-q2-update/bin/../lib/gcc/arm-none-eabi/6.3.1/../../../../arm-none-eabi/lib/thumb/v7e-m/fpv4-sp/hard\libc_nano.a(lib_a-findfp.o)
[...]
Memory Configuration

Name             Origin             Length             Attributes
FLASH            0x00026000         0x0005a000         xr
RAM              0x200029e0         0x0000d620         xrw
*default*        0x00000000         0xffffffff

Linker script and memory map


.text           0x00026000     0x991c
 *(.isr_vector)
 .isr_vector    0x00026000      0x200 _build/nrf52832_xxaa/gcc_startup_nrf52.S.o
                0x00026000                __isr_vector
 *(.text*)
 .text          0x00026200       0x6c c:/program files (x86)/gnu tools arm embedded/6 2017-q2-update/bin/../lib/gcc/arm-none-eabi/6.3.1/thumb/v7e-m/fpv4-sp/hard/crtbegin.o
 .text          0x0002626c       0x74 c:/program files (x86)/gnu tools arm embedded/6 2017-q2-update/bin/../lib/gcc/arm-none-eabi/6.3.1/../../../../arm-none-eabi/lib/thumb/v7e-m/fpv4-sp/hard/crt0.o
                0x0002626c                _start
                0x0002626c                _mainCRTStartup
 .text          0x000262e0       0x3c _build/nrf52832_xxaa/gcc_startup_nrf52.S.o
                0x000262e0                Reset_Handler
                0x00026308                NMI_Handler
                0x0002630a                HardFault_Handler
                0x0002630c                MemoryManagement_Handler
                0x0002630e                BusFault_Handler
                0x00026310                UsageFault_Handler
                0x00026312                SVC_Handler
                0x00026314                DebugMon_Handler
                0x00026316                PendSV_Handler
                0x00026318                SysTick_Handler
                0x0002631a                TEMP_IRQHandler
                0x0002631a                QDEC_IRQHandler
                0x0002631a                TIMER3_IRQHandler
                0x0002631a                FPU_IRQHandler
                0x0002631a                SPIM0_SPIS0_TWIM0_TWIS0_SPI0_TWI0_IRQHandler
                0x0002631a                PDM_IRQHandler
                0x0002631a                TIMER4_IRQHandler
                0x0002631a                I2S_IRQHandler
                0x0002631a                SWI4_EGU4_IRQHandler
                0x0002631a                TIMER0_IRQHandler
                0x0002631a                RADIO_IRQHandler
                0x0002631a                RTC0_IRQHandler
                0x0002631a                PWM2_IRQHandler
                0x0002631a                ECB_IRQHandler
                0x0002631a                SPIM1_SPIS1_TWIM1_TWIS1_SPI1_TWI1_IRQHandler
                0x0002631a                Default_Handler
                0x0002631a                SAADC_IRQHandler
                0x0002631a                CCM_AAR_IRQHandler
                0x0002631a                WDT_IRQHandler
                0x0002631a                PWM1_IRQHandler
                0x0002631a                SWI5_EGU5_IRQHandler
                0x0002631a                RNG_IRQHandler
                0x0002631a                RTC2_IRQHandler
                0x0002631a                PWM0_IRQHandler
                0x0002631a                SWI3_EGU3_IRQHandler
                0x0002631a                SWI1_EGU1_IRQHandler
                0x0002631a                SPIM2_SPIS2_SPI2_IRQHandler
                0x0002631a                NFCT_IRQHandler
                0x0002631a                TIMER1_IRQHandler
                0x0002631a                MWU_IRQHandler
                0x0002631a                TIMER2_IRQHandler
                0x0002631a                COMP_LPCOMP_IRQHandler
 .text.nrf_log_backend_rtt_panic_set
                0x0002631c        0x4 _build/nrf52832_xxaa/nrf_log_backend_rtt.c.o
 .text.nrf_log_backend_rtt_put
                0x00026320       0x20 _build/nrf52832_xxaa/nrf_log_backend_rtt.c.o
 .text.serial_tx
                0x00026340       0x54 _build/nrf52832_xxaa/nrf_log_backend_rtt.c.o
 .text.nrf_log_backend_rtt_flush
                0x00026394        0x4 _build/nrf52832_xxaa/nrf_log_backend_rtt.c.o
 .text.nrf_log_backend_rtt_init
                0x00026398        0x4 _build/nrf52832_xxaa/nrf_log_backend_rtt.c.o
                0x00026398                nrf_log_backend_rtt_init
 .text.nrf_log_backend_serial_put
                0x0002639c       0xcc _build/nrf52832_xxaa/nrf_log_backend_serial.c.o
                0x0002639c                nrf_log_backend_serial_put
 .text.nrf_log_default_backends_init
                0x00026468       0x20 _build/nrf52832_xxaa/nrf_log_default_backends.c.o
                0x00026468                nrf_log_default_backends_init
 .text.log_skip
                0x00026488       0xd8 _build/nrf52832_xxaa/nrf_log_frontend.c.o
 .text.nrf_log_init
                0x00026560       0x3c _build/nrf52832_xxaa/nrf_log_frontend.c.o
                0x00026560                nrf_log_init
 .text.nrf_log_module_name_get
                0x0002659c       0x54 _build/nrf52832_xxaa/nrf_log_frontend.c.o
                0x0002659c                nrf_log_module_name_get
 .text.nrf_log_color_id_get
                0x000265f0       0x2c _build/nrf52832_xxaa/nrf_log_frontend.c.o
                0x000265f0                nrf_log_color_id_get
 .text.nrf_log_frontend_dequeue
                0x0002661c      0x270 _build/nrf52832_xxaa/nrf_log_frontend.c.o
                0x0002661c                nrf_log_frontend_dequeue
 .text.nrf_log_frontend_std_0
                0x0002688c       0xf4 _build/nrf52832_xxaa/nrf_log_frontend.c.o
                0x0002688c                nrf_log_frontend_std_0
 .text.nrf_log_frontend_std_1
                0x00026980       0xf4 _build/nrf52832_xxaa/nrf_log_frontend.c.o
                0x00026980                nrf_log_frontend_std_1
 .text.nrf_log_frontend_std_2
                0x00026a74      0x108 _build/nrf52832_xxaa/nrf_log_frontend.c.o
                0x00026a74                nrf_log_frontend_std_2
 .text.nrf_log_frontend_std_6
                0x00026b7c      0x160 _build/nrf52832_xxaa/nrf_log_frontend.c.o
                0x00026b7c                nrf_log_frontend_std_6
 .text.nrf_log_backend_add
                0x00026cdc       0x64 _build/nrf52832_xxaa/nrf_log_frontend.c.o
                0x00026cdc                nrf_log_backend_add
 .text.nrf_log_panic
                0x00026d40       0x2c _build/nrf52832_xxaa/nrf_log_frontend.c.o
                0x00026d40                nrf_log_panic
 .text.nrf_log_std_entry_process
                0x00026d6c      0x14c _build/nrf52832_xxaa/nrf_log_str_formatter.c.o
                0x00026d6c                nrf_log_std_entry_process
 .text.nrf_log_hexdump_entry_process
                0x00026eb8      0x15c _build/nrf52832_xxaa/nrf_log_str_formatter.c.o
                0x00026eb8                nrf_log_hexdump_entry_process
 .text.detection_delay_timeout_handler
                0x00027014      0x120 _build/nrf52832_xxaa/app_button.c.o
 .text.gpiote_event_handler
                0x00027134       0x98 _build/nrf52832_xxaa/app_button.c.o
 .text.app_button_init
                0x000271cc       0xb0 _build/nrf52832_xxaa/app_button.c.o
                0x000271cc                app_button_init
 .text.app_button_enable
                0x0002727c       0x2c _build/nrf52832_xxaa/app_button.c.o
                0x0002727c                app_button_enable
 .text.app_error_handler_bare
                0x000272a8       0x20 _build/nrf52832_xxaa/app_error.c.o
                0x000272a8                app_error_handler_bare
 .text.app_error_fault_handler
                0x000272c8       0x70 _build/nrf52832_xxaa/app_error_weak.c.o
                0x000272c8                app_error_fault_handler
 .text.app_fifo_init
                0x00027338       0x20 _build/nrf52832_xxaa/app_fifo.c.o
                0x00027338                app_fifo_init
 .text.app_fifo_put
                0x00027358       0x30 _build/nrf52832_xxaa/app_fifo.c.o
                0x00027358                app_fifo_put
 .text.app_fifo_get
                0x00027388       0x2c _build/nrf52832_xxaa/app_fifo.c.o
                0x00027388                app_fifo_get
 .text.RTC1_IRQHandler
                0x000273b4       0xa0 _build/nrf52832_xxaa/app_timer.c.o
                0x000273b4                RTC1_IRQHandler
 .text.SWI0_EGU0_IRQHandler
                0x00027454      0x3e0 _build/nrf52832_xxaa/app_timer.c.o
                0x00027454                SWI0_EGU0_IRQHandler
 .text.app_timer_init
                0x00027834       0xa8 _build/nrf52832_xxaa/app_timer.c.o
                0x00027834                app_timer_init
 .text.app_timer_create
                0x000278dc       0x24 _build/nrf52832_xxaa/app_timer.c.o
                0x000278dc                app_timer_create
 .text.app_timer_start
                0x00027900       0xac _build/nrf52832_xxaa/app_timer.c.o
                0x00027900                app_timer_start
 .text.app_timer_stop
                0x000279ac       0x78 _build/nrf52832_xxaa/app_timer.c.o
                0x000279ac                app_timer_stop
 .text.uart_event_handler
                0x00027a24      0x114 _build/nrf52832_xxaa/app_uart_fifo.c.o
 .text.app_uart_init
                0x00027b38       0xf4 _build/nrf52832_xxaa/app_uart_fifo.c.o
                0x00027b38                app_uart_init
 .text.app_uart_get
                0x00027c2c       0x60 _build/nrf52832_xxaa/app_uart_fifo.c.o
                0x00027c2c                app_uart_get
 .text.app_uart_put
                0x00027c8c       0x78 _build/nrf52832_xxaa/app_uart_fifo.c.o
                0x00027c8c                app_uart_put
 .text.app_util_critical_region_enter
                0x00027d04       0x4c _build/nrf52832_xxaa/app_util_platform.c.o
                0x00027d04                app_util_critical_region_enter
 .text.app_util_critical_region_exit
                0x00027d50       0x30 _build/nrf52832_xxaa/app_util_platform.c.o
                0x00027d50                app_util_critical_region_exit
 .text.nrf_atomic_u32_fetch_store
                0x00027d80       0x18 _build/nrf52832_xxaa/nrf_atomic.c.o
                0x00027d80                nrf_atomic_u32_fetch_store
 .text.nrf_atomic_u32_add
                0x00027d98       0x1c _build/nrf52832_xxaa/nrf_atomic.c.o
                0x00027d98                nrf_atomic_u32_add
 .text.nrf_atomic_u32_sub
                0x00027db4       0x1c _build/nrf52832_xxaa/nrf_atomic.c.o
                0x00027db4                nrf_atomic_u32_sub
 .text.nrf_atomic_flag_set
                0x00027dd0       0x1c _build/nrf52832_xxaa/nrf_atomic.c.o
                0x00027dd0                nrf_atomic_flag_set
 .text.nrf_atomic_flag_clear_fetch
                0x00027dec       0x1c _build/nrf52832_xxaa/nrf_atomic.c.o
                0x00027dec                nrf_atomic_flag_clear_fetch
 .text.nrf_balloc_init
                0x00027e08       0x38 _build/nrf52832_xxaa/nrf_balloc.c.o
                0x00027e08                nrf_balloc_init
 .text.nrf_balloc_alloc
                0x00027e40       0x50 _build/nrf52832_xxaa/nrf_balloc.c.o
                0x00027e40                nrf_balloc_alloc
 .text.nrf_balloc_free
                0x00027e90       0x38 _build/nrf52832_xxaa/nrf_balloc.c.o
                0x00027e90                nrf_balloc_free
 .text.nrf_fprintf_buffer_flush
                0x00027ec8       0x18 _build/nrf52832_xxaa/nrf_fprintf.c.o
                0x00027ec8                nrf_fprintf_buffer_flush
 .text.nrf_fprintf
                0x00027ee0       0x20 _build/nrf52832_xxaa/nrf_fprintf.c.o
                0x00027ee0                nrf_fprintf
 .text.unsigned_print
                0x00027f00      0x120 _build/nrf52832_xxaa/nrf_fprintf_format.c.o
 .text.nrf_fprintf_fmt
                0x00028020      0x504 _build/nrf52832_xxaa/nrf_fprintf_format.c.o
                0x00028020                nrf_fprintf_fmt
 .text.nrf_memobj_pool_init
                0x00028524        0x4 _build/nrf52832_xxaa/nrf_memobj.c.o
                0x00028524                nrf_memobj_pool_init
 .text.nrf_memobj_alloc
                0x00028528       0x90 _build/nrf52832_xxaa/nrf_memobj.c.o
                0x00028528                nrf_memobj_alloc
 .text.nrf_memobj_get
                0x000285b8        0x8 _build/nrf52832_xxaa/nrf_memobj.c.o
                0x000285b8                nrf_memobj_get
 .text.nrf_memobj_put
                0x000285c0       0x44 _build/nrf52832_xxaa/nrf_memobj.c.o
                0x000285c0                nrf_memobj_put
 .text.nrf_memobj_write
                0x00028604       0x6c _build/nrf52832_xxaa/nrf_memobj.c.o
                0x00028604                nrf_memobj_write
 .text.nrf_memobj_read
                0x00028670       0x6c _build/nrf52832_xxaa/nrf_memobj.c.o
                0x00028670                nrf_memobj_read
 .text.sd_power_system_off
                0x000286dc        0x4 _build/nrf52832_xxaa/nrf_pwr_mgmt.c.o
 .text.sd_app_evt_wait
                0x000286e0        0x4 _build/nrf52832_xxaa/nrf_pwr_mgmt.c.o
 .text.nrf_pwr_mgmt_init
                0x000286e4       0x2c _build/nrf52832_xxaa/nrf_pwr_mgmt.c.o
                0x000286e4                nrf_pwr_mgmt_init
 .text.nrf_pwr_mgmt_run
                0x00028710       0x50 _build/nrf52832_xxaa/nrf_pwr_mgmt.c.o
                0x00028710                nrf_pwr_mgmt_run
 .text.nrf_pwr_mgmt_shutdown
                0x00028760       0xbc _build/nrf52832_xxaa/nrf_pwr_mgmt.c.o
                0x00028760                nrf_pwr_mgmt_shutdown
 .text.nrf_ringbuf_init
                0x0002881c       0x1c _build/nrf52832_xxaa/nrf_ringbuf.c.o
                0x0002881c                nrf_ringbuf_init
 .text.nrf_section_iter_init
                0x00028838       0x14 _build/nrf52832_xxaa/nrf_section_iter.c.o
                0x00028838                nrf_section_iter_init
 .text.nrf_section_iter_next
                0x0002884c       0x18 _build/nrf52832_xxaa/nrf_section_iter.c.o
                0x0002884c                nrf_section_iter_next
 .text.nrf_strerror_get
                0x00028864       0x6c _build/nrf52832_xxaa/nrf_strerror.c.o
                0x00028864                nrf_strerror_get
 .text._write   0x000288d0       0x1c _build/nrf52832_xxaa/retarget.c.o
                0x000288d0                _write
 .text._read    0x000288ec       0x14 _build/nrf52832_xxaa/retarget.c.o
                0x000288ec                _read
 .text.SystemInit
                0x00028900      0x3cc _build/nrf52832_xxaa/system_nrf52.c.o
                0x00028900                SystemInit
 .text.bsp_board_led_state_get
                0x00028ccc       0x1c _build/nrf52832_xxaa/boards.c.o
                0x00028ccc                bsp_board_led_state_get
 .text.bsp_board_led_on
                0x00028ce8       0x18 _build/nrf52832_xxaa/boards.c.o
                0x00028ce8                bsp_board_led_on
 .text.bsp_board_led_off
                0x00028d00       0x18 _build/nrf52832_xxaa/boards.c.o
                0x00028d00                bsp_board_led_off
 .text.bsp_board_leds_off
                0x00028d18       0x2c _build/nrf52832_xxaa/boards.c.o
                0x00028d18                bsp_board_leds_off
 .text.bsp_board_leds_on
                0x00028d44       0x2c _build/nrf52832_xxaa/boards.c.o
                0x00028d44                bsp_board_leds_on
 .text.bsp_board_led_invert
                0x00028d70       0x24 _build/nrf52832_xxaa/boards.c.o
                0x00028d70                bsp_board_led_invert
 .text.bsp_board_button_state_get
                0x00028d94       0x1c _build/nrf52832_xxaa/boards.c.o
                0x00028d94                bsp_board_button_state_get
 .text.bsp_board_pin_to_button_idx
                0x00028db0       0x24 _build/nrf52832_xxaa/boards.c.o
                0x00028db0                bsp_board_pin_to_button_idx
 .text.bsp_board_button_idx_to_pin
                0x00028dd4        0xc _build/nrf52832_xxaa/boards.c.o
                0x00028dd4                bsp_board_button_idx_to_pin
 .text.bsp_board_init
                0x00028de0       0x5c _build/nrf52832_xxaa/boards.c.o
                0x00028de0                bsp_board_init
 .text.clock_irq_handler
                0x00028e3c       0x40 _build/nrf52832_xxaa/nrf_drv_clock.c.o
 .text.soc_evt_handler
                0x00028e7c       0x24 _build/nrf52832_xxaa/nrf_drv_clock.c.o
 .text.sd_state_evt_handler
                0x00028ea0       0xa0 _build/nrf52832_xxaa/nrf_drv_clock.c.o
 .text.uarte_evt_handler
                0x00028f40       0x34 _build/nrf52832_xxaa/nrf_drv_uart.c.o
 .text.uart_evt_handler
                0x00028f74       0x34 _build/nrf52832_xxaa/nrf_drv_uart.c.o
 .text.nrf_drv_uart_init
                0x00028fa8       0x80 _build/nrf52832_xxaa/nrf_drv_uart.c.o
                0x00028fa8                nrf_drv_uart_init
 .text.nrfx_clock_init
                0x00029028       0x1c _build/nrf52832_xxaa/nrfx_clock.c.o
                0x00029028                nrfx_clock_init
 .text.nrfx_clock_enable
                0x00029044       0x28 _build/nrf52832_xxaa/nrfx_clock.c.o
                0x00029044                nrfx_clock_enable
 .text.nrfx_clock_lfclk_stop
                0x0002906c       0x18 _build/nrf52832_xxaa/nrfx_clock.c.o
                0x0002906c                nrfx_clock_lfclk_stop
 .text.POWER_CLOCK_IRQHandler
                0x00029084       0x60 _build/nrf52832_xxaa/nrfx_clock.c.o
                0x00029084                POWER_CLOCK_IRQHandler
 .text.nrfx_gpiote_init
                0x000290e4       0x9c _build/nrf52832_xxaa/nrfx_gpiote.c.o
                0x000290e4                nrfx_gpiote_init
 .text.nrfx_gpiote_is_init
                0x00029180       0x14 _build/nrf52832_xxaa/nrfx_gpiote.c.o
                0x00029180                nrfx_gpiote_is_init
 .text.nrfx_gpiote_in_init
                0x00029194      0x1a4 _build/nrf52832_xxaa/nrfx_gpiote.c.o
                0x00029194                nrfx_gpiote_in_init
 .text.nrfx_gpiote_in_event_enable
                0x00029338       0xc4 _build/nrf52832_xxaa/nrfx_gpiote.c.o
                0x00029338                nrfx_gpiote_in_event_enable
 .text.nrfx_gpiote_in_is_set
                0x000293fc       0x14 _build/nrf52832_xxaa/nrfx_gpiote.c.o
                0x000293fc                nrfx_gpiote_in_is_set
 .text.GPIOTE_IRQHandler
                0x00029410      0x528 _build/nrf52832_xxaa/nrfx_gpiote.c.o
                0x00029410                GPIOTE_IRQHandler
 .text.UARTE0_UART0_IRQHandler
                0x00029938        0xc _build/nrf52832_xxaa/nrfx_prs.c.o
                0x00029938                UARTE0_UART0_IRQHandler
 .text.nrfx_prs_acquire
                0x00029944       0x4c _build/nrf52832_xxaa/nrfx_prs.c.o
                0x00029944                nrfx_prs_acquire
 .text.nrfx_uart_0_irq_handler
                0x00029990      0x1c4 _build/nrf52832_xxaa/nrfx_uart.c.o
                0x00029990                nrfx_uart_0_irq_handler
 .text.nrfx_uart_init
                0x00029b54      0x198 _build/nrf52832_xxaa/nrfx_uart.c.o
                0x00029b54                nrfx_uart_init
 .text.nrfx_uart_tx
                0x00029cec       0xc8 _build/nrf52832_xxaa/nrfx_uart.c.o
                0x00029cec                nrfx_uart_tx
 .text.nrfx_uart_tx_in_progress
                0x00029db4       0x18 _build/nrf52832_xxaa/nrfx_uart.c.o
                0x00029db4                nrfx_uart_tx_in_progress
 .text.nrfx_uart_rx
                0x00029dcc      0x158 _build/nrf52832_xxaa/nrfx_uart.c.o
                0x00029dcc                nrfx_uart_rx
 .text.nrfx_uarte_0_irq_handler
                0x00029f24      0x134 _build/nrf52832_xxaa/nrfx_uarte.c.o
                0x00029f24                nrfx_uarte_0_irq_handler
 .text.nrfx_uarte_init
                0x0002a058      0x1d8 _build/nrf52832_xxaa/nrfx_uarte.c.o
                0x0002a058                nrfx_uarte_init
 .text.nrfx_uarte_tx
                0x0002a230       0x9c _build/nrf52832_xxaa/nrfx_uarte.c.o
                0x0002a230                nrfx_uarte_tx
 .text.nrfx_uarte_tx_in_progress
                0x0002a2cc       0x1c _build/nrf52832_xxaa/nrfx_uarte.c.o
                0x0002a2cc                nrfx_uarte_tx_in_progress
 .text.nrfx_uarte_rx
                0x0002a2e8      0x12c _build/nrf52832_xxaa/nrfx_uarte.c.o
                0x0002a2e8                nrfx_uarte_rx
 .text.alert_timer_handler
                0x0002a414        0x8 _build/nrf52832_xxaa/bsp.c.o
 .text.bsp_button_event_handler
                0x0002a41c       0xa4 _build/nrf52832_xxaa/bsp.c.o
 .text.button_timer_handler
                0x0002a4c0       0x30 _build/nrf52832_xxaa/bsp.c.o
 .text.leds_timer_handler
                0x0002a4f0      0x2ec _build/nrf52832_xxaa/bsp.c.o
 .text.bsp_button_is_pressed
                0x0002a7dc        0xc _build/nrf52832_xxaa/bsp.c.o
                0x0002a7dc                bsp_button_is_pressed
 .text.bsp_indication_set
                0x0002a7e8      0x334 _build/nrf52832_xxaa/bsp.c.o
                0x0002a7e8                bsp_indication_set
 .text.bsp_init
                0x0002ab1c       0xc0 _build/nrf52832_xxaa/bsp.c.o
                0x0002ab1c                bsp_init
 .text.bsp_event_to_button_action_assign
                0x0002abdc       0x50 _build/nrf52832_xxaa/bsp.c.o
                0x0002abdc                bsp_event_to_button_action_assign
 .text.bsp_wakeup_button_enable
                0x0002ac2c       0x30 _build/nrf52832_xxaa/bsp.c.o
                0x0002ac2c                bsp_wakeup_button_enable
 .text.ble_evt_handler
                0x0002ac5c       0xb0 _build/nrf52832_xxaa/bsp_btn_ble.c.o
 .text.bsp_btn_ble_sleep_mode_prepare
                0x0002ad0c       0x24 _build/nrf52832_xxaa/bsp_btn_ble.c.o
                0x0002ad0c                bsp_btn_ble_sleep_mode_prepare
 .text.bsp_btn_ble_init
                0x0002ad30       0x70 _build/nrf52832_xxaa/bsp_btn_ble.c.o
                0x0002ad30                bsp_btn_ble_init
 .text.sd_ble_gap_conn_param_update
                0x0002ada0        0x4 _build/nrf52832_xxaa/main.c.o
 .text.sd_ble_gap_disconnect
                0x0002ada4        0x4 _build/nrf52832_xxaa/main.c.o
 .text.sd_ble_gap_sec_params_reply
                0x0002ada8        0x4 _build/nrf52832_xxaa/main.c.o
 .text.sd_ble_gap_phy_update
                0x0002adac        0x4 _build/nrf52832_xxaa/main.c.o
 .text.db_disc_handler
                0x0002adb0        0xc _build/nrf52832_xxaa/main.c.o
 .text.ble_evt_handler
                0x0002adbc      0x12c _build/nrf52832_xxaa/main.c.o
 .text.uart_event_handle
                0x0002aee8       0xa4 _build/nrf52832_xxaa/main.c.o
                0x0002aee8                uart_event_handle
 .text.shutdown_handler
                0x0002af8c       0x2c _build/nrf52832_xxaa/main.c.o
 .text.gatt_evt_handler
                0x0002afb8       0x54 _build/nrf52832_xxaa/main.c.o
                0x0002afb8                gatt_evt_handler
 .text.bsp_event_handler
                0x0002b00c       0x30 _build/nrf52832_xxaa/main.c.o
                0x0002b00c                bsp_event_handler
 .text.scan_evt_handler
                0x0002b03c       0x98 _build/nrf52832_xxaa/main.c.o
 .text.ble_nus_c_evt_handler
                0x0002b0d4      0x17c _build/nrf52832_xxaa/main.c.o
 .text.gatt_init
                0x0002b250       0x30 _build/nrf52832_xxaa/main.c.o
                0x0002b250                gatt_init
 .text.startup.main
                0x0002b280      0x188 _build/nrf52832_xxaa/main.c.o
                0x0002b280                main
 .text.SEGGER_RTT_WriteNoLock
                0x0002b408      0x188 _build/nrf52832_xxaa/SEGGER_RTT.c.o
                0x0002b408                SEGGER_RTT_WriteNoLock
 .text.SEGGER_RTT_Init
                0x0002b590       0x60 _build/nrf52832_xxaa/SEGGER_RTT.c.o
                0x0002b590                SEGGER_RTT_Init
 .text.sd_ble_uuid_encode
                0x0002b5f0        0x4 _build/nrf52832_xxaa/ble_advdata.c.o
 .text.ble_advdata_uuid_find
                0x0002b5f4       0xd4 _build/nrf52832_xxaa/ble_advdata.c.o
                0x0002b5f4                ble_advdata_uuid_find
 .text.sd_ble_gattc_primary_services_discover
                0x0002b6c8        0x4 _build/nrf52832_xxaa/ble_db_discovery.c.o
 .text.sd_ble_gattc_characteristics_discover
                0x0002b6cc        0x4 _build/nrf52832_xxaa/ble_db_discovery.c.o
 .text.sd_ble_gattc_descriptors_discover
                0x0002b6d0        0x4 _build/nrf52832_xxaa/ble_db_discovery.c.o
 .text.discovery_error_evt_trigger
                0x0002b6d4       0xd8 _build/nrf52832_xxaa/ble_db_discovery.c.o
 .text.descriptors_discover
                0x0002b7ac       0xbc _build/nrf52832_xxaa/ble_db_discovery.c.o
 .text.ble_db_discovery_init
                0x0002b868       0x34 _build/nrf52832_xxaa/ble_db_discovery.c.o
                0x0002b868                ble_db_discovery_init
 .text.ble_db_discovery_evt_register
                0x0002b89c       0xc8 _build/nrf52832_xxaa/ble_db_discovery.c.o
                0x0002b89c                ble_db_discovery_evt_register
 .text.ble_db_discovery_start
                0x0002b964       0x88 _build/nrf52832_xxaa/ble_db_discovery.c.o
                0x0002b964                ble_db_discovery_start
 .text.ble_db_discovery_on_ble_evt
                0x0002b9ec      0xdf8 _build/nrf52832_xxaa/ble_db_discovery.c.o
                0x0002b9ec                ble_db_discovery_on_ble_evt
 .text.sd_ble_gap_data_length_update
                0x0002c7e4        0x4 _build/nrf52832_xxaa/nrf_ble_gatt.c.o
 .text.sd_ble_gattc_exchange_mtu_request
                0x0002c7e8        0x4 _build/nrf52832_xxaa/nrf_ble_gatt.c.o
 .text.sd_ble_gatts_exchange_mtu_reply
                0x0002c7ec        0x4 _build/nrf52832_xxaa/nrf_ble_gatt.c.o
 .text.nrf_ble_gatt_init
                0x0002c7f0       0x30 _build/nrf52832_xxaa/nrf_ble_gatt.c.o
                0x0002c7f0                nrf_ble_gatt_init
 .text.nrf_ble_gatt_att_mtu_central_set
                0x0002c820       0x18 _build/nrf52832_xxaa/nrf_ble_gatt.c.o
                0x0002c820                nrf_ble_gatt_att_mtu_central_set
 .text.nrf_ble_gatt_on_ble_evt
                0x0002c838      0x26c _build/nrf52832_xxaa/nrf_ble_gatt.c.o
                0x0002c838                nrf_ble_gatt_on_ble_evt
 .text.sd_ble_gap_scan_start
                0x0002caa4        0x4 _build/nrf52832_xxaa/nrf_ble_scan.c.o
 .text.sd_ble_gap_scan_stop
                0x0002caa8        0x4 _build/nrf52832_xxaa/nrf_ble_scan.c.o
 .text.sd_ble_gap_connect
                0x0002caac        0x4 _build/nrf52832_xxaa/nrf_ble_scan.c.o
 .text.nrf_ble_scan_filter_set
                0x0002cab0       0x38 _build/nrf52832_xxaa/nrf_ble_scan.c.o
                0x0002cab0                nrf_ble_scan_filter_set
 .text.nrf_ble_scan_filters_enable
                0x0002cae8       0x20 _build/nrf52832_xxaa/nrf_ble_scan.c.o
                0x0002cae8                nrf_ble_scan_filters_enable
 .text.nrf_ble_scan_init
                0x0002cb08       0xb8 _build/nrf52832_xxaa/nrf_ble_scan.c.o
                0x0002cb08                nrf_ble_scan_init
 .text.nrf_ble_scan_start
                0x0002cbc0       0x74 _build/nrf52832_xxaa/nrf_ble_scan.c.o
                0x0002cbc0                nrf_ble_scan_start
 .text.nrf_ble_scan_on_ble_evt
                0x0002cc34      0x224 _build/nrf52832_xxaa/nrf_ble_scan.c.o
                0x0002cc34                nrf_ble_scan_on_ble_evt
 .text.sd_ble_gattc_write
                0x0002ce58        0x4 _build/nrf52832_xxaa/ble_nus_c.c.o
 .text.sd_ble_uuid_vs_add
                0x0002ce5c        0x4 _build/nrf52832_xxaa/ble_nus_c.c.o
 .text.ble_nus_c_on_db_disc_evt
                0x0002ce60       0xa4 _build/nrf52832_xxaa/ble_nus_c.c.o
                0x0002ce60                ble_nus_c_on_db_disc_evt
 .text.ble_nus_c_init
                0x0002cf04       0x50 _build/nrf52832_xxaa/ble_nus_c.c.o
                0x0002cf04                ble_nus_c_init
 .text.ble_nus_c_on_ble_evt
                0x0002cf54       0x88 _build/nrf52832_xxaa/ble_nus_c.c.o
                0x0002cf54                ble_nus_c_on_ble_evt
 .text.ble_nus_c_tx_notif_enable
                0x0002cfdc       0x50 _build/nrf52832_xxaa/ble_nus_c.c.o
                0x0002cfdc                ble_nus_c_tx_notif_enable
 .text.ble_nus_c_string_send
                0x0002d02c       0x88 _build/nrf52832_xxaa/ble_nus_c.c.o
                0x0002d02c                ble_nus_c_string_send
 .text.ble_nus_c_handles_assign
                0x0002d0b4       0x1c _build/nrf52832_xxaa/ble_nus_c.c.o
                0x0002d0b4                ble_nus_c_handles_assign
 .text.sd_softdevice_enable
                0x0002d0d0        0x4 _build/nrf52832_xxaa/nrf_sdh.c.o
 .text.nrf_sdh_enable_request
                0x0002d0d4      0x118 _build/nrf52832_xxaa/nrf_sdh.c.o
                0x0002d0d4                nrf_sdh_enable_request
 .text.nrf_sdh_is_enabled
                0x0002d1ec        0xc _build/nrf52832_xxaa/nrf_sdh.c.o
                0x0002d1ec                nrf_sdh_is_enabled
 .text.SWI2_EGU2_IRQHandler
                0x0002d1f8       0x2c _build/nrf52832_xxaa/nrf_sdh.c.o
                0x0002d1f8                SWI2_EGU2_IRQHandler
 .text.sd_ble_enable
                0x0002d224        0x4 _build/nrf52832_xxaa/nrf_sdh_ble.c.o
 .text.sd_ble_cfg_set
                0x0002d228        0x4 _build/nrf52832_xxaa/nrf_sdh_ble.c.o
 .text.sd_ble_evt_get
                0x0002d22c        0x4 _build/nrf52832_xxaa/nrf_sdh_ble.c.o
 .text.nrf_sdh_ble_evts_poll.part.1
                0x0002d230       0x54 _build/nrf52832_xxaa/nrf_sdh_ble.c.o
 .text.nrf_sdh_ble_evts_poll
                0x0002d284       0x10 _build/nrf52832_xxaa/nrf_sdh_ble.c.o
 .text.nrf_sdh_ble_default_cfg_set
                0x0002d294      0x1bc _build/nrf52832_xxaa/nrf_sdh_ble.c.o
                0x0002d294                nrf_sdh_ble_default_cfg_set
 .text.nrf_sdh_ble_enable
                0x0002d450       0x9c _build/nrf52832_xxaa/nrf_sdh_ble.c.o
                0x0002d450                nrf_sdh_ble_enable
 .text.sd_evt_get
                0x0002d4ec        0x4 _build/nrf52832_xxaa/nrf_sdh_soc.c.o
 .text.nrf_sdh_soc_evts_poll
                0x0002d4f0       0x4c _build/nrf52832_xxaa/nrf_sdh_soc.c.o
 .text.exit     0x0002d53c       0x28 c:/program files (x86)/gnu tools arm embedded/6 2017-q2-update/bin/../lib/gcc/arm-none-eabi/6.3.1/../../../../arm-none-eabi/lib/thumb/v7e-m/fpv4-sp/hard\libc_nano.a(lib_a-exit.o)
                0x0002d53c                exit
 .text.__libc_init_array
                0x0002d564       0x48 c:/program files (x86)/gnu tools arm embedded/6 2017-q2-update/bin/../lib/gcc/arm-none-eabi/6.3.1/../../../../arm-none-eabi/lib/thumb/v7e-m/fpv4-sp/hard\libc_nano.a(lib_a-init.o)
                0x0002d564                __libc_init_array
 .text.__locale_ctype_ptr
                0x0002d5ac       0x1c c:/program files (x86)/gnu tools arm embedded/6 2017-q2-update/bin/../lib/gcc/arm-none-eabi/6.3.1/../../../../arm-none-eabi/lib/thumb/v7e-m/fpv4-sp/hard\libc_nano.a(lib_a-locale.o)
                0x0002d5ac                __locale_ctype_ptr
 .text.__ascii_mbtowc
                0x0002d5c8       0x24 c:/program files (x86)/gnu tools arm embedded/6 2017-q2-update/bin/../lib/gcc/arm-none-eabi/6.3.1/../../../../arm-none-eabi/lib/thumb/v7e-m/fpv4-sp/hard\libc_nano.a(lib_a-mbtowc_r.o)
                0x0002d5c8                __ascii_mbtowc
 .text.memcmp   0x0002d5ec       0x1e c:/program files (x86)/gnu tools arm embedded/6 2017-q2-update/bin/../lib/gcc/arm-none-eabi/6.3.1/../../../../arm-none-eabi/lib/thumb/v7e-m/fpv4-sp/hard\libc_nano.a(lib_a-memcmp.o)
                0x0002d5ec                memcmp
 .text.memcpy   0x0002d60a       0x16 c:/program files (x86)/gnu tools arm embedded/6 2017-q2-update/bin/../lib/gcc/arm-none-eabi/6.3.1/../../../../arm-none-eabi/lib/thumb/v7e-m/fpv4-sp/hard\libc_nano.a(lib_a-memcpy-stub.o)
                0x0002d60a                memcpy
 .text.memset   0x0002d620       0x10 c:/program files (x86)/gnu tools arm embedded/6 2017-q2-update/bin/../lib/gcc/arm-none-eabi/6.3.1/../../../../arm-none-eabi/lib/thumb/v7e-m/fpv4-sp/hard\libc_nano.a(lib_a-memset.o)
                0x0002d620                memset
 .text.printf   0x0002d630       0x30 c:/program files (x86)/gnu tools arm embedded/6 2017-q2-update/bin/../lib/gcc/arm-none-eabi/6.3.1/../../../../arm-none-eabi/lib/thumb/v7e-m/fpv4-sp/hard\libc_nano.a(lib_a-printf.o)
                0x0002d630                iprintf
                0x0002d630                printf
 .text.strcpy   0x0002d660       0x10 c:/program files (x86)/gnu tools arm embedded/6 2017-q2-update/bin/../lib/gcc/arm-none-eabi/6.3.1/../../../../arm-none-eabi/lib/thumb/v7e-m/fpv4-sp/hard\libc_nano.a(lib_a-strcpy.o)
                0x0002d660                strcpy
 .text          0x0002d670       0x10 c:/program files (x86)/gnu tools arm embedded/6 2017-q2-update/bin/../lib/gcc/arm-none-eabi/6.3.1/../../../../arm-none-eabi/lib/thumb/v7e-m/fpv4-sp/hard\libc_nano.a(lib_a-strlen.o)
                0x0002d670                strlen
 .text.__ascii_wctomb
                0x0002d680       0x1a c:/program files (x86)/gnu tools arm embedded/6 2017-q2-update/bin/../lib/gcc/arm-none-eabi/6.3.1/../../../../arm-none-eabi/lib/thumb/v7e-m/fpv4-sp/hard\libc_nano.a(lib_a-wctomb_r.o)
                0x0002d680                __ascii_wctomb
 *fill*         0x0002d69a        0x2 
 .text._cleanup_r
                0x0002d69c        0xc c:/program files (x86)/gnu tools arm embedded/6 2017-q2-update/bin/../lib/gcc/arm-none-eabi/6.3.1/../../../../arm-none-eabi/lib/thumb/v7e-m/fpv4-sp/hard\libc_nano.a(lib_a-findfp.o)
                0x0002d69c                _cleanup_r
 .text.std.isra.0
                0x0002d6a8       0x48 c:/program files (x86)/gnu tools arm embedded/6 2017-q2-update/bin/../lib/gcc/arm-none-eabi/6.3.1/../../../../arm-none-eabi/lib/thumb/v7e-m/fpv4-sp/hard\libc_nano.a(lib_a-findfp.o)
 .text.__sfmoreglue
                0x0002d6f0       0x2c c:/program files (x86)/gnu tools arm embedded/6 2017-q2-update/bin/../lib/gcc/arm-none-eabi/6.3.1/../../../../arm-none-eabi/lib/thumb/v7e-m/fpv4-sp/hard\libc_nano.a(lib_a-findfp.o)
                0x0002d6f0                __sfmoreglue
 .text.__sinit  0x0002d71c       0x60 c:/program files (x86)/gnu tools arm embedded/6 2017-q2-update/bin/../lib/gcc/arm-none-eabi/6.3.1/../../../../arm-none-eabi/lib/thumb/v7e-m/fpv4-sp/hard\libc_nano.a(lib_a-findfp.o)
                0x0002d71c                __sinit
 .text.__sfp    0x0002d77c       0x78 c:/program files (x86)/gnu tools arm embedded/6 2017-q2-update/bin/../lib/gcc/arm-none-eabi/6.3.1/../../../../arm-none-eabi/lib/thumb/v7e-m/fpv4-sp/hard\libc_nano.a(lib_a-findfp.o)
                0x0002d77c                __sfp
 .text._fwalk_reent
                0x0002d7f4       0x3c c:/program files (x86)/gnu tools arm embedded/6 2017-q2-update/bin/../lib/gcc/arm-none-eabi/6.3.1/../../../../arm-none-eabi/lib/thumb/v7e-m/fpv4-sp/hard\libc_nano.a(lib_a-fwalk.o)
                0x0002d7f4                _fwalk_reent
 .text._malloc_r
                0x0002d830       0xbc c:/program files (x86)/gnu tools arm embedded/6 2017-q2-update/bin/../lib/gcc/arm-none-eabi/6.3.1/../../../../arm-none-eabi/lib/thumb/v7e-m/fpv4-sp/hard\libc_nano.a(lib_a-nano-mallocr.o)
                0x0002d830                _malloc_r
 .text.__sfputc_r
                0x0002d8ec       0x30 c:/program files (x86)/gnu tools arm embedded/6 2017-q2-update/bin/../lib/gcc/arm-none-eabi/6.3.1/../../../../arm-none-eabi/lib/thumb/v7e-m/fpv4-sp/hard\libc_nano.a(lib_a-nano-vfprintf.o)
 .text.__sfputs_r
                0x0002d91c       0x24 c:/program files (x86)/gnu tools arm embedded/6 2017-q2-update/bin/../lib/gcc/arm-none-eabi/6.3.1/../../../../arm-none-eabi/lib/thumb/v7e-m/fpv4-sp/hard\libc_nano.a(lib_a-nano-vfprintf.o)
                0x0002d91c                __sfputs_r
 .text._vfprintf_r
                0x0002d940      0x22c c:/program files (x86)/gnu tools arm embedded/6 2017-q2-update/bin/../lib/gcc/arm-none-eabi/6.3.1/../../../../arm-none-eabi/lib/thumb/v7e-m/fpv4-sp/hard\libc_nano.a(lib_a-nano-vfprintf.o)
                0x0002d940                _vfprintf_r
                0x0002d940                _vfiprintf_r
 .text._printf_common
                0x0002db6c       0xec c:/program files (x86)/gnu tools arm embedded/6 2017-q2-update/bin/../lib/gcc/arm-none-eabi/6.3.1/../../../../arm-none-eabi/lib/thumb/v7e-m/fpv4-sp/hard\libc_nano.a(lib_a-nano-vfprintf_i.o)
                0x0002db6c                _printf_common
 .text._printf_i
                0x0002dc58      0x240 c:/program files (x86)/gnu tools arm embedded/6 2017-q2-update/bin/../lib/gcc/arm-none-eabi/6.3.1/../../../../arm-none-eabi/lib/thumb/v7e-m/fpv4-sp/hard\libc_nano.a(lib_a-nano-vfprintf_i.o)
                0x0002dc58                _printf_i
 .text._sbrk_r  0x0002de98       0x20 c:/program files (x86)/gnu tools arm embedded/6 2017-q2-update/bin/../lib/gcc/arm-none-eabi/6.3.1/../../../../arm-none-eabi/lib/thumb/v7e-m/fpv4-sp/hard\libc_nano.a(lib_a-sbrkr.o)
                0x0002de98                _sbrk_r
 .text.__sread  0x0002deb8       0x22 c:/program files (x86)/gnu tools arm embedded/6 2017-q2-update/bin/../lib/gcc/arm-none-eabi/6.3.1/../../../../arm-none-eabi/lib/thumb/v7e-m/fpv4-sp/hard\libc_nano.a(lib_a-stdio.o)
                0x0002deb8                __sread
 .text.__swrite
                0x0002deda       0x38 c:/program files (x86)/gnu tools arm embedded/6 2017-q2-update/bin/../lib/gcc/arm-none-eabi/6.3.1/../../../../arm-none-eabi/lib/thumb/v7e-m/fpv4-sp/hard\libc_nano.a(lib_a-stdio.o)
                0x0002deda                __swrite
 .text.__sseek  0x0002df12       0x24 c:/program files (x86)/gnu tools arm embedded/6 2017-q2-update/bin/../lib/gcc/arm-none-eabi/6.3.1/../../../../arm-none-eabi/lib/thumb/v7e-m/fpv4-sp/hard\libc_nano.a(lib_a-stdio.o)
                0x0002df12                __sseek
 .text.__sclose
                0x0002df36        0x8 c:/program files (x86)/gnu tools arm embedded/6 2017-q2-update/bin/../lib/gcc/arm-none-eabi/6.3.1/../../../../arm-none-eabi/lib/thumb/v7e-m/fpv4-sp/hard\libc_nano.a(lib_a-stdio.o)
                0x0002df36                __sclose
 *fill*         0x0002df3e        0x2 
 .text.__swbuf_r
                0x0002df40       0xa4 c:/program files (x86)/gnu tools arm embedded/6 2017-q2-update/bin/../lib/gcc/arm-none-eabi/6.3.1/../../../../arm-none-eabi/lib/thumb/v7e-m/fpv4-sp/hard\libc_nano.a(lib_a-wbuf.o)
                0x0002df40                __swbuf_r
 .text._write_r
                0x0002dfe4       0x24 c:/program files (x86)/gnu tools arm embedded/6 2017-q2-update/bin/../lib/gcc/arm-none-eabi/6.3.1/../../../../arm-none-eabi/lib/thumb/v7e-m/fpv4-sp/hard\libc_nano.a(lib_a-writer.o)
                0x0002dfe4                _write_r
 .text.__swsetup_r
                0x0002e008       0xdc c:/program files (x86)/gnu tools arm embedded/6 2017-q2-update/bin/../lib/gcc/arm-none-eabi/6.3.1/../../../../arm-none-eabi/lib/thumb/v7e-m/fpv4-sp/hard\libc_nano.a(lib_a-wsetup.o)
                0x0002e008                __swsetup_r
 .text._close_r
                0x0002e0e4       0x20 c:/program files (x86)/gnu tools arm embedded/6 2017-q2-update/bin/../lib/gcc/arm-none-eabi/6.3.1/../../../../arm-none-eabi/lib/thumb/v7e-m/fpv4-sp/hard\libc_nano.a(lib_a-closer.o)
                0x0002e0e4                _close_r
 .text.__sflush_r
                0x0002e104      0x110 c:/program files (x86)/gnu tools arm embedded/6 2017-q2-update/bin/../lib/gcc/arm-none-eabi/6.3.1/../../../../arm-none-eabi/lib/thumb/v7e-m/fpv4-sp/hard\libc_nano.a(lib_a-fflush.o)
                0x0002e104                __sflush_r
 .text._fflush_r
                0x0002e214       0x54 c:/program files (x86)/gnu tools arm embedded/6 2017-q2-update/bin/../lib/gcc/arm-none-eabi/6.3.1/../../../../arm-none-eabi/lib/thumb/v7e-m/fpv4-sp/hard\libc_nano.a(lib_a-fflush.o)
                0x0002e214                _fflush_r
 .text._lseek_r
                0x0002e268       0x24 c:/program files (x86)/gnu tools arm embedded/6 2017-q2-update/bin/../lib/gcc/arm-none-eabi/6.3.1/../../../../arm-none-eabi/lib/thumb/v7e-m/fpv4-sp/hard\libc_nano.a(lib_a-lseekr.o)
                0x0002e268                _lseek_r
 .text.__swhatbuf_r
                0x0002e28c       0x48 c:/program files (x86)/gnu tools arm embedded/6 2017-q2-update/bin/../lib/gcc/arm-none-eabi/6.3.1/../../../../arm-none-eabi/lib/thumb/v7e-m/fpv4-sp/hard\libc_nano.a(lib_a-makebuf.o)
                0x0002e28c                __swhatbuf_r
 .text.__smakebuf_r
                0x0002e2d4       0x80 c:/program files (x86)/gnu tools arm embedded/6 2017-q2-update/bin/../lib/gcc/arm-none-eabi/6.3.1/../../../../arm-none-eabi/lib/thumb/v7e-m/fpv4-sp/hard\libc_nano.a(lib_a-makebuf.o)
                0x0002e2d4                __smakebuf_r
 *fill*         0x0002e354        0xc 
 .text          0x0002e360       0xa0 c:/program files (x86)/gnu tools arm embedded/6 2017-q2-update/bin/../lib/gcc/arm-none-eabi/6.3.1/../../../../arm-none-eabi/lib/thumb/v7e-m/fpv4-sp/hard\libc_nano.a(lib_a-memchr.o)
                0x0002e360                memchr
 .text.__malloc_lock
                0x0002e400        0x2 c:/program files (x86)/gnu tools arm embedded/6 2017-q2-update/bin/../lib/gcc/arm-none-eabi/6.3.1/../../../../arm-none-eabi/lib/thumb/v7e-m/fpv4-sp/hard\libc_nano.a(lib_a-mlock.o)
                0x0002e400                __malloc_lock
 .text.__malloc_unlock
                0x0002e402        0x2 c:/program files (x86)/gnu tools arm embedded/6 2017-q2-update/bin/../lib/gcc/arm-none-eabi/6.3.1/../../../../arm-none-eabi/lib/thumb/v7e-m/fpv4-sp/hard\libc_nano.a(lib_a-mlock.o)
                0x0002e402                __malloc_unlock
 .text._free_r  0x0002e404       0x9c c:/program files (x86)/gnu tools arm embedded/6 2017-q2-update/bin/../lib/gcc/arm-none-eabi/6.3.1/../../../../arm-none-eabi/lib/thumb/v7e-m/fpv4-sp/hard\libc_nano.a(lib_a-nano-freer.o)
                0x0002e404                _free_r
 .text._read_r  0x0002e4a0       0x24 c:/program files (x86)/gnu tools arm embedded/6 2017-q2-update/bin/../lib/gcc/arm-none-eabi/6.3.1/../../../../arm-none-eabi/lib/thumb/v7e-m/fpv4-sp/hard\libc_nano.a(lib_a-readr.o)
                0x0002e4a0                _read_r
 .text._fstat_r
                0x0002e4c4       0x24 c:/program files (x86)/gnu tools arm embedded/6 2017-q2-update/bin/../lib/gcc/arm-none-eabi/6.3.1/../../../../arm-none-eabi/lib/thumb/v7e-m/fpv4-sp/hard\libc_nano.a(lib_a-fstatr.o)
                0x0002e4c4                _fstat_r
 .text._isatty_r
                0x0002e4e8       0x20 c:/program files (x86)/gnu tools arm embedded/6 2017-q2-update/bin/../lib/gcc/arm-none-eabi/6.3.1/../../../../arm-none-eabi/lib/thumb/v7e-m/fpv4-sp/hard\libc_nano.a(lib_a-isattyr.o)
                0x0002e4e8                _isatty_r
 .text._close   0x0002e508       0x10 c:/program files (x86)/gnu tools arm embedded/6 2017-q2-update/bin/../lib/gcc/arm-none-eabi/6.3.1/../../../../arm-none-eabi/lib/thumb/v7e-m/fpv4-sp/hard\libnosys.a(close.o)
                0x0002e508                _close
 .text._fstat   0x0002e518       0x10 c:/program files (x86)/gnu tools arm embedded/6 2017-q2-update/bin/../lib/gcc/arm-none-eabi/6.3.1/../../../../arm-none-eabi/lib/thumb/v7e-m/fpv4-sp/hard\libnosys.a(fstat.o)
                0x0002e518                _fstat
 .text._isatty  0x0002e528       0x10 c:/program files (x86)/gnu tools arm embedded/6 2017-q2-update/bin/../lib/gcc/arm-none-eabi/6.3.1/../../../../arm-none-eabi/lib/thumb/v7e-m/fpv4-sp/hard\libnosys.a(isatty.o)
                0x0002e528                _isatty
 .text._lseek   0x0002e538       0x10 c:/program files (x86)/gnu tools arm embedded/6 2017-q2-update/bin/../lib/gcc/arm-none-eabi/6.3.1/../../../../arm-none-eabi/lib/thumb/v7e-m/fpv4-sp/hard\libnosys.a(lseek.o)
                0x0002e538                _lseek
 .text._sbrk    0x0002e548       0x1c c:/program files (x86)/gnu tools arm embedded/6 2017-q2-update/bin/../lib/gcc/arm-none-eabi/6.3.1/../../../../arm-none-eabi/lib/thumb/v7e-m/fpv4-sp/hard\libnosys.a(sbrk.o)
                0x0002e548                _sbrk
 .text._exit    0x0002e564        0x4 c:/program files (x86)/gnu tools arm embedded/6 2017-q2-update/bin/../lib/gcc/arm-none-eabi/6.3.1/../../../../arm-none-eabi/lib/thumb/v7e-m/fpv4-sp/hard\libnosys.a(_exit.o)
                0x0002e564                _exit
 .text          0x0002e568       0x30 c:/program files (x86)/gnu tools arm embedded/6 2017-q2-update/bin/../lib/gcc/arm-none-eabi/6.3.1/thumb/v7e-m/fpv4-sp/hard\libgcc.a(_aeabi_uldivmod.o)
                0x0002e568                __aeabi_uldivmod
 .text          0x0002e598      0x2dc c:/program files (x86)/gnu tools arm embedded/6 2017-q2-update/bin/../lib/gcc/arm-none-eabi/6.3.1/thumb/v7e-m/fpv4-sp/hard\libgcc.a(_udivmoddi4.o)
                0x0002e598                __udivmoddi4
 .text          0x0002e874        0x4 c:/program files (x86)/gnu tools arm embedded/6 2017-q2-update/bin/../lib/gcc/arm-none-eabi/6.3.1/thumb/v7e-m/fpv4-sp/hard\libgcc.a(_dvmd_tls.o)
                0x0002e874                __aeabi_idiv0
                0x0002e874                __aeabi_ldiv0
 *(.init)
 .init          0x0002e878        0x4 c:/program files (x86)/gnu tools arm embedded/6 2017-q2-update/bin/../lib/gcc/arm-none-eabi/6.3.1/thumb/v7e-m/fpv4-sp/hard/crti.o
                0x0002e878                _init
 .init          0x0002e87c        0x8 c:/program files (x86)/gnu tools arm embedded/6 2017-q2-update/bin/../lib/gcc/arm-none-eabi/6.3.1/thumb/v7e-m/fpv4-sp/hard/crtn.o
 *(.fini)
 .fini          0x0002e884        0x4 c:/program files (x86)/gnu tools arm embedded/6 2017-q2-update/bin/../lib/gcc/arm-none-eabi/6.3.1/thumb/v7e-m/fpv4-sp/hard/crti.o
                0x0002e884                _fini
 .fini          0x0002e888        0x8 c:/program files (x86)/gnu tools arm embedded/6 2017-q2-update/bin/../lib/gcc/arm-none-eabi/6.3.1/thumb/v7e-m/fpv4-sp/hard/crtn.o
 *crtbegin.o(.ctors)
 *crtbegin?.o(.ctors)
 *(EXCLUDE_FILE(*crtend.o *crtend?.o) .ctors)
 *(SORT(.ctors.*))
 *(.ctors)
 *crtbegin.o(.dtors)
 *crtbegin?.o(.dtors)
 *(EXCLUDE_FILE(*crtend.o *crtend?.o) .dtors)
 *(SORT(.dtors.*))
 *(.dtors)
 *(.rodata*)
 .rodata.delay_bytecode.8826
                0x0002e890        0x6 _build/nrf52832_xxaa/nrf_log_backend_rtt.c.o
 *fill*         0x0002e896        0x2 
 .rodata.nrf_log_backend_rtt_api
                0x0002e898        0xc _build/nrf52832_xxaa/nrf_log_backend_rtt.c.o
                0x0002e898                nrf_log_backend_rtt_api
 .rodata.str1.4
                0x0002e8a4       0x10 _build/nrf52832_xxaa/nrf_log_default_backends.c.o
 .rodata.m_log_push_ringbuf
                0x0002e8b4        0xc _build/nrf52832_xxaa/nrf_log_frontend.c.o
 .rodata.nrf_log_frontend_dequeue.str1.4
                0x0002e8c0       0x11 _build/nrf52832_xxaa/nrf_log_frontend.c.o
 *fill*         0x0002e8d1        0x3 
 .rodata.str1.4
                0x0002e8d4        0x4 _build/nrf52832_xxaa/nrf_log_frontend.c.o
 .rodata.m_colors
                0x0002e8d8       0x24 _build/nrf52832_xxaa/nrf_log_str_formatter.c.o
 .rodata.nrf_log_hexdump_entry_process.str1.4
                0x0002e8fc       0x13 _build/nrf52832_xxaa/nrf_log_str_formatter.c.o
                                 0x16 (size before relaxing)
 *fill*         0x0002e90f        0x1 
 .rodata.nrf_log_std_entry_process.str1.4
                0x0002e910       0x3b _build/nrf52832_xxaa/nrf_log_str_formatter.c.o
 *fill*         0x0002e94b        0x1 
 .rodata.severity_names
                0x0002e94c       0x14 _build/nrf52832_xxaa/nrf_log_str_formatter.c.o
 .rodata.str1.4
                0x0002e960       0x56 _build/nrf52832_xxaa/nrf_log_str_formatter.c.o
 *fill*         0x0002e9b6        0x2 
 .rodata.m_detection_delay_timer_id
                0x0002e9b8        0x4 _build/nrf52832_xxaa/app_button.c.o
 .rodata.app_error_fault_handler.str1.4
                0x0002e9bc       0x19 _build/nrf52832_xxaa/app_error_weak.c.o
 *fill*         0x0002e9d5        0xb 
 .rodata.delay_bytecode.8550
                0x0002e9e0        0x6 _build/nrf52832_xxaa/app_timer.c.o
 *fill*         0x0002e9e6        0x2 
 .rodata        0x0002e9e8       0x20 _build/nrf52832_xxaa/app_uart_fifo.c.o
 .rodata._aV2C.7261
                0x0002ea08       0x10 _build/nrf52832_xxaa/nrf_fprintf_format.c.o
 .rodata.pwr_mgmt_data
                0x0002ea18        0xc _build/nrf52832_xxaa/nrf_pwr_mgmt.c.o
 .rodata.str1.4
                0x0002ea24        0x9 _build/nrf52832_xxaa/nrf_pwr_mgmt.c.o
 *fill*         0x0002ea2d        0x3 
 .rodata.m_unknown_str
                0x0002ea30       0x13 _build/nrf52832_xxaa/nrf_strerror.c.o
 *fill*         0x0002ea43        0x1 
 .rodata.nrf_strerror_array
                0x0002ea44      0x128 _build/nrf52832_xxaa/nrf_strerror.c.o
 .rodata.str1.4
                0x0002eb6c      0x3e9 _build/nrf52832_xxaa/nrf_strerror.c.o
 *fill*         0x0002ef55        0x3 
 .rodata.m_board_btn_list
                0x0002ef58        0x4 _build/nrf52832_xxaa/boards.c.o
 .rodata.m_board_led_list
                0x0002ef5c        0x4 _build/nrf52832_xxaa/boards.c.o
 .rodata.str1.4
                0x0002ef60        0x6 _build/nrf52832_xxaa/nrf_drv_clock.c.o
 *fill*         0x0002ef66        0x2 
 .rodata.str1.4
                0x0002ef68        0x6 _build/nrf52832_xxaa/nrfx_clock.c.o
 *fill*         0x0002ef6e        0x2 
 .rodata.str1.4
                0x0002ef70        0x7 _build/nrf52832_xxaa/nrfx_gpiote.c.o
 *fill*         0x0002ef77        0x1 
 .rodata.str1.4
                0x0002ef78        0x4 _build/nrf52832_xxaa/nrfx_prs.c.o
 .rodata.str1.4
                0x0002ef7c        0x5 _build/nrf52832_xxaa/nrfx_uart.c.o
 *fill*         0x0002ef81        0x3 
 .rodata.str1.4
                0x0002ef84        0x6 _build/nrf52832_xxaa/nrfx_uarte.c.o
 *fill*         0x0002ef8a        0x2 
 .rodata.app_buttons
                0x0002ef8c       0x20 _build/nrf52832_xxaa/bsp.c.o
 .rodata.m_bsp_alert_tmr
                0x0002efac        0x4 _build/nrf52832_xxaa/bsp.c.o
 .rodata.m_bsp_button_tmr
                0x0002efb0        0x4 _build/nrf52832_xxaa/bsp.c.o
 .rodata.m_bsp_leds_tmr
                0x0002efb4        0x4 _build/nrf52832_xxaa/bsp.c.o
 .rodata        0x0002efb8       0x18 _build/nrf52832_xxaa/main.c.o
 .rodata.ble_evt_handler.str1.4
                0x0002efd0       0x4e _build/nrf52832_xxaa/main.c.o
 *fill*         0x0002f01e        0x2 
 .rodata.ble_nus_c_evt_handler.str1.4
                0x0002f020       0xa6 _build/nrf52832_xxaa/main.c.o
 *fill*         0x0002f0c6        0x2 
 .rodata.gatt_evt_handler.str1.4
                0x0002f0c8       0x44 _build/nrf52832_xxaa/main.c.o
 .rodata.m_nus_uuid
                0x0002f10c        0x4 _build/nrf52832_xxaa/main.c.o
 .rodata.main.str1.4
                0x0002f110       0x46 _build/nrf52832_xxaa/main.c.o
 *fill*         0x0002f156        0x2 
 .rodata.scan_evt_handler.str1.4
                0x0002f158       0x40 _build/nrf52832_xxaa/main.c.o
 .rodata.uart_event_handle.str1.4
                0x0002f198       0x60 _build/nrf52832_xxaa/main.c.o
 .rodata.SEGGER_RTT_ReadNoLock.str1.4
                0x0002f1f8       0x17 _build/nrf52832_xxaa/SEGGER_RTT.c.o
 *fill*         0x0002f20f        0x1 
 .rodata.ble_db_discovery_on_ble_evt.str1.4
                0x0002f210       0xa2 _build/nrf52832_xxaa/ble_db_discovery.c.o
 *fill*         0x0002f2b2        0x2 
 .rodata.str1.4
                0x0002f2b4        0xc _build/nrf52832_xxaa/ble_db_discovery.c.o
 .rodata.nrf_ble_gatt_data_length_set.str1.4
                0x0002f2c0       0xe2 _build/nrf52832_xxaa/nrf_ble_gatt.c.o
 *fill*         0x0002f3a2        0x2 
 .rodata.nrf_ble_gatt_on_ble_evt.str1.4
                0x0002f3a4       0x63 _build/nrf52832_xxaa/nrf_ble_gatt.c.o
 *fill*         0x0002f407        0x1 
 .rodata.str1.4
                0x0002f408        0xd _build/nrf52832_xxaa/nrf_ble_gatt.c.o
 *fill*         0x0002f415        0x3 
 .rodata.nrf_ble_scan_start.str1.4
                0x0002f418       0x24 _build/nrf52832_xxaa/nrf_ble_scan.c.o
 .rodata.str1.4
                0x0002f43c        0x9 _build/nrf52832_xxaa/nrf_ble_scan.c.o
 *fill*         0x0002f445        0x3 
 .rodata        0x0002f448       0x10 _build/nrf52832_xxaa/ble_nus_c.c.o
 .rodata.ble_nus_c_string_send.str1.4
                0x0002f458       0x2f _build/nrf52832_xxaa/ble_nus_c.c.o
 *fill*         0x0002f487        0x1 
 .rodata.str1.4
                0x0002f488        0xa _build/nrf52832_xxaa/ble_nus_c.c.o
 *fill*         0x0002f492        0x2 
 .rodata        0x0002f494        0x4 _build/nrf52832_xxaa/nrf_sdh.c.o
 .rodata.sdh_req_observers
                0x0002f498        0xc _build/nrf52832_xxaa/nrf_sdh.c.o
 .rodata.sdh_stack_observers
                0x0002f4a4        0xc _build/nrf52832_xxaa/nrf_sdh.c.o
 .rodata.sdh_state_observers
                0x0002f4b0        0xc _build/nrf52832_xxaa/nrf_sdh.c.o
 .rodata.str1.4
                0x0002f4bc        0x8 _build/nrf52832_xxaa/nrf_sdh.c.o
 .rodata.nrf_sdh_ble_default_cfg_set.str1.4
                0x0002f4c4      0x1cf _build/nrf52832_xxaa/nrf_sdh_ble.c.o
 *fill*         0x0002f693        0x1 
 .rodata.nrf_sdh_ble_enable.str1.4
                0x0002f694       0xad _build/nrf52832_xxaa/nrf_sdh_ble.c.o
 *fill*         0x0002f741        0x3 
 .rodata.sdh_ble_observers
                0x0002f744        0xc _build/nrf52832_xxaa/nrf_sdh_ble.c.o
 .rodata.str1.4
                0x0002f750        0xc _build/nrf52832_xxaa/nrf_sdh_ble.c.o
 .rodata.sdh_soc_observers
                0x0002f75c        0xc _build/nrf52832_xxaa/nrf_sdh_soc.c.o
 .rodata.str1.4
                0x0002f768        0xc _build/nrf52832_xxaa/nrf_sdh_soc.c.o
 .rodata._global_impure_ptr
                0x0002f774        0x4 c:/program files (x86)/gnu tools arm embedded/6 2017-q2-update/bin/../lib/gcc/arm-none-eabi/6.3.1/../../../../arm-none-eabi/lib/thumb/v7e-m/fpv4-sp/hard\libc_nano.a(lib_a-impure.o)
                0x0002f774                _global_impure_ptr
 .rodata._setlocale_r.str1.1
                0x0002f778        0x8 c:/program files (x86)/gnu tools arm embedded/6 2017-q2-update/bin/../lib/gcc/arm-none-eabi/6.3.1/../../../../arm-none-eabi/lib/thumb/v7e-m/fpv4-sp/hard\libc_nano.a(lib_a-locale.o)
                                  0x9 (size before relaxing)
 .rodata.str1.1
                0x0002f780        0x2 c:/program files (x86)/gnu tools arm embedded/6 2017-q2-update/bin/../lib/gcc/arm-none-eabi/6.3.1/../../../../arm-none-eabi/lib/thumb/v7e-m/fpv4-sp/hard\libc_nano.a(lib_a-locale.o)
 .rodata._ctype_
                0x0002f782      0x101 c:/program files (x86)/gnu tools arm embedded/6 2017-q2-update/bin/../lib/gcc/arm-none-eabi/6.3.1/../../../../arm-none-eabi/lib/thumb/v7e-m/fpv4-sp/hard\libc_nano.a(lib_a-ctype_.o)
                0x0002f782                _ctype_
 *fill*         0x0002f883        0x1 
 .rodata.__sf_fake_stderr
                0x0002f884       0x20 c:/program files (x86)/gnu tools arm embedded/6 2017-q2-update/bin/../lib/gcc/arm-none-eabi/6.3.1/../../../../arm-none-eabi/lib/thumb/v7e-m/fpv4-sp/hard\libc_nano.a(lib_a-findfp.o)
                0x0002f884                __sf_fake_stderr
 .rodata.__sf_fake_stdin
                0x0002f8a4       0x20 c:/program files (x86)/gnu tools arm embedded/6 2017-q2-update/bin/../lib/gcc/arm-none-eabi/6.3.1/../../../../arm-none-eabi/lib/thumb/v7e-m/fpv4-sp/hard\libc_nano.a(lib_a-findfp.o)
                0x0002f8a4                __sf_fake_stdin
 .rodata.__sf_fake_stdout
                0x0002f8c4       0x20 c:/program files (x86)/gnu tools arm embedded/6 2017-q2-update/bin/../lib/gcc/arm-none-eabi/6.3.1/../../../../arm-none-eabi/lib/thumb/v7e-m/fpv4-sp/hard\libc_nano.a(lib_a-findfp.o)
                0x0002f8c4                __sf_fake_stdout
 .rodata._vfprintf_r.str1.1
                0x0002f8e4       0x11 c:/program files (x86)/gnu tools arm embedded/6 2017-q2-update/bin/../lib/gcc/arm-none-eabi/6.3.1/../../../../arm-none-eabi/lib/thumb/v7e-m/fpv4-sp/hard\libc_nano.a(lib_a-nano-vfprintf.o)
 .rodata._printf_i.str1.1
                0x0002f8f5       0x22 c:/program files (x86)/gnu tools arm embedded/6 2017-q2-update/bin/../lib/gcc/arm-none-eabi/6.3.1/../../../../arm-none-eabi/lib/thumb/v7e-m/fpv4-sp/hard\libc_nano.a(lib_a-nano-vfprintf_i.o)
 *(.eh_frame*)
 *fill*         0x0002f917        0x1 
 .eh_frame      0x0002f918        0x0 c:/program files (x86)/gnu tools arm embedded/6 2017-q2-update/bin/../lib/gcc/arm-none-eabi/6.3.1/thumb/v7e-m/fpv4-sp/hard/crtbegin.o
 .eh_frame      0x0002f918        0x4 c:/program files (x86)/gnu tools arm embedded/6 2017-q2-update/bin/../lib/gcc/arm-none-eabi/6.3.1/thumb/v7e-m/fpv4-sp/hard/crtend.o

.glue_7         0x0002f91c        0x0
 .glue_7        0x0002f91c        0x0 linker stubs

.glue_7t        0x0002f91c        0x0
 .glue_7t       0x0002f91c        0x0 linker stubs

.vfp11_veneer   0x0002f91c        0x0
 .vfp11_veneer  0x0002f91c        0x0 linker stubs

.v4_bx          0x0002f91c        0x0
 .v4_bx         0x0002f91c        0x0 linker stubs

.iplt           0x0002f91c        0x0
 .iplt          0x0002f91c        0x0 c:/program files (x86)/gnu tools arm embedded/6 2017-q2-update/bin/../lib/gcc/arm-none-eabi/6.3.1/thumb/v7e-m/fpv4-sp/hard/crtbegin.o

.mem_section_dummy_rom

.sdh_soc_observers
                0x0002f91c        0x8
                0x0002f91c                PROVIDE (__start_sdh_soc_observers, .)
 *(SORT(.sdh_soc_observers*))
 .sdh_soc_observers0
                0x0002f91c        0x8 _build/nrf52832_xxaa/nrf_drv_clock.c.o
                0x0002f924                PROVIDE (__stop_sdh_soc_observers, .)

.pwr_mgmt_data  0x0002f924        0x4
                0x0002f924                PROVIDE (__start_pwr_mgmt_data, .)
 *(SORT(.pwr_mgmt_data*))
 .pwr_mgmt_data1
                0x0002f924        0x4 _build/nrf52832_xxaa/main.c.o
                0x0002f928                PROVIDE (__stop_pwr_mgmt_data, .)

.log_const_data
                0x0002f928       0x78
                0x0002f928                PROVIDE (__start_log_const_data, .)
 *(SORT(.log_const_data*))
 .log_const_data_CLOCK
                0x0002f928        0x8 _build/nrf52832_xxaa/nrfx_clock.c.o
                0x0002f928                m_nrf_log_CLOCK_logs_data_const
 .log_const_data_GPIOTE
                0x0002f930        0x8 _build/nrf52832_xxaa/nrfx_gpiote.c.o
                0x0002f930                m_nrf_log_GPIOTE_logs_data_const
 .log_const_data_PRS
                0x0002f938        0x8 _build/nrf52832_xxaa/nrfx_prs.c.o
                0x0002f938                m_nrf_log_PRS_logs_data_const
 .log_const_data_UART
                0x0002f940        0x8 _build/nrf52832_xxaa/nrfx_uart.c.o
                0x0002f940                m_nrf_log_UART_logs_data_const
 .log_const_data_UARTE
                0x0002f948        0x8 _build/nrf52832_xxaa/nrfx_uarte.c.o
                0x0002f948                m_nrf_log_UARTE_logs_data_const
 .log_const_data_app
                0x0002f950        0x8 _build/nrf52832_xxaa/nrf_log_frontend.c.o
                0x0002f950                m_nrf_log_app_logs_data_const
 .log_const_data_ble_db_disc
                0x0002f958        0x8 _build/nrf52832_xxaa/ble_db_discovery.c.o
                0x0002f958                m_nrf_log_ble_db_disc_logs_data_const
 .log_const_data_ble_nus_c
                0x0002f960        0x8 _build/nrf52832_xxaa/ble_nus_c.c.o
                0x0002f960                m_nrf_log_ble_nus_c_logs_data_const
 .log_const_data_ble_scan
                0x0002f968        0x8 _build/nrf52832_xxaa/nrf_ble_scan.c.o
                0x0002f968                m_nrf_log_ble_scan_logs_data_const
 .log_const_data_clock
                0x0002f970        0x8 _build/nrf52832_xxaa/nrf_drv_clock.c.o
                0x0002f970                m_nrf_log_clock_logs_data_const
 .log_const_data_nrf_ble_gatt
                0x0002f978        0x8 _build/nrf52832_xxaa/nrf_ble_gatt.c.o
                0x0002f978                m_nrf_log_nrf_ble_gatt_logs_data_const
 .log_const_data_nrf_sdh
                0x0002f980        0x8 _build/nrf52832_xxaa/nrf_sdh.c.o
                0x0002f980                m_nrf_log_nrf_sdh_logs_data_const
 .log_const_data_nrf_sdh_ble
                0x0002f988        0x8 _build/nrf52832_xxaa/nrf_sdh_ble.c.o
                0x0002f988                m_nrf_log_nrf_sdh_ble_logs_data_const
 .log_const_data_nrf_sdh_soc
                0x0002f990        0x8 _build/nrf52832_xxaa/nrf_sdh_soc.c.o
                0x0002f990                m_nrf_log_nrf_sdh_soc_logs_data_const
 .log_const_data_pwr_mgmt
                0x0002f998        0x8 _build/nrf52832_xxaa/nrf_pwr_mgmt.c.o
                0x0002f998                m_nrf_log_pwr_mgmt_logs_data_const
                0x0002f9a0                PROVIDE (__stop_log_const_data, .)

.nrf_balloc     0x0002f9a0       0x14
                [!provide]                PROVIDE (__start_nrf_balloc, .)
 *(.nrf_balloc)
 .nrf_balloc    0x0002f9a0       0x14 _build/nrf52832_xxaa/nrf_log_frontend.c.o
                0x0002f9a0                log_mempool
                [!provide]                PROVIDE (__stop_nrf_balloc, .)

.sdh_state_observers
                0x0002f9b4        0x8
                0x0002f9b4                PROVIDE (__start_sdh_state_observers, .)
 *(SORT(.sdh_state_observers*))
 .sdh_state_observers0
                0x0002f9b4        0x8 _build/nrf52832_xxaa/nrf_drv_clock.c.o
                0x0002f9bc                PROVIDE (__stop_sdh_state_observers, .)

.sdh_stack_observers
                0x0002f9bc       0x10
                0x0002f9bc                PROVIDE (__start_sdh_stack_observers, .)
 *(SORT(.sdh_stack_observers*))
 .sdh_stack_observers0
                0x0002f9bc        0x8 _build/nrf52832_xxaa/nrf_sdh_ble.c.o
 .sdh_stack_observers0
                0x0002f9c4        0x8 _build/nrf52832_xxaa/nrf_sdh_soc.c.o
                0x0002f9cc                PROVIDE (__stop_sdh_stack_observers, .)

.sdh_req_observers
                0x0002f9cc        0x0
                0x0002f9cc                PROVIDE (__start_sdh_req_observers, .)
 *(SORT(.sdh_req_observers*))
                0x0002f9cc                PROVIDE (__stop_sdh_req_observers, .)

.nrf_queue      0x0002f9cc        0x0
                [!provide]                PROVIDE (__start_nrf_queue, .)
 *(.nrf_queue)
                [!provide]                PROVIDE (__stop_nrf_queue, .)

.cli_command    0x0002f9cc        0x0
                [!provide]                PROVIDE (__start_cli_command, .)
 *(.cli_command)
                [!provide]                PROVIDE (__stop_cli_command, .)

.crypto_data    0x0002f9cc        0x0
                [!provide]                PROVIDE (__start_crypto_data, .)
 *(SORT(.crypto_data*))
                [!provide]                PROVIDE (__stop_crypto_data, .)

.sdh_ble_observers
                0x0002f9cc       0x30
                0x0002f9cc                PROVIDE (__start_sdh_ble_observers, .)
 *(SORT(.sdh_ble_observers*))
 .sdh_ble_observers1
                0x0002f9cc        0x8 _build/nrf52832_xxaa/bsp_btn_ble.c.o
 .sdh_ble_observers1
                0x0002f9d4       0x18 _build/nrf52832_xxaa/main.c.o
 .sdh_ble_observers2
                0x0002f9ec        0x8 _build/nrf52832_xxaa/main.c.o
 .sdh_ble_observers3
                0x0002f9f4        0x8 _build/nrf52832_xxaa/main.c.o
                0x0002f9fc                PROVIDE (__stop_sdh_ble_observers, .)

.log_backends   0x0002f9fc       0x10
                [!provide]                PROVIDE (__start_log_backends, .)
 *(SORT(.log_backends*))
 .log_backends  0x0002f9fc       0x10 _build/nrf52832_xxaa/nrf_log_default_backends.c.o
                [!provide]                PROVIDE (__stop_log_backends, .)

.ARM.extab
 *(.ARM.extab* .gnu.linkonce.armextab.*)
                0x0002fa0c                __exidx_start = .

.ARM.exidx      0x0002fa0c        0x8
 *(.ARM.exidx* .gnu.linkonce.armexidx.*)
 .ARM.exidx     0x0002fa0c        0x8 c:/program files (x86)/gnu tools arm embedded/6 2017-q2-update/bin/../lib/gcc/arm-none-eabi/6.3.1/../../../../arm-none-eabi/lib/thumb/v7e-m/fpv4-sp/hard/crt0.o
 .ARM.exidx     0x0002fa14        0x0 c:/program files (x86)/gnu tools arm embedded/6 2017-q2-update/bin/../lib/gcc/arm-none-eabi/6.3.1/thumb/v7e-m/fpv4-sp/hard\libgcc.a(_udivmoddi4.o)
                                  0x8 (size before relaxing)
                0x0002fa14                __exidx_end = .
                0x0002fa14                __etext = .

.rel.dyn        0x0002fa14        0x0
 .rel.iplt      0x0002fa14        0x0 c:/program files (x86)/gnu tools arm embedded/6 2017-q2-update/bin/../lib/gcc/arm-none-eabi/6.3.1/thumb/v7e-m/fpv4-sp/hard/crtbegin.o

.data           0x200029e0      0x4cc load address 0x0002fa14
                0x200029e0                __data_start__ = .
 *(vtable)
 *(.data*)
 .data.log_backend_cb_rtt_log_backend
                0x200029e0        0x8 _build/nrf52832_xxaa/nrf_log_default_backends.c.o
 .data.app_uart_inst
                0x200029e8       0x14 _build/nrf52832_xxaa/app_uart_fifo.c.o
 .data.SystemCoreClock
                0x200029fc        0x4 _build/nrf52832_xxaa/system_nrf52.c.o
                0x200029fc                SystemCoreClock
 .data.m_ble_nus_max_data_len
                0x20002a00        0x2 _build/nrf52832_xxaa/main.c.o
 *fill*         0x20002a02        0x2 
 .data.m_db_disc
                0x20002a04      0x2cc _build/nrf52832_xxaa/main.c.o
 .data._impure_ptr
                0x20002cd0        0x4 c:/program files (x86)/gnu tools arm embedded/6 2017-q2-update/bin/../lib/gcc/arm-none-eabi/6.3.1/../../../../arm-none-eabi/lib/thumb/v7e-m/fpv4-sp/hard\libc_nano.a(lib_a-impure.o)
                0x20002cd0                _impure_ptr
 .data.impure_data
                0x20002cd4       0x60 c:/program files (x86)/gnu tools arm embedded/6 2017-q2-update/bin/../lib/gcc/arm-none-eabi/6.3.1/../../../../arm-none-eabi/lib/thumb/v7e-m/fpv4-sp/hard\libc_nano.a(lib_a-impure.o)
 .data.__global_locale
                0x20002d34      0x16c c:/program files (x86)/gnu tools arm embedded/6 2017-q2-update/bin/../lib/gcc/arm-none-eabi/6.3.1/../../../../arm-none-eabi/lib/thumb/v7e-m/fpv4-sp/hard\libc_nano.a(lib_a-locale.o)
                0x20002d34                __global_locale
                0x20002ea0                . = ALIGN (0x4)
                0x20002ea0                PROVIDE (__preinit_array_start, .)
 *(.preinit_array)
                0x20002ea0                PROVIDE (__preinit_array_end, .)
                0x20002ea0                . = ALIGN (0x4)
                0x20002ea0                PROVIDE (__init_array_start, .)
 *(SORT(.init_array.*))
 *(.init_array)
 .init_array    0x20002ea0        0x4 c:/program files (x86)/gnu tools arm embedded/6 2017-q2-update/bin/../lib/gcc/arm-none-eabi/6.3.1/thumb/v7e-m/fpv4-sp/hard/crtbegin.o
                0x20002ea4                PROVIDE (__init_array_end, .)
                0x20002ea4                . = ALIGN (0x4)
                [!provide]                PROVIDE (__fini_array_start, .)
 *(SORT(.fini_array.*))
 *(.fini_array)
 .fini_array    0x20002ea4        0x4 c:/program files (x86)/gnu tools arm embedded/6 2017-q2-update/bin/../lib/gcc/arm-none-eabi/6.3.1/thumb/v7e-m/fpv4-sp/hard/crtbegin.o
                [!provide]                PROVIDE (__fini_array_end, .)
 *(.jcr*)
 .jcr           0x20002ea8        0x0 c:/program files (x86)/gnu tools arm embedded/6 2017-q2-update/bin/../lib/gcc/arm-none-eabi/6.3.1/thumb/v7e-m/fpv4-sp/hard/crtbegin.o
 .jcr           0x20002ea8        0x4 c:/program files (x86)/gnu tools arm embedded/6 2017-q2-update/bin/../lib/gcc/arm-none-eabi/6.3.1/thumb/v7e-m/fpv4-sp/hard/crtend.o
                0x20002eac                . = ALIGN (0x4)
                0x20002eac                __data_end__ = .
LOAD c:/program files (x86)/gnu tools arm embedded/6 2017-q2-update/bin/../lib/gcc/arm-none-eabi/6.3.1/thumb/v7e-m/fpv4-sp/hard/crti.o
LOAD c:/program files (x86)/gnu tools arm embedded/6 2017-q2-update/bin/../lib/gcc/arm-none-eabi/6.3.1/thumb/v7e-m/fpv4-sp/hard/crtbegin.o
LOAD c:/program files (x86)/gnu tools arm embedded/6 2017-q2-update/bin/../lib/gcc/arm-none-eabi/6.3.1/../../../../arm-none-eabi/lib/thumb/v7e-m/fpv4-sp/hard/crt0.o
LOAD _build/nrf52832_xxaa/gcc_startup_nrf52.S.o
LOAD _build/nrf52832_xxaa/nrf_log_backend_rtt.c.o
LOAD _build/nrf52832_xxaa/nrf_log_backend_serial.c.o
LOAD _build/nrf52832_xxaa/nrf_log_default_backends.c.o
LOAD _build/nrf52832_xxaa/nrf_log_frontend.c.o
LOAD _build/nrf52832_xxaa/nrf_log_str_formatter.c.o
LOAD _build/nrf52832_xxaa/app_button.c.o
LOAD _build/nrf52832_xxaa/app_error.c.o
LOAD _build/nrf52832_xxaa/app_error_handler_gcc.c.o
LOAD _build/nrf52832_xxaa/app_error_weak.c.o
LOAD _build/nrf52832_xxaa/app_fifo.c.o
LOAD _build/nrf52832_xxaa/app_scheduler.c.o
LOAD _build/nrf52832_xxaa/app_timer.c.o
LOAD _build/nrf52832_xxaa/app_uart_fifo.c.o
LOAD _build/nrf52832_xxaa/app_util_platform.c.o
LOAD _build/nrf52832_xxaa/hardfault_implementation.c.o
LOAD _build/nrf52832_xxaa/nrf_assert.c.o
LOAD _build/nrf52832_xxaa/nrf_atfifo.c.o
LOAD _build/nrf52832_xxaa/nrf_atomic.c.o
LOAD _build/nrf52832_xxaa/nrf_balloc.c.o
LOAD _build/nrf52832_xxaa/nrf_fprintf.c.o
LOAD _build/nrf52832_xxaa/nrf_fprintf_format.c.o
LOAD _build/nrf52832_xxaa/nrf_memobj.c.o
LOAD _build/nrf52832_xxaa/nrf_pwr_mgmt.c.o
LOAD _build/nrf52832_xxaa/nrf_ringbuf.c.o
LOAD _build/nrf52832_xxaa/nrf_section_iter.c.o
LOAD _build/nrf52832_xxaa/nrf_strerror.c.o
LOAD _build/nrf52832_xxaa/retarget.c.o
LOAD _build/nrf52832_xxaa/system_nrf52.c.o
LOAD _build/nrf52832_xxaa/boards.c.o
LOAD _build/nrf52832_xxaa/nrf_drv_clock.c.o
LOAD _build/nrf52832_xxaa/nrf_drv_uart.c.o
LOAD _build/nrf52832_xxaa/nrfx_clock.c.o
LOAD _build/nrf52832_xxaa/nrfx_gpiote.c.o
LOAD _build/nrf52832_xxaa/nrfx_power_clock.c.o
LOAD _build/nrf52832_xxaa/nrfx_prs.c.o
LOAD _build/nrf52832_xxaa/nrfx_uart.c.o
LOAD _build/nrf52832_xxaa/nrfx_uarte.c.o
LOAD _build/nrf52832_xxaa/bsp.c.o
LOAD _build/nrf52832_xxaa/bsp_btn_ble.c.o
LOAD _build/nrf52832_xxaa/main.c.o
LOAD _build/nrf52832_xxaa/SEGGER_RTT.c.o
LOAD _build/nrf52832_xxaa/SEGGER_RTT_Syscalls_GCC.c.o
LOAD _build/nrf52832_xxaa/SEGGER_RTT_printf.c.o
LOAD _build/nrf52832_xxaa/ble_advdata.c.o
LOAD _build/nrf52832_xxaa/ble_db_discovery.c.o
LOAD _build/nrf52832_xxaa/ble_srv_common.c.o
LOAD _build/nrf52832_xxaa/nrf_ble_gatt.c.o
LOAD _build/nrf52832_xxaa/nrf_ble_scan.c.o
LOAD _build/nrf52832_xxaa/utf.c.o
LOAD _build/nrf52832_xxaa/ble_nus_c.c.o
LOAD _build/nrf52832_xxaa/nrf_sdh.c.o
LOAD _build/nrf52832_xxaa/nrf_sdh_ble.c.o
LOAD _build/nrf52832_xxaa/nrf_sdh_soc.c.o
LOAD c:/program files (x86)/gnu tools arm embedded/6 2017-q2-update/bin/../lib/gcc/arm-none-eabi/6.3.1/../../../../arm-none-eabi/lib/thumb/v7e-m/fpv4-sp/hard\libc_nano.a
LOAD c:/program files (x86)/gnu tools arm embedded/6 2017-q2-update/bin/../lib/gcc/arm-none-eabi/6.3.1/../../../../arm-none-eabi/lib/thumb/v7e-m/fpv4-sp/hard\libnosys.a
LOAD c:/program files (x86)/gnu tools arm embedded/6 2017-q2-update/bin/../lib/gcc/arm-none-eabi/6.3.1/../../../../arm-none-eabi/lib/thumb/v7e-m/fpv4-sp/hard\libm.a
START GROUP
LOAD c:/program files (x86)/gnu tools arm embedded/6 2017-q2-update/bin/../lib/gcc/arm-none-eabi/6.3.1/thumb/v7e-m/fpv4-sp/hard\libgcc.a
LOAD c:/program files (x86)/gnu tools arm embedded/6 2017-q2-update/bin/../lib/gcc/arm-none-eabi/6.3.1/../../../../arm-none-eabi/lib/thumb/v7e-m/fpv4-sp/hard\libg_nano.a
LOAD c:/program files (x86)/gnu tools arm embedded/6 2017-q2-update/bin/../lib/gcc/arm-none-eabi/6.3.1/../../../../arm-none-eabi/lib/thumb/v7e-m/fpv4-sp/hard\libc_nano.a
END GROUP
START GROUP
LOAD c:/program files (x86)/gnu tools arm embedded/6 2017-q2-update/bin/../lib/gcc/arm-none-eabi/6.3.1/thumb/v7e-m/fpv4-sp/hard\libgcc.a
LOAD c:/program files (x86)/gnu tools arm embedded/6 2017-q2-update/bin/../lib/gcc/arm-none-eabi/6.3.1/../../../../arm-none-eabi/lib/thumb/v7e-m/fpv4-sp/hard\libc_nano.a
END GROUP
LOAD c:/program files (x86)/gnu tools arm embedded/6 2017-q2-update/bin/../lib/gcc/arm-none-eabi/6.3.1/thumb/v7e-m/fpv4-sp/hard/crtend.o
LOAD c:/program files (x86)/gnu tools arm embedded/6 2017-q2-update/bin/../lib/gcc/arm-none-eabi/6.3.1/thumb/v7e-m/fpv4-sp/hard/crtn.o
START GROUP
LOAD c:/program files (x86)/gnu tools arm embedded/6 2017-q2-update/bin/../lib/gcc/arm-none-eabi/6.3.1/thumb/v7e-m/fpv4-sp/hard\libgcc.a
LOAD c:/program files (x86)/gnu tools arm embedded/6 2017-q2-update/bin/../lib/gcc/arm-none-eabi/6.3.1/../../../../arm-none-eabi/lib/thumb/v7e-m/fpv4-sp/hard\libc.a
LOAD c:/program files (x86)/gnu tools arm embedded/6 2017-q2-update/bin/../lib/gcc/arm-none-eabi/6.3.1/../../../../arm-none-eabi/lib/thumb/v7e-m/fpv4-sp/hard\libnosys.a
END GROUP

.igot.plt       0x20002eac        0x0 load address 0x0002fee0
 .igot.plt      0x20002eac        0x0 c:/program files (x86)/gnu tools arm embedded/6 2017-q2-update/bin/../lib/gcc/arm-none-eabi/6.3.1/thumb/v7e-m/fpv4-sp/hard/crtbegin.o
                0x20002eac                . = ALIGN (0x4)

.mem_section_dummy_ram

.log_dynamic_data
                0x20002eac        0x0
                0x20002eac                PROVIDE (__start_log_dynamic_data, .)
 *(SORT(.log_dynamic_data*))
                [!provide]                PROVIDE (__stop_log_dynamic_data, .)

.log_filter_data
                0x20002eac        0x0
                [!provide]                PROVIDE (__start_log_filter_data, .)
 *(SORT(.log_filter_data*))
                [!provide]                PROVIDE (__stop_log_filter_data, .)

.cli_sorted_cmd_ptrs
                0x20002eac        0x0
                [!provide]                PROVIDE (__start_cli_sorted_cmd_ptrs, .)
 *(.cli_sorted_cmd_ptrs)
                [!provide]                PROVIDE (__stop_cli_sorted_cmd_ptrs, .)

.fs_data        0x20002eac        0x0
                [!provide]                PROVIDE (__start_fs_data, .)
 *(.fs_data)
                [!provide]                PROVIDE (__stop_fs_data, .)

.bss            0x20002eb0     0x1234 load address 0x0002fee8
                0x20002eb0                . = ALIGN (0x4)
                0x20002eb0                __bss_start__ = .
 *(.bss*)
 .bss           0x20002eb0       0x1c c:/program files (x86)/gnu tools arm embedded/6 2017-q2-update/bin/../lib/gcc/arm-none-eabi/6.3.1/thumb/v7e-m/fpv4-sp/hard/crtbegin.o
 .bss.m_host_present
                0x20002ecc        0x1 _build/nrf52832_xxaa/nrf_log_backend_rtt.c.o
 *fill*         0x20002ecd        0x3 
 .bss.m_string_buff
                0x20002ed0       0x40 _build/nrf52832_xxaa/nrf_log_backend_rtt.c.o
 .bss.log_mempool_nrf_balloc_cb
                0x20002f10        0x8 _build/nrf52832_xxaa/nrf_log_frontend.c.o
 .bss.log_mempool_nrf_balloc_pool_mem
                0x20002f18       0xc0 _build/nrf52832_xxaa/nrf_log_frontend.c.o
 .bss.log_mempool_nrf_balloc_pool_stack
                0x20002fd8        0x8 _build/nrf52832_xxaa/nrf_log_frontend.c.o
 .bss.m_log_data
                0x20002fe0      0x424 _build/nrf52832_xxaa/nrf_log_frontend.c.o
 .bss.m_log_push_ringbuf_buf
                0x20003404       0x80 _build/nrf52832_xxaa/nrf_log_frontend.c.o
 .bss.m_log_push_ringbuf_cb
                0x20003484       0x18 _build/nrf52832_xxaa/nrf_log_frontend.c.o
 .bss.m_button_count
                0x2000349c        0x1 _build/nrf52832_xxaa/app_button.c.o
 *fill*         0x2000349d        0x3 
 .bss.m_detection_delay
                0x200034a0        0x4 _build/nrf52832_xxaa/app_button.c.o
 .bss.m_detection_delay_timer_id_data
                0x200034a4       0x20 _build/nrf52832_xxaa/app_button.c.o
 *fill*         0x200034c4        0x4 
 .bss.m_pin_state
                0x200034c8        0x8 _build/nrf52832_xxaa/app_button.c.o
 .bss.m_pin_transition
                0x200034d0        0x8 _build/nrf52832_xxaa/app_button.c.o
 .bss.mp_buttons
                0x200034d8        0x4 _build/nrf52832_xxaa/app_button.c.o
 .bss.m_op_queue
                0x200034dc      0x10c _build/nrf52832_xxaa/app_timer.c.o
 .bss.m_rtc1_reset
                0x200035e8        0x1 _build/nrf52832_xxaa/app_timer.c.o
 .bss.m_rtc1_running
                0x200035e9        0x1 _build/nrf52832_xxaa/app_timer.c.o
 *fill*         0x200035ea        0x2 
 .bss.m_ticks_elapsed
                0x200035ec        0x8 _build/nrf52832_xxaa/app_timer.c.o
 .bss.m_ticks_elapsed_q_read_ind
                0x200035f4        0x1 _build/nrf52832_xxaa/app_timer.c.o
 .bss.m_ticks_elapsed_q_write_ind
                0x200035f5        0x1 _build/nrf52832_xxaa/app_timer.c.o
 *fill*         0x200035f6        0x2 
 .bss.m_ticks_latest
                0x200035f8        0x4 _build/nrf52832_xxaa/app_timer.c.o
 .bss.mp_timer_id_head
                0x200035fc        0x4 _build/nrf52832_xxaa/app_timer.c.o
 .bss.m_event_handler
                0x20003600        0x4 _build/nrf52832_xxaa/app_uart_fifo.c.o
 .bss.m_rx_fifo
                0x20003604       0x10 _build/nrf52832_xxaa/app_uart_fifo.c.o
 .bss.m_rx_ovf  0x20003614        0x1 _build/nrf52832_xxaa/app_uart_fifo.c.o
 *fill*         0x20003615        0x3 
 .bss.m_tx_fifo
                0x20003618       0x10 _build/nrf52832_xxaa/app_uart_fifo.c.o
 .bss.rx_buffer
                0x20003628        0x1 _build/nrf52832_xxaa/app_uart_fifo.c.o
 *fill*         0x20003629        0x3 
 .bss.tx_buffer
                0x2000362c        0x1 _build/nrf52832_xxaa/app_uart_fifo.c.o
 *fill*         0x2000362d        0x3 
 .bss.m_handlers_iter
                0x20003630        0x8 _build/nrf52832_xxaa/nrf_pwr_mgmt.c.o
 .bss.m_pwr_mgmt_evt
                0x20003638        0x1 _build/nrf52832_xxaa/nrf_pwr_mgmt.c.o
 .bss.m_shutdown_started
                0x20003639        0x1 _build/nrf52832_xxaa/nrf_pwr_mgmt.c.o
 *fill*         0x2000363a        0x2 
 .bss.m_sysoff_mtx
                0x2000363c        0x4 _build/nrf52832_xxaa/nrf_pwr_mgmt.c.o
 .bss.m_clock_cb
                0x20003640       0x14 _build/nrf52832_xxaa/nrf_drv_clock.c.o
 .bss.m_contexts
                0x20003654        0x4 _build/nrf52832_xxaa/nrf_drv_uart.c.o
 .bss.m_handlers
                0x20003658        0x4 _build/nrf52832_xxaa/nrf_drv_uart.c.o
 .bss.m_clock_cb
                0x2000365c        0x8 _build/nrf52832_xxaa/nrfx_clock.c.o
 .bss.m_cb      0x20003664       0x5c _build/nrf52832_xxaa/nrfx_gpiote.c.o
 .bss.m_prs_box_4
                0x200036c0        0x8 _build/nrf52832_xxaa/nrfx_prs.c.o
 .bss.m_cb      0x200036c8       0x2c _build/nrf52832_xxaa/nrfx_uart.c.o
 .bss.m_cb      0x200036f4       0x24 _build/nrf52832_xxaa/nrfx_uarte.c.o
 .bss.current_long_push_pin_no.8616
                0x20003718        0x1 _build/nrf52832_xxaa/bsp.c.o
 .bss.m_alert_on
                0x20003719        0x1 _build/nrf52832_xxaa/bsp.c.o
 *fill*         0x2000371a        0x2 
 .bss.m_bsp_alert_tmr_data
                0x2000371c       0x20 _build/nrf52832_xxaa/bsp.c.o
 .bss.m_bsp_button_tmr_data
                0x2000373c       0x20 _build/nrf52832_xxaa/bsp.c.o
 .bss.m_bsp_leds_tmr_data
                0x2000375c       0x20 _build/nrf52832_xxaa/bsp.c.o
 .bss.m_events_list
                0x2000377c        0xc _build/nrf52832_xxaa/bsp.c.o
 .bss.m_indication_type
                0x20003788        0x4 _build/nrf52832_xxaa/bsp.c.o
 .bss.m_leds_clear
                0x2000378c        0x1 _build/nrf52832_xxaa/bsp.c.o
 *fill*         0x2000378d        0x3 
 .bss.m_registered_callback
                0x20003790        0x4 _build/nrf52832_xxaa/bsp.c.o
 .bss.m_stable_state
                0x20003794        0x1 _build/nrf52832_xxaa/bsp.c.o
 *fill*         0x20003795        0x3 
 .bss.release_event_at_push.8617
                0x20003798        0x4 _build/nrf52832_xxaa/bsp.c.o
 .bss.m_error_handler
                0x2000379c        0x4 _build/nrf52832_xxaa/bsp_btn_ble.c.o
 .bss.m_num_connections
                0x200037a0        0x4 _build/nrf52832_xxaa/bsp_btn_ble.c.o
 .bss.data_array.11057
                0x200037a4       0xf4 _build/nrf52832_xxaa/main.c.o
 .bss.index.11058
                0x20003898        0x2 _build/nrf52832_xxaa/main.c.o
 *fill*         0x2000389a        0x2 
 .bss.m_ble_nus_c
                0x2000389c       0x10 _build/nrf52832_xxaa/main.c.o
 .bss.m_gatt    0x200038ac       0x14 _build/nrf52832_xxaa/main.c.o
 .bss.m_scan    0x200038c0       0x50 _build/nrf52832_xxaa/main.c.o
 .bss.rx_buf.11148
                0x20003910      0x100 _build/nrf52832_xxaa/main.c.o
 .bss.tx_buf.11149
                0x20003a10      0x100 _build/nrf52832_xxaa/main.c.o
 .bss._acDownBuffer
                0x20003b10       0x10 _build/nrf52832_xxaa/SEGGER_RTT.c.o
 .bss._acUpBuffer
                0x20003b20      0x200 _build/nrf52832_xxaa/SEGGER_RTT.c.o
 .bss.m_evt_handler
                0x20003d20        0x4 _build/nrf52832_xxaa/ble_db_discovery.c.o
 .bss.m_initialized
                0x20003d24        0x1 _build/nrf52832_xxaa/ble_db_discovery.c.o
 *fill*         0x20003d25        0x3 
 .bss.m_num_of_handlers_reg
                0x20003d28        0x4 _build/nrf52832_xxaa/ble_db_discovery.c.o
 .bss.m_pending_user_evts
                0x20003d2c      0x300 _build/nrf52832_xxaa/ble_db_discovery.c.o
 .bss.m_pending_usr_evt_index
                0x2000402c        0x4 _build/nrf52832_xxaa/ble_db_discovery.c.o
 .bss.m_registered_handlers
                0x20004030       0x18 _build/nrf52832_xxaa/ble_db_discovery.c.o
 .bss.m_nrf_sdh_continue
                0x20004048        0x1 _build/nrf52832_xxaa/nrf_sdh.c.o
 .bss.m_nrf_sdh_enabled
                0x20004049        0x1 _build/nrf52832_xxaa/nrf_sdh.c.o
 .bss.m_nrf_sdh_suspended
                0x2000404a        0x1 _build/nrf52832_xxaa/nrf_sdh.c.o
 .bss.m_stack_is_enabled
                0x2000404b        0x1 _build/nrf52832_xxaa/nrf_sdh_ble.c.o
 .bss.__malloc_free_list
                0x2000404c        0x4 c:/program files (x86)/gnu tools arm embedded/6 2017-q2-update/bin/../lib/gcc/arm-none-eabi/6.3.1/../../../../arm-none-eabi/lib/thumb/v7e-m/fpv4-sp/hard\libc_nano.a(lib_a-nano-mallocr.o)
                0x2000404c                __malloc_free_list
 .bss.__malloc_sbrk_start
                0x20004050        0x4 c:/program files (x86)/gnu tools arm embedded/6 2017-q2-update/bin/../lib/gcc/arm-none-eabi/6.3.1/../../../../arm-none-eabi/lib/thumb/v7e-m/fpv4-sp/hard\libc_nano.a(lib_a-nano-mallocr.o)
                0x20004050                __malloc_sbrk_start
 .bss.heap_end.5239
                0x20004054        0x4 c:/program files (x86)/gnu tools arm embedded/6 2017-q2-update/bin/../lib/gcc/arm-none-eabi/6.3.1/../../../../arm-none-eabi/lib/thumb/v7e-m/fpv4-sp/hard\libnosys.a(sbrk.o)
 *(COMMON)
 COMMON         0x20004058        0xc _build/nrf52832_xxaa/app_util_platform.c.o
                0x20004058                nrf_nvic_state
 COMMON         0x20004064        0x1 _build/nrf52832_xxaa/nrf_drv_uart.c.o
                0x20004064                nrf_drv_uart_use_easy_dma
 *fill*         0x20004065        0x3 
 COMMON         0x20004068       0x78 _build/nrf52832_xxaa/SEGGER_RTT.c.o
                0x20004068                _SEGGER_RTT
 COMMON         0x200040e0        0x4 c:/program files (x86)/gnu tools arm embedded/6 2017-q2-update/bin/../lib/gcc/arm-none-eabi/6.3.1/../../../../arm-none-eabi/lib/thumb/v7e-m/fpv4-sp/hard\libc_nano.a(lib_a-reent.o)
                0x200040e0                errno
                0x200040e4                . = ALIGN (0x4)
                0x200040e4                __bss_end__ = .

.heap           0x200040e8     0x2000
                0x200040e8                __HeapBase = .
                0x200040e8                __end__ = .
                0x200040e8                PROVIDE (end, .)
 *(.heap*)
 .heap          0x200040e8     0x2000 _build/nrf52832_xxaa/gcc_startup_nrf52.S.o
                0x200060e8                __HeapLimit = .

.stack_dummy    0x200040e8     0x2000
 *(.stack*)
 .stack         0x200040e8     0x2000 _build/nrf52832_xxaa/gcc_startup_nrf52.S.o
                0x20010000                __StackTop = (ORIGIN (RAM) + LENGTH (RAM))
                0x2000e000                __StackLimit = (__StackTop - SIZEOF (.stack_dummy))
                0x20010000                PROVIDE (__stack, __StackTop)
                0x00000001                ASSERT ((__StackLimit >= __HeapLimit), region RAM overflowed with stack)
                0x000004d0                DataInitFlashUsed = (__bss_start__ - __data_start__)
                0x00009a14                CodeFlashUsed = (__etext - ORIGIN (FLASH))
                0x00009ee4                TotalFlashUsed = (CodeFlashUsed + DataInitFlashUsed)
                0x00000001                ASSERT ((TotalFlashUsed <= LENGTH (FLASH)), region FLASH overflowed with .data and user data)
OUTPUT(_build/nrf52832_xxaa.out elf32-littlearm)

.ARM.attributes
                0x00000000       0x30
 .ARM.attributes
                0x00000000       0x22 c:/program files (x86)/gnu tools arm embedded/6 2017-q2-update/bin/../lib/gcc/arm-none-eabi/6.3.1/thumb/v7e-m/fpv4-sp/hard/crti.o
 .ARM.attributes
                0x00000022       0x34 c:/program files (x86)/gnu tools arm embedded/6 2017-q2-update/bin/../lib/gcc/arm-none-eabi/6.3.1/thumb/v7e-m/fpv4-sp/hard/crtbegin.o
 .ARM.attributes
                0x00000056       0x20 c:/program files (x86)/gnu tools arm embedded/6 2017-q2-update/bin/../lib/gcc/arm-none-eabi/6.3.1/../../../../arm-none-eabi/lib/thumb/v7e-m/fpv4-sp/hard/crt0.o
 .ARM.attributes
                0x00000076       0x20 _build/nrf52832_xxaa/gcc_startup_nrf52.S.o
 .ARM.attributes
                0x00000096       0x39 _build/nrf52832_xxaa/nrf_log_backend_rtt.c.o
 .ARM.attributes
                0x000000cf       0x39 _build/nrf52832_xxaa/nrf_log_backend_serial.c.o
 .ARM.attributes
                0x00000108       0x39 _build/nrf52832_xxaa/nrf_log_default_backends.c.o
 .ARM.attributes
                0x00000141       0x39 _build/nrf52832_xxaa/nrf_log_frontend.c.o
 .ARM.attributes
                0x0000017a       0x39 _build/nrf52832_xxaa/nrf_log_str_formatter.c.o
 .ARM.attributes
                0x000001b3       0x39 _build/nrf52832_xxaa/app_button.c.o
 .ARM.attributes
                0x000001ec       0x39 _build/nrf52832_xxaa/app_error.c.o
 .ARM.attributes
                0x00000225       0x39 _build/nrf52832_xxaa/app_error_weak.c.o
 .ARM.attributes
                0x0000025e       0x39 _build/nrf52832_xxaa/app_fifo.c.o
 .ARM.attributes
                0x00000297       0x39 _build/nrf52832_xxaa/app_timer.c.o
 .ARM.attributes
                0x000002d0       0x39 _build/nrf52832_xxaa/app_uart_fifo.c.o
 .ARM.attributes
                0x00000309       0x39 _build/nrf52832_xxaa/app_util_platform.c.o
 .ARM.attributes
                0x00000342       0x39 _build/nrf52832_xxaa/nrf_atomic.c.o
 .ARM.attributes
                0x0000037b       0x39 _build/nrf52832_xxaa/nrf_balloc.c.o
 .ARM.attributes
                0x000003b4       0x39 _build/nrf52832_xxaa/nrf_fprintf.c.o
 .ARM.attributes
                0x000003ed       0x39 _build/nrf52832_xxaa/nrf_fprintf_format.c.o
 .ARM.attributes
                0x00000426       0x39 _build/nrf52832_xxaa/nrf_memobj.c.o
 .ARM.attributes
                0x0000045f       0x39 _build/nrf52832_xxaa/nrf_pwr_mgmt.c.o
 .ARM.attributes
                0x00000498       0x39 _build/nrf52832_xxaa/nrf_ringbuf.c.o
 .ARM.attributes
                0x000004d1       0x39 _build/nrf52832_xxaa/nrf_section_iter.c.o
 .ARM.attributes
                0x0000050a       0x39 _build/nrf52832_xxaa/nrf_strerror.c.o
 .ARM.attributes
                0x00000543       0x39 _build/nrf52832_xxaa/retarget.c.o
 .ARM.attributes
                0x0000057c       0x39 _build/nrf52832_xxaa/system_nrf52.c.o
 .ARM.attributes
                0x000005b5       0x39 _build/nrf52832_xxaa/boards.c.o
 .ARM.attributes
                0x000005ee       0x39 _build/nrf52832_xxaa/nrf_drv_clock.c.o
 .ARM.attributes
                0x00000627       0x39 _build/nrf52832_xxaa/nrf_drv_uart.c.o
 .ARM.attributes
                0x00000660       0x39 _build/nrf52832_xxaa/nrfx_clock.c.o
 .ARM.attributes
                0x00000699       0x39 _build/nrf52832_xxaa/nrfx_gpiote.c.o
 .ARM.attributes
                0x000006d2       0x39 _build/nrf52832_xxaa/nrfx_prs.c.o
 .ARM.attributes
                0x0000070b       0x39 _build/nrf52832_xxaa/nrfx_uart.c.o
 .ARM.attributes
                0x00000744       0x39 _build/nrf52832_xxaa/nrfx_uarte.c.o
 .ARM.attributes
                0x0000077d       0x39 _build/nrf52832_xxaa/bsp.c.o
 .ARM.attributes
                0x000007b6       0x39 _build/nrf52832_xxaa/bsp_btn_ble.c.o
 .ARM.attributes
                0x000007ef       0x39 _build/nrf52832_xxaa/main.c.o
 .ARM.attributes
                0x00000828       0x39 _build/nrf52832_xxaa/SEGGER_RTT.c.o
 .ARM.attributes
                0x00000861       0x39 _build/nrf52832_xxaa/ble_advdata.c.o
 .ARM.attributes
                0x0000089a       0x39 _build/nrf52832_xxaa/ble_db_discovery.c.o
 .ARM.attributes
                0x000008d3       0x39 _build/nrf52832_xxaa/nrf_ble_gatt.c.o
 .ARM.attributes
                0x0000090c       0x39 _build/nrf52832_xxaa/nrf_ble_scan.c.o
 .ARM.attributes
                0x00000945       0x39 _build/nrf52832_xxaa/ble_nus_c.c.o
 .ARM.attributes
                0x0000097e       0x39 _build/nrf52832_xxaa/nrf_sdh.c.o
 .ARM.attributes
                0x000009b7       0x39 _build/nrf52832_xxaa/nrf_sdh_ble.c.o
 .ARM.attributes
                0x000009f0       0x39 _build/nrf52832_xxaa/nrf_sdh_soc.c.o
 .ARM.attributes
                0x00000a29       0x34 c:/program files (x86)/gnu tools arm embedded/6 2017-q2-update/bin/../lib/gcc/arm-none-eabi/6.3.1/../../../../arm-none-eabi/lib/thumb/v7e-m/fpv4-sp/hard\libc_nano.a(lib_a-exit.o)
 .ARM.attributes
                0x00000a5d       0x34 c:/program files (x86)/gnu tools arm embedded/6 2017-q2-update/bin/../lib/gcc/arm-none-eabi/6.3.1/../../../../arm-none-eabi/lib/thumb/v7e-m/fpv4-sp/hard\libc_nano.a(lib_a-impure.o)
 .ARM.attributes
                0x00000a91       0x34 c:/program files (x86)/gnu tools arm embedded/6 2017-q2-update/bin/../lib/gcc/arm-none-eabi/6.3.1/../../../../arm-none-eabi/lib/thumb/v7e-m/fpv4-sp/hard\libc_nano.a(lib_a-init.o)
 .ARM.attributes
                0x00000ac5       0x34 c:/program files (x86)/gnu tools arm embedded/6 2017-q2-update/bin/../lib/gcc/arm-none-eabi/6.3.1/../../../../arm-none-eabi/lib/thumb/v7e-m/fpv4-sp/hard\libc_nano.a(lib_a-locale.o)
 .ARM.attributes
                0x00000af9       0x34 c:/program files (x86)/gnu tools arm embedded/6 2017-q2-update/bin/../lib/gcc/arm-none-eabi/6.3.1/../../../../arm-none-eabi/lib/thumb/v7e-m/fpv4-sp/hard\libc_nano.a(lib_a-mbtowc_r.o)
 .ARM.attributes
                0x00000b2d       0x34 c:/program files (x86)/gnu tools arm embedded/6 2017-q2-update/bin/../lib/gcc/arm-none-eabi/6.3.1/../../../../arm-none-eabi/lib/thumb/v7e-m/fpv4-sp/hard\libc_nano.a(lib_a-memcmp.o)
 .ARM.attributes
                0x00000b61       0x34 c:/program files (x86)/gnu tools arm embedded/6 2017-q2-update/bin/../lib/gcc/arm-none-eabi/6.3.1/../../../../arm-none-eabi/lib/thumb/v7e-m/fpv4-sp/hard\libc_nano.a(lib_a-memcpy-stub.o)
 .ARM.attributes
                0x00000b95       0x34 c:/program files (x86)/gnu tools arm embedded/6 2017-q2-update/bin/../lib/gcc/arm-none-eabi/6.3.1/../../../../arm-none-eabi/lib/thumb/v7e-m/fpv4-sp/hard\libc_nano.a(lib_a-memset.o)
 .ARM.attributes
                0x00000bc9       0x34 c:/program files (x86)/gnu tools arm embedded/6 2017-q2-update/bin/../lib/gcc/arm-none-eabi/6.3.1/../../../../arm-none-eabi/lib/thumb/v7e-m/fpv4-sp/hard\libc_nano.a(lib_a-printf.o)
 .ARM.attributes
                0x00000bfd       0x34 c:/program files (x86)/gnu tools arm embedded/6 2017-q2-update/bin/../lib/gcc/arm-none-eabi/6.3.1/../../../../arm-none-eabi/lib/thumb/v7e-m/fpv4-sp/hard\libc_nano.a(lib_a-strcpy.o)
 .ARM.attributes
                0x00000c31       0x1b c:/program files (x86)/gnu tools arm embedded/6 2017-q2-update/bin/../lib/gcc/arm-none-eabi/6.3.1/../../../../arm-none-eabi/lib/thumb/v7e-m/fpv4-sp/hard\libc_nano.a(lib_a-strlen.o)
 .ARM.attributes
                0x00000c4c       0x34 c:/program files (x86)/gnu tools arm embedded/6 2017-q2-update/bin/../lib/gcc/arm-none-eabi/6.3.1/../../../../arm-none-eabi/lib/thumb/v7e-m/fpv4-sp/hard\libc_nano.a(lib_a-wctomb_r.o)
 .ARM.attributes
                0x00000c80       0x34 c:/program files (x86)/gnu tools arm embedded/6 2017-q2-update/bin/../lib/gcc/arm-none-eabi/6.3.1/../../../../arm-none-eabi/lib/thumb/v7e-m/fpv4-sp/hard\libc_nano.a(lib_a-ctype_.o)
 .ARM.attributes
                0x00000cb4       0x34 c:/program files (x86)/gnu tools arm embedded/6 2017-q2-update/bin/../lib/gcc/arm-none-eabi/6.3.1/../../../../arm-none-eabi/lib/thumb/v7e-m/fpv4-sp/hard\libc_nano.a(lib_a-findfp.o)
 .ARM.attributes
                0x00000ce8       0x34 c:/program files (x86)/gnu tools arm embedded/6 2017-q2-update/bin/../lib/gcc/arm-none-eabi/6.3.1/../../../../arm-none-eabi/lib/thumb/v7e-m/fpv4-sp/hard\libc_nano.a(lib_a-fwalk.o)
 .ARM.attributes
                0x00000d1c       0x34 c:/program files (x86)/gnu tools arm embedded/6 2017-q2-update/bin/../lib/gcc/arm-none-eabi/6.3.1/../../../../arm-none-eabi/lib/thumb/v7e-m/fpv4-sp/hard\libc_nano.a(lib_a-nano-mallocr.o)
 .ARM.attributes
                0x00000d50       0x34 c:/program files (x86)/gnu tools arm embedded/6 2017-q2-update/bin/../lib/gcc/arm-none-eabi/6.3.1/../../../../arm-none-eabi/lib/thumb/v7e-m/fpv4-sp/hard\libc_nano.a(lib_a-nano-vfprintf.o)
 .ARM.attributes
                0x00000d84       0x34 c:/program files (x86)/gnu tools arm embedded/6 2017-q2-update/bin/../lib/gcc/arm-none-eabi/6.3.1/../../../../arm-none-eabi/lib/thumb/v7e-m/fpv4-sp/hard\libc_nano.a(lib_a-nano-vfprintf_i.o)
 .ARM.attributes
                0x00000db8       0x34 c:/program files (x86)/gnu tools arm embedded/6 2017-q2-update/bin/../lib/gcc/arm-none-eabi/6.3.1/../../../../arm-none-eabi/lib/thumb/v7e-m/fpv4-sp/hard\libc_nano.a(lib_a-sbrkr.o)
 .ARM.attributes
                0x00000dec       0x34 c:/program files (x86)/gnu tools arm embedded/6 2017-q2-update/bin/../lib/gcc/arm-none-eabi/6.3.1/../../../../arm-none-eabi/lib/thumb/v7e-m/fpv4-sp/hard\libc_nano.a(lib_a-stdio.o)
 .ARM.attributes
                0x00000e20       0x34 c:/program files (x86)/gnu tools arm embedded/6 2017-q2-update/bin/../lib/gcc/arm-none-eabi/6.3.1/../../../../arm-none-eabi/lib/thumb/v7e-m/fpv4-sp/hard\libc_nano.a(lib_a-wbuf.o)
 .ARM.attributes
                0x00000e54       0x34 c:/program files (x86)/gnu tools arm embedded/6 2017-q2-update/bin/../lib/gcc/arm-none-eabi/6.3.1/../../../../arm-none-eabi/lib/thumb/v7e-m/fpv4-sp/hard\libc_nano.a(lib_a-writer.o)
 .ARM.attributes